the participants discussed the government 's response to the coronavirus .
participants expressed concern over a variety of matters that ranged from welfare transfers to protecting small businesses .
the prime minister was questioned on alleged fraud in the distribution of pandemic relief funds .
the participants were also concerned about government handling of business loans during the pandemic and the lack of statistics around the pandemic .
a lot of the meeting 's attention was paid to seasonal industries , like tourism and fishing , which had been served a major blow by the pandemic .
some participants also expressed concern about the distribution of funds and resources to vulnerable populations , like students and the elderly .
aside from the pandemic , some participants were concerned about the impact of recent gun control legislation .
