bethan owen took cardiff university as an example and he believed that in the short term , the reserves of cardiff would appear as though they have significant cash balances .
however , the investing was much restricted and it could not be a long-term solution towards the serious financial stress .
to help with this process as well as monitoring the regulated approaches , the government received forecasts , around five-year forecasts which indicated that , for 2018-19 , there would be a sector that was roughly in a break-even position , since the income was not increasing , which was the biggest problem .
but luckily , they were not likely to lose any of the universities .
