angela burns am shared with the findings from multiple representations from students and brought up the concerns of the consistency of funding .
dr david blaney commented that causing a run was a serious consideration and it was a legal obligation to meet the commitments .
so the current structural change would not equal that certain offshoots or divisions might close since the oversight and monitoring , the governments ' primary consideration was always the interest of the students .
unless there was a suitable solution to all , material uncertainty for students should not be brought up .
