dr david blaney suggested that machinery of monitoring depended on having a body like hefcw to connect different parts .
also as hefin david am pointed out that people always made the difference in different cultures and external opinions were a plus .
although opinions from student representation , staff representation , and other typically union reps who were included by the governing bodies spilt , they could , in the end , work it out properly .
