to answer hefin david am 's question , dr david blaney suggested that the government was seeing an increased risk profile in the sector in wales , and it was mainly about the financial pressures .
since the amount of funding was always going to be under pressure , as there was a demographic dip and there were the other contextual factors , there would be more universities entering the high-risk category .
dr david blaney concluded that the government would not guarantee 100 per cent accuracy of the process .
