to start with , bethan owen first pointed out that figures showed that the percentage of income that had come from research in wales was smaller than that in england , so the welsh universities were receiving less of the money that was available , which was a factor that resulted from having less qr as a percentage .
to tackle this issue , the government had provided funding in 2017-18 and 2018-19 to wiserd education , which was a research collaboration between a number of the welsh universities , specifically looking at educational issues .
however , it was still early to see how allocation for 2019-20 would work .
