dr david blaney suggested that the main challenge was finding the money .
although there was an additional £6.6 million allocated for research very recently by the government , that was not sustainable and certainly not enough .
also , the welsh government had recently issued their own vision for research and innovation and more investment in the welsh research base would make the welsh universities be more competitive in accessing funding at a uk level .
