although there were no exact figures , they had seen over recent years that they were only recruiting to about 65 percent of targets .
it was partially due to the financial incentives , but that was not all of the problems .
because this issue was not only in wales , but a common issue in all over the world .
for example , in england , despite higher financial incentives to join ite courses , people still were not getting onto those courses .
to solve this problem , they had taken several steps including making sure their ite provision was world class , embarking on the first national ite recruitment marketing exercise , etc .
in this process , llyr gruffydd had a doubt that the level of ambition did not reflect the level of action that was needed actually .
kirsty williams responded that different statistics told different stories .
they obviously understood there were many steps they had to take , but they were trying instead of just sitting back and waiting .
