even though there was no specific figure that could be provided , they had only been recruiting about 65 percent of targets.therefore , there was a lot of work they have to do about this .
first , they were making sure that their ite provision was world class , and recently they were through an accreditation process for a new ite provision that would start in the next academic year .
second , they had looked at financial incentives.third , they were embarking on their first national ite recruitment marketing exercise .
kirsty williams mentioned that this was not a unique issue in wales , but a common issue across the globe .
money was not the only reason that prevented people from getting onto these courses .
what 's more , from next year , they would be going to have their unique part-time pgce route into qualification , which allowed people to bring their outside world experience into teaching , and this could increase the diversity in their teaching workforce .
