first , kirsty williams said the figures on their own would tell one story .
if looking at qualifiers of ite scores in wales by degree type , a trend of numbers going up appeared .
both of them were statistics and it depended on which one you look at .
they absolutely understood that there was a lot of work needing to be done , and that was why they had the evaluation of provision in ite and they would be taking that ambition forward .
they were not sitting back and just waiting .
they were actually taking steps .
