kirsty williams thought this process was independent of the government , and it would not be very appropriate to comment on it .
from the very outset of their ite reforms , they had made it clear that they expected very high standards in the ite system , but this process was independent of the government .
more specifically with the concern of the impact on students and staff , kirsty williams mentioned that this would be a responsibility of university of south wales itself .
