kirsty williams said there was a significant geographic spread with their current providers currently .
they thought for some students , accessibility was an issue , and that was why they were responding with their part-time pgce route , which actually would be located neutral .
therefore , if geographical disadvantages were stopping somebody from pursuing a career aspiration to qualify as a teacher , the new part-time pgce would allow them to do this .
