kirsty williams firstly proposed that the main goal he would like to pursue was a healthy , strong and sustainable he sector .
they did not pursue or urge a policy of mergers , but they welcomed the mergers , if this was beneficial for individual institutions .
hefin david proposed that was in contrast with the predecessors , and talked about the situation when cardiff metropolitan university was under pressure from the previous minister to merge with the university of glamorgan and newport .
kirsty williams thought they needed to look at the future instead of looking at the past .
they had a strong institution in cardiff met now .
however , it was obvious that they got to learn some lessons from that process .
