kirsty williams said he was in favor of a healthy , strong and sustainable he sector .
if individual institutions wish to collaborate , that was a matter for themselves .
they did not pursue or urge a policy of mergers , but if individual institutions felt that was of benefit to them and their students , they would have an interest in that and make sure that they were robust plans .
