the prime minister clarified that while young people are in need of funds , especially due to loss of income over the summer , they are also in need of work experience .
the government would start providing the canada emergency student benefit which will assist in this by making both jobs and money available .
