dawn bowden proposed the topic of pay dispute and asked what could be done as a government to try to get parties back round the table and solve this dispute .
eluned morgan thought this was about colegaucymru 's negotiation , and they were keeping a close eye on this situation .
eluned morgan thought it would be fair to wait until they get further along down the line .
then eluned morgan had a detailed explanation about what they had done , including listening and speaking to colegaucymru , and they were aware of what the unions were saying as well .
furthermore , eluned morgan said they would wish to see pay equality in relation to teaching , but details in relation to this should be waited until the outcome of the negotiations of colegaucymru .
they were aware of all those situations and they knew they were going to have to deal with it in the future .
