eluned morgan agreed with dawn bowden that this was about colegaucymru 's negotiation .
they would keep a close eye on this situation , but they would wait for the outcome of the negotiations of colegaucymru before they take any serious steps .
they had listened and spoken to colegaucymru and were aware of what the unions were saying .
however , at this point , they had no idea where the settlement was likely to fall .
