eluned morgan said that they would wish to see pay equality in relation to teaching .
as for whether all staff should get the increase or only teaching staff but not non-teaching staff , eluned morgan thought this should be up to colegaucymru to negotiate and to discuss , and they should wait for their outcomes .
