this meeting was about the welsh government 's childcare offer .
during the whole process , huw irranca-davies , jo-anne daniels , and owain lloyd answered questions given.the first topic was about the situation of early implementer local authority areas , mentioning what it had learned and the burden they had met .
turning to the childcare offer itself , huw irranca-davies answered several questions regarding its quality and growth .
next , hourly rates of the service and workforce capacity had been emphasized , followed by the discussion of public policy .
moreover , the meeting talked about the impact on children as well as school readiness .
the last part was mainly about the assessment of the income levels of each family .
