huw irranca-davies said the process of early implementer areas had gone well and were encouraged to expand .
two things had been learned during this process by their team .
to respond to the questioner , huw irranca-davies then further explained the administrative burden they met and expressed a confident attitude in addressing that .
the next question answered was about the spread issue of this project .
