huw irranca-davies first talked about the registration of grandparents .
next , huw irranca-davies denied the statement that wales has the most fragile childcare sector in britain , pointing out that childcare offers can make the section more resilient and robust .
to continue , huw irranca-davies mentioned that there would be capacity growth in the next several years to deliver the product .
