huw irranca-davies emphasized that the focus was on registered licensed providers , for the childcare offer wanted to have a higher quality and provided wider aspects than single childcare .
but some grandparents had been registered , licensed , and inspected and they looked after both their grandchildren and other people 's children in a little group .
