bains said that the government has been accommodating of small businesses in the past and it will continue to do so .
the government has increased the threshold for individual companies and looks forward to making further adjustments .
bains emphasized that 590,000 loans have already been distributed through the ceba program , highlighting its efficacy .
