huw irranca-davies thought there would be capacity growth in the next two to three years to deliver the product .
the confidence was constructed by the development of roll-out , in which the team was learning live time .
moreover , there was a separate fund into cycle meithrin to address the issue of the welsh language .
