new pilots in cardiff and newport would start in september .
this was to learn the experiences of the high-cost areas .
if it was shown that the rate in these areas was more expensive , then the team would come back and discuss it with the committee .
but huw irranca-davies emphasized that the project should start first , rather than assuming a higher rate necessary .
