vaughan gething pointed out that due to the school lockdown , children as well as their parents would face difficulties at home learning and social-contacting .
in case they would suffer from potential mental health problems , the government have to carry out a mental health recovery plan .
sian gwenllian then mentioned that the camhs , as well as all the schools , should follow up the mental states of children and offer telephone and online support .
