when it comes to continuing mental health service during the lockdown , vaughan gething insisted that it was of great necessity to carry out a mental health recovery plan that with such a system , government can ensure the children could enjoy a healthy mental state during the school lockdown .
however , at present they had not yet finished a detailed research in this job for that they were still under the cooperation with health boards to get a whole perspective of the situation .
