when talking about the evaluations on the increasing suicide crimes during the covid-19 , vaughan gething said that in order to prevent more tragedies , they had been offering mental health care for the people .
even if most public service had to be shut down during the outbreak , the staff at the crisis help continued to be available .
in addition , they had a seven-day-a-week crisis care , which they hoped that could also be a long-term service to help people in need even after this particular period .
