besides the crisis care , vaughan gething also claimed that they did not stop the perinatal mental health service either .
however , there were still some problems .
for example , because of the shut down of many public services , there might be not enough inpatient care for the pregnant , and less women were willing to resort to such service during the outbreak .
therefore , apart from providing enough inpatient care like the hospital beds , they would also pay attention to how to encourage the mothers to enjoy their service .
