when discussing the priority to take care of the vulnerable children , julie morgan mentioned that they would set out an expanded definition for the local authorities to have a clear idea about who and where to lay the stress .
what 's more , according to her claim , they had done a good job to guarantee that the children 's mental states would be individually monitored .
as for those staff who would monitor the children , they should hold a meeting every week to follow up with each other and check whether there occurred something new worth attention .
