according to julie morgan , the group had been in close cooperation with the fostering organizations in welsh to guarantee the children in need .
to people 's relief , the fostering organizations were running well with enough staff and equipment during the pandemic so that the children could enjoy good care there .
what 's more , the fostering organizations prolonged their helpline time in case some emergencies would happen .
other support measures , say , the fund for the foster carers , would be followed up .
