when discussing the evaluations on the legitimacy of the children 's rights , protection and demands , julie morgan mentioned that they had carried out an online survey to look into the children 's thoughts and demands over the pandemic.the survey involved what did the children do through the lockdown , what they thought about the measures that welsh government and their schools had taken , and whether they were looking for the reschooling .
with those questions , the group was meant to have a more overall idea of the children 's rights and demands in order to care for them better during this period .
