when it comes to the evaluations on the legitimacy of the children 's rights , protection and demands , nicola edwards mentioned that they had been working on the coronavirus act to see if they could ease some of the statutory requirements , further helping the childcare and education affairs in the future .
then albert heaney went on to elaborate that it was because that they were not meant to include any easements in children 's social services at first , however , it was obvious at present that at least for those carers , they had to break the law of social distance to keep looking after the children in need .
therefore , they were calling for the possibility of losing the law for those who did have something to do with childcare and education .
