bains said that the threshold for the program had been lowered to a 15 % decline in revenue from a 30 % decline .
businesses will also be able to compare losses to more recent time periods due to greater flexibility .
bain clarified that the government is listening to businesses and recognizes its need to be agile .
