the meeting basically discussed the crisis across canada amidst the pandemic .
the opposition party questioned the ministers for responding late to the situation , and the financial support was not given to those who were really in need .
the ministers promised that they were trying to reach out to as many companies as possible and the opposition party was not very satisfied with the answer .
canada 's economy was heavily stricken by the pandemic and the opposition party was prompting the ministers to roll out several measures .
last but not least , they stressed on the long-term care issue , and the ministers promised that they were paying attention to it .
