in response to the opposition party , the prime minister answered that the government rolled out the canada emergency response benefit extremely quickly , and they had been helping the small businesses with the canada emergency business account .
the opposition party was not very satisfied because he thought that the government did not reach out to as many businesses as possible .
also , the opposition party made a few comments on the rent relief program which was too rigid and hard to apply .
