the prime minister explained that the government recognized that several organizations and companies were facing difficulties because of covid-19 and they were supporting people all over the country through that program .
although the opposition party was getting rigorous about the intensity of the question , the prime minister kept emphasizing that the government 's priority had always been workers in difficulty so that they do not lose their jobs .
this applied to all organizations and companies in the country to the extent possible .
