the opposition party questioned about sending military groups to provinces in order to fix long-term care .
the prime minister answered that the government needed to make sure seniors across the country were properly cared for , and they sent in the military to help the provinces .
the opposition party also questioned about applying the national standards so that long-term care was governed by the same principles as the canada health act .
the prime minister elaborated that due the covid-19 , pushing the project had become extremely difficult .
