the opposition party claimed that the minister of digital government has been promoting a fundraising campaign to sue global news for their story criticizing the chinese communist party , and the opposition party thought the minister was supporting the communist party of china and threatening our media and freedom of expression .
the minister explained that community outreach was a very important part of the work of a member of parliament and wechat was one of many social media sites regularly used by members , and the minister did not share any personal views on wechat .
