the opposition party claimed that the supply chain in canada amidst the pandemic was not stable enough and the government was not doing anything .
the minister explained that they would continue to work with countries around the globe to ensure that canada 's supply chains and those global supply chains , particularly for essential goods , for agricultural products , for medical supplies , would continue to remain open .
