the opposition party claimed that china was procuring and hoarding ppe during january .
and in april , the minister stated there were not enough supplies in the national emergency stockpile .
the opposition party was triggered by the fact that the minister approved a donation of 16 tonnes of ppe for china on january 31 , claiming it would not compromise the country 's supply .
the minister explained that the government was doing so because they had multiple complementary supply chains operating at the same time for ppe production .
