the opposition party claimed that the government had been providing financial support to companies such as air canada , which did not pay a single cent in tax nor did it use the money to reimburse customers .
the minister explained that the government did not bias against any company , , and it was thought that it was very important to protect employees in every sector of the economy and across canada.the fight against tax evasion was a priority for the government .
the minister promised that they would continue to target companies that use tax evasion schemes .
