the opposition party claimed that people across canada were appalled by the situation in care homes which left seniors suffering .
the minister explained that the government was fully aware of the situation .
the minister promised that they would fully play their role federal level with advice , with guidance , with support and with investments .
they were going to have those conversations about how best they can improve the care for all seniors .
