the opposition party claimed that the seniors care crisis was a national problem , and the federal government was not taking immediate response .
the opposition party pointed out that these failures were the product of systemic neglect.the minister replied that they were fully aware that in long-term care facilities both seniors and persons living with a disability face unique challenges .
and considering the severity of this report , the federal government promptly shared it with the province of ontario , and the province of ontario has initiated an investigation based on the report 's findings .
