dr david blaney introduced that the first was the impact of the demographic dip of 18-year-olds and as a result there was an increased pension cost generally .
second , current uncertainty also came as a result of the political environment like the augar review in england and brexit .
this might deepen the funding gap .
third , due to the political decision to invest in students , universities were faced with challenges of providing more services under limited funding .
