user interface and industrial designer drawn dolphin and pig , which the two animals have smart and easy-to-draw features .
marketing suggested a horse and project manager thought they should design a remote control that 's water resistant , strong and furry .
also he mentioned that remote control will be priced at 25 euros and aimed to earn a revenue of fifty million euros .
therefore , project manager encouraged teammates to reflect on experience when designing its function and format .
