marketing thought that the basic layout was mundane but the voice recognition was brilliant .
user interface added that it did not have the digits but had all the features a normal remote control had .
industrial designer agreed but pointed out that they just design the best product within their capacity .
project agreed and concluded that it was of high quality but low acceptance .
