user interface introduced a remote control easy to use and a multi-functional one and preferred the former as it was more user-friendly .
industrial designer agreed and proposed that a stick or round button for volume control and channel selection could be used and also suggested that the ten digits could be substituted by voice recognition .
