industrial designer introduced how the remote control worked and supposed that they should use infrared so that the remote control could communicate with most tv sets .
he also proposed to use energy-friendly components and save the cost of circuit boards to develop elaborate lighting techniques .
in order to prevent people from losing the remote control , the team decided to implement an audio signal .
in terms of energy source , the team preferred to have a cradle so that the remote control could be recharged .
