marketing summarized the user requirements according to the market reports .
users expected a fancy look , technological innovation , and minimization of repetitive strain injury .
the team did a preliminary rating using a seven-point scale .
the results were that the remote control 's fashion style and location function were most highly rated , but the team was not satisfied enough with the minimization of repetitive strain injury .
the team agreed on further modifications to the current prototype .
