marketing initially doubted that industrial designer was limited in the use of materials for the prototype , which would harm the fashion style .
marketing was soon convinced by industrial designer , however , that the changeable faces would allow users to customize their remote controls .
besides , the rubber case would give a spongy feel .
marketing thus rated one point for industrial designer 's style design .
