marketing considered the design of pointers unfeasible , for many users were prone to zap .
project manager recommended the slight and small-sized buttons with more space in between .
regretfully , the team failed to come up with a perfectly feasible solution to the problem .
the team thus gave low rate points to the prototype 's minimization of repetitive strain injury .
