the team calculated the cost of the remote control in the euro .
the team included one regular chip , one kinetic cell , one double-curved bottom , one push button , one lcd screen , as well as rubber and plastic materials .
the team decided to recommend voice recognition to business customers .
once the budget increased , voice recognition would be incorporated .
overall , the present cost was 12.5 euros and was under the budget .
