user interface recommended the standard batteries to replace the kinetic batteries and lower the cost .
marketing was promised by user interface that the change in battery type would not make any big difference in shape and colours .
however , marketing was still uncertain about the replacement .
user interface further explained that users were used to paying little attention to batteries which were installed internally .
