industrial designer implicated that if the kinetic batteries were replaced by the standard batteries , the voice recognition would have to be taken away as well .
project manager , therefore , made a compromise that the team might provide the voice recognition in an upgraded version for the business class who expected high office specifications .
