the meeting began with the project manager announcing the task and the agenda .
the group should design an original , trendy , and user-friendly remote control through the following meetings .
first of all , they did a brief equipment testing on their laptops , the pens , and the whiteboard to ensure they would work .
then getting to the main point of this meeting , the group talked about the budget and reached the agreement that it had to be a universal remote control with such a high price .
the group also discussed the functions , the shape and other external design of the remote design , as well as drawing them down as a conceptual draft .
