in order to make a satisfying profit , the group had to set their price at 25 euros , which was relatively high .
for fear that the higher price would lead to fewer consumers , they decided to make it a universal remote control , being able to function on different tvs .
the group also planned to add a touchscreen onto the remote control and even include some games for children .
what ’ s more , they paid some attention to the energy source , whether it should be a rechargeable one or just use normal batteries .
