project manager revealed that it would be over budget so they had to make some changes .
he proposed to reduce costs by leaving out solar cells and not using voice recognition .
then user interface supposed that the buttons could be made of plastics and industrial designer proposed to make the remote control straight and simple .
