when discussing adding several advanced techniques onto the remote control to make it more unique , the industrial design put forward to using the touchscreen .
notwithstanding the merits of the touchscreen , for instance , a touch screen would make the remote control easier and smaller , the marketing did not agree to do so just because in that case they would be beyond the budget .
