based on the presentations of the user interface designer , the industrial designer and the marketing expert which were about the product requirements , the project manager concluded that the new remote control should be powerful , easy to use , fashionable , recognizable and only for television .
furthermore , the remote control should use the internet rather than teletext due to the spread of the internet .
