the user interface designer recommended to design a google tv controller because google was very successful for its powerful functions and friendly user interface .
also , to make the customers able to use the product without learning the manual , the industrial designer suggested applying some international standards such as some pictograms .
