the group reached the agreement to design an infrared-based controller because it was cheaper than a laser .
secondly , the industrial designer preferred a wireless remote control as it was easier to manage but the suggestion was doubted by the marketing and the project manager considering the cost and user requirements .
another thing was about the buttons .
the marketing advised having less buttons because only ten percent of the buttons were actually in use and people tended to zap a lot .
