based on earlier experiments and questionnaires , the marketing found that seventy-five percent of the users thought most remote controls ugly .
thus , the group decided to make the product look fancy so that people would pay more .
however , how to make remote control look fancy was a big problem because different people have different opinions about fancy .
what 's more , the project manager thought the product should be recognizable and attractive .
