the project manager agreed that the product should be good-looking but having many colours was n't a good idea because it would increase the product cost .
also , the project manager thought the remote control should be marked with the image of the society so that one can recognize it at a glance .
