there were two main parts in the detailed design .
firstly , the prototype presentation , industrial designer presented the design on the wheel , the button , and the base of the remote control .
secondly , marketing presented eleven points to be evaluated based on the findings in marketing trend reports and company strategy marketing .
besides , the group had a point calculation on each evaluation criterion .
