project manager suggested that the group might need to discuss changing an aspect of the remote .
according to the previous evaluation , the worst one was material .
thus , the group gave suggestions on the smallish size , smashed or resembled fruit shape , and printed patterns on rubber design .
the group also suggested changing batteries , but they ended up agreeing that there were no problems in battery design .
