firstly , project manager asked about the room for creativity in fruit and squishiness .
user interface thought the prototype making was creatively stimulating and the product has met all the criteria .
next , project manager reflected on his leadership and management role in the group .
other members gave recognition to his performance and everyone 's cooperation .
then , project manager asked about the convenience of the means for the materials and the pen used in the presentation .
group evaluated based on the user-friendly and the working efficiency .
