both user interface and industrial designer thought it was not helpful to use powerpoint to present .
instead , they preferred writing notes for massive information , while marketing and project manager thought powerpoint materials were quite useful .
specifically , project manager mentioned that he felt ignorant when the group was explaining things .
