the marketing suggested measuring how good the design was instead of just talking about it so the group started to judge the design in three aspects on a scale of one to seven , one being true and seven being false .
the criterion was how fancy , technologically innovative , and easy-to-use the remote control was and it got three , two , and four in separate aspects , which meant it was acceptable .
