kinetic charging will be adopted with lcd display on the top side of the flip top and rubberized buttons , such as volume control and channel control on the bottom .
two separate circuit boards will be joined by wires for standard and complex buttons respectively .
fruit and vegetable colours , such as chilli red or tomato red will be used for the rubber cover and the case will be plastic .
the company logo will be incorporated into the design .
the team hoped to incorporate voice recognition but financial feasibility will have to be checked and whistles or beepers could be used if not feasible .
