the marketing thought they should not trust too much the trend because it would n't last long - fruits and vegetables were in fashion this year but maybe next year it would be insects .
however , the industrial designer believed it was good to follow the flow now and then since electronic devices were not long life products : if people changed , the product appearance should change as well .
