teletext will not be used and there will not be a control for everything .
the buttons should be easy to find .
the image of the company is to be incorporated in the design and a flip design is decided .
voice recognition is left out .
the shape of the remote will be different than normal , like a shell or something along those lines .
an alarm will be added in case the remote is lost .
the target market will be young business people .
