market research was done with a hundred subjects and marketing concluded the most important aspect required in the device is a fancy look and feel .
the second and third important aspects are technologically innovative and being easy to use .
fruits and vegetables can be taken into consideration when thinking about design themes as they were the themes of fashion fairs in paris and milan .
there is also a trend towards a spongy feel to materials .
