standard aa and aaa are bulky but the cheapest .
dynamo and dual charging with normal batteries and solar charging take up too much space .
solar charging is the second cheapest but not resistant to dropping .
also , project manager believed it would limit the market .
kinetic charging is small and portable but market research should be done first .
no rechargeable battery options were available .
the remote could have a standby mode and the lights behind the buttons would be switched off after five or ten seconds when not in use .
