the initial feature suggested by marketing was easy to find and user interface suggested a call button on the television .
and marketing wanted something that could vibrate or had a signal if it had no sound .
however , they were not sure whether it is expensive to design it .
so project manager suggested designing a magnet or portable phone based couch for the remote control , which people no need to walk over the tv to find it .
