titanium is too expensive , would be easily dented and could only do a standard box shape whereas plastic could be made into different curved shapes .
marketing suggested making the basic mould out of plastic with a rubber cover , which would give a spongy feel and be a cheap way to change the look of the device .
industrial designer , user interface and project manager quickly jumped on board with this idea .
