the chip ta11835 and pcb board will be used in the device .
the use of kinetic charging was agreed by the team with a standby mode to save battery .
the case of the device would be in plastic and would have a changeable rubber cover .
lcd screens will be adopted .
the idea of adding a stylus or a mirror to the device was rejected .
