mostly black and white colours , the normal ones are monotonous without consistency between models , and the buttons are very disorganized .
the new remote will have a graphic user interface in the middle of the flip top and certain standard buttons with vibrant fruit colours .
a newly developed speech recognition feature can be incorporated in the device and the idea was endorsed by customers .
user interface gave an example of using the feature - locating the remote .
the idea was well-received by the team .
