industrial designer said that it would be cheaper to re-manufacture if these parts were already in stock .
project manager pointed out that the other materials used were relatively cheap and simple .
though the lcd would be expensive , it would be cheaper with black and white than full colour so user interface suggested that they could start off with black and white and upgrade later .
