the meeting , which was held at the early stage of the project , focused on the product features and work division .
project manager proposed that the remote control had to be imaginative , trendy , user-friendly and international .
besides , the production cost should be no more than 12.5 euros .
in terms of the price , all members agreed that 25 euros would be reasonable .
they also clarified each person 's duty .
in the time remaining , the members did some tool training by drawing their favourite animals on the whiteboard .
