project manager asked if the remote control needed to be made larger to avoid losing it .
at the first beginning , user interface suggested bigger , while project manager suggested a hand-sized device .
considering the light feature and putting noise on it , user interface thought it would be feasible to make it mobile with a target price at 25 euros .
