project manager would manage the whole group .
industrial designer would think of the functions of the product .
user interface designer would concentrate on the users ' requirement and the relation between the users and the remote control .
marketing would give interface designer and industrial designer some trends about what should be done and what the users would like to have .
