this meeting was about the functional design of the remote control .
firstly , marketing gave a presentation on functional requirements .
group decided to focus on the fancy and fashionable look , usability , and different colors .
next , user interface gave a presentation on the technical function design .
also , the group discussed this topic , and they decided to design the menu buttons of the remote similar to the mobile phone .
then , industrial designer gave a presentation on the working design .
group mates discussed deciding on the use of led light on the buttons to indicate the transmitting of the morse code when pressing the button .
they also decided to use a more intelligent chip than the standard one when the circuit was closed , it would produce the pattern .
for the age group , they would target the age group below forty since it was a young market .
