marketing gave some suggestions on the remote functional requirements based on marketing reports , which included a fancy look of the remote control , ease of use for elderly people , a button on the home station to trace its position , and speech recognition .
so finally , the group mates suggested the usability and the color of the remote control based on marketing 's presentation .
