when marketing mentioned that they should make a new product that looked fancy , fashionable , and was easy to use for elderly users , user interface suggested making sure that the remote control had better usability and could stand out by just being watched .
also , marketing suggested a different color or different shape .
