firstly , user interface suggested the group should stand up with a unique design like different shapes than usual .
user interface also suggested a new option for favorite channels and a menu button that could integrate with volume , the previous and next buttons .
the group agreed to make the remote a bit smaller and would like to look at mobile phones when designing it .
