this is the third meeting of the design group .
at first , marketing revealed that ease of use , innovation and a fancy look and feel could be important to customers and the team discussed what colour and material they should use .
then industrial designer introduced three casing possibilities : uncurved , single-curved and double-curved .
next , the team talked about whether to use kinetic energy supply as an energy source .
in terms of user interface controls , industrial designer proposed to add a scroll-wheel that could be integrated with buttons .
finally , the team summed up their decisions and project manager asked user interface designer to create a prototype next .
