marketing revealed that the younger target group preferred colourful objects and soft material .
project manager agreed and added that the remote control should be light and not too slippery .
then industrial designer introduced three casing possibilities : uncurved , single-curved and double-curved .
considering that uncurved design could be too dull and double-curved design would make it difficult to use scroll-wheels , the team chose the single-curved design .
