industrial designer introduced uncurved , single-curved and double-curved design at first .
user interface and project manager thought that uncurved design was too dull and industrial designer pointed out that double-curved design would make it impossible to use scroll-wheels , so the team selected single-curved design eventually .
