industrial manager revealed that if lcd was used , they had to choose advanced chips .
project manager thought it was within the budget and lcd displays could add extra high-tech feeling .
user interface then pointed out that they already had too many high-tech substances including scroll-wheels , voice recognition and a fancy look so they did n't need to use lcd displays .
