on battery issue , industrial designer expressed a desire to minimize the size of the battery .
meanwhile , cost , power consumption , wireless range and data transmission were supposed to be considered .
user interface 's presentation followed .
the remote control design would be simplified and user-friendly .
to make the style more trendy , user interface decided on a flip-top model .
