industrial designer admitted that current remote controls were mostly powered by triple a batteries .
however , industrial designer also pointed out that they were bulky , although they had been the smallest fit-in batteries at present .
industrial designer expressed a desire to find a smaller alternative for triple a batteries .
