user interface reiterated that the remote control should have a robust and water resistant function .
marketing also mentioned a good tactile feel for the remote control function , which does n't make hand sweat a lot .
therefore , project manager suggested a clip feature on the remote control so that people can clip it to their device .
