the market research implicated that users ' biggest frustration was their failure in finding the remote control once it was lost in the house .
to solve the problem , industrial designer suggested that a button could be added on the tv ; when the user pressed the button , the remote control would beep to let the user know its location .
meanwhile , such a solution would be within budget .
