this meeting was mainly about conceptual design .
industrial designer , marketing and user interface gave presentations mainly on component design , current trend and interface design respectively , based on their research on the website incorporating the ideas from last meeting .
a lot of discussions was centred around the fruit and vegetable theme , which was the current marketing trend .
in the meanwhile , they had some discussions on physical attributes and the use of energy .
they agreed that the screen was not necessary , and tv could be used as the screen instead .
in addition , kryptonite became their preferred energy .
