marketing proposed that the fancy look and feel were more important than the functionality of the product .
the fruit and vegetable theme was the current trend , and marketing himself preferred fruits to vegetables .
therefore , how spongy the material could be should be taken into consideration when choosing the materials .
the potential materials to accomplish the fruit and vegetable theme could be a sort of rubber , which was used in the stress balls .
the alternative option was to use a cover for it , and choose a colour that fits one 's sitting room .
