user interface assumed they were going to have a screen at first , since user interface thought a screen was necessary for people to visualize things such as a specific song when looking for one .
however , since adding a screen cost more money , and tv could be used as the screen , they finally decided that screen was not necessary .
