marketing set the criteria for evaluation .
the group gave two points on the fancy look and feel , three points on the ease of use and learnable , and two points on technological innovation because the group thought new features were not all extraordinary .
besides , they gave two points on the target market trend which said that the products with fruit and vegetables in different colors might be popular .
lastly , they gave high marks on the room for creativity and leadership .
