project manager thought they should skip the speaker when user interface mentioned the power indicator .
marketing recommended that they need a button to beep for calling and they should include the speaker because it was usable and small enough .
also , marketing supplemented that the production cost has been considered and within 12.3 euros .
