the group thought the remote control should be fancy , innovative , easy to use , easy to find and spongy and evaluated the prototype with these criteria .
although they had brilliant ideas and designed a best remote control within their capacity , they just designed a product of high quality but low acceptance .
