the marketing expert gave three points from the market analysis .
users would like to have a fancy look and feel rather than a functional one .
apart from that , they still wanted the product to be technologically innovative .
at the same time , being user-friendly was also important .
then the group discussed how to make these requirements into practice .
