the meeting started by discussing the functional design of the remote control .
marketing gave the study on user needs and target groups .
user interface gave the presentation on technical effect design and industrial designer gave the presentation on working design .
then project manager initiated new project requirements brainstorming .
the group had agreed on the on-call button design , dvd capability button design , power button design , and denied speech recognition design as well as mouse pad design .
they would further discuss the function switch button and its compatibility in the next meeting .
