project manager stated the meeting topic on function design .
firstly , marketing concluded a study on user needs , including buttons for channel selection according to the frequency of use and the relevance of each button , and suggested targeting on the nineteen to thirty-five years old age group to design functions .
next , user interface presented on the technical effect on what functions users need and how to make the best functions for users .
then , industrial designer presented the working design , including input a channel or volume setting and output the location function to the television .
