at the first beginning of the discussion , industrial designer mentioned that it would be easy to implement something like a buzzer to trace the remote location .
project manager suggested a two-part package - on one hand , users could click the button on the tv to send out the signal ; on the other hand , the remote base could beep probably so that users could know where the remote control has gone .
