marketing suggested the speech recognition design is for user groups aged from nineteen to thirty-five .
industrial designer supplemented the feature design that if the tv is on and somebody says like one , then the tv would switch itself to channel one .
however , project manager illustrated that considering the budget , to have the speech recognition programmed in every single remote might be expensive .
and this ended up was commonly agreed by other group mates .
