project manager mentioned that the group needed to decide on the vcr capabilities and answered industrial designer 's question on whether vcrs were the same across the world .
so industrial designer suggested a whole different set of buttons for individual vcrs .
project manager suggested dvd type if considering the target group as young professionals and teenagers .
