this meeting was about the functional design of the remote control .
firstly , marketing gave a presentation on the remote control market trend and suggested a fancy look as well as technology innovation features .
secondly , user interface presented on technical function design and recommended changeable fonts on remote buttons and a modern look with a handheld shape .
thirdly , industrial designer presented on component design and suggested a soft material case with flashy colors and transparent buttons .
industrial designer thought the normal infrared led should be sufficient .
lastly , the group discussed the remote 's features and they decided to have features including normal battery , scroll wheel , round shape , and speech recognition .
