marketing gave the presentation on the remote control market .
marketing suggested that the first most important aspect of remote controls should be with a fancy look and feel instead of the current functional look and feel .
and the second most important aspect was that a remote control should be technologically innovative .
lastly , marketing suggested the spongy material and colour fronts .
