user interface recommended the speech recognition when marketing asked how to do with technological innovation because user interface knew from the technology department that they had done research about it and recommended using speech .
and user interface would also check with the technology department on how to do that .
