marketing emphasized on the importance of technology innovation .
so project manager suggested putting the speech recognition in the remote directly and they would need an advanced chip .
the group agreed on it and industrial designer supplemented that the division had developed a new and inexpensive speech recognition feature : the integrated programmable sample sensor , indicating that the cost would not be too much .
