user interface agreed with industrial designer and supposed that the remote control could be interoperable .
that is to say , it could be a universal remote control that fits every device .
he also revealed that the function of the remote control was to change the state of the tv and this could be realized by pressing the button .
