c began by asking some questions about the recording procedure and wanted to know what excising utterances from the transcript would look like .
c asked several questions to that end but clarified that the source of inquiry was curiosity and nothing more .
additionally , c wanted a to explain to the meeting participants what the experiment was for .
