a noted that all participants will have to sign a consent form and read out digits and requested that microphones be kept away from the mouth to minimize breathing sounds .
a also mentioned that people will be anonymized in the transcript .
a explained that the goal was to eventually be able to query meetings for information .
