the computer navigation system will work as follows .
the subject of the experiment will familiarize themselves with information about a city .
then , they will be introduced to an advanced navigation system through which they can navigate the city , and they will be given several tasks , like buying stamps .
the navigation system will crash , and the subject will be connected to a human operator .
then , the human operator will control the system based on the subject 's requests as the subject tries to complete their tasks .
both sides , the assistant and the subject , will be recorded for data collection purposes .
