d wanted to know if the videos for the navigation system would be recorded from a first person perspective .
d was also trying to understand how ambitious the system was .
d learned that the goal was to understand how people reacted and talked in such a scenario .
d provided some information about potential candidates for the human operator and wizard roles as well .
