the group needed dave johnson to install the some one hundred sun - blades that had arrived and would help with storage .
but dave johnson , the professor informed them , was leaving for ten days .
the professor informed the group that dave was always busy and the group realized that there was no dedicated person who could help them .
