the team thought that they should not have everyone attend meetings on specific topics .
for general catchup meetings like this , they thought it would make sense to alternate every two weeks .
the team joked around about having a guys meeting , as one of the groups would not have any female members .
they were mainly concerned with collecting more data through their own meeting recordings .
though , many of the meetings they were having for that purpose were shorter than they would have liked .
