the meeting began with a discussion on the torrent project completion being pushed for two years .
grad f then introduced intermediate categorization , which was his topic for his qualification exams .
the team then discussed mean subtraction from sri .
using it had led to an improvement in meeting recorder digits though near mic performance worsened .
the professor points to pre-echoes as the culprit .
the team continued to study differences between sri and aurora .
the team thought it would be interesting to do the aurora tests with the sri system instead of the htk .
the team was also exploring the wiener filter and vts .
the professor did not seem too excited about the vts .
