the team got an improvement on the sri system for ti- digits and meeting recorder digits but near mic performance worsened .
the team explored the reasons for this difference .
the professor suggested getting rid of low energy sections .
the team also discussed how more nuanced normalization approaches could improve task performance .
