the revised semantic specification and construction formalism are more stable than the previous versions .
in the latter , we find both construction types and meaning types along with formal considerations like verb subcategorization , or the ones a `` directed motion '' construction would dictate .
