given the domains currently used ( tourist , child language learning ) , some features , like speaker attitude , are not of equal importance at this stage .
on the other hand , it was decided for the inheritance between constructions to be left out for now , as the notation can be rendered more elegant later on .
