the participants went over the results of the most recent experiments , discussing future directions to take .
adding in more languages was still decreasing model performance .
the best network consisted of the timit and noise .
the team thought that they should try to reduce their dependence on noise in the data .
the professor outlined how they could continue their experimentation .
