the meeting began with the team catching up the professor , who had missed the previous meeting .
then , the team moved onto talking about echo cancelling techniques .
they were trying to get the voice of other people from the primary person 's microphone .
then , the team discussed how they could improve the performance on the aurora task by playing around with the model .
the team ended the meeting with various comments on different topics .
