the translation of smartkom to english is in its final stages .
the variety of linguistic conventions seem to develop around an ego/allo-centric and a proximal/distal paradigm .
from an engineering perspective , the belief-net for the ave task should be completed within a few weeks .
since the whole system is going to be re-designed , there are major decisions to be taken regarding the parser and the ontology , as well as what can be re-used from past eml projects .
in parallel , another team is working on formalisation and notation .
finally , more ideas are expected to come from students and their research .
