the meeting was mostly about the logistics of covering the legal bases around releasing meeting data .
the team wanted to make sure that meeting participants would not sue for libel or releasing unwanted information .
the team also went over the transcriptions that ibm had done as well as storage space , which was finally looking up .
the meeting ended with a general discussion about the progress of the group and future directions .
