a had seen an example of this kind of xml format before .
a thought that the time boundaries were nicely handled but believed that smaller linguistic units would drain too much memory .
it was essentially like a lattice , in his opinion .
though , a did not seem too concerned with dealing with smaller linguistic units since the problem would not be encountered frequently .
