the professor informed the team that the evaluation was on november 13. he encouraged the team to run experiments to learn which factors were the most important .
the team was concerned about how the evaluation would be weighted , but they did not expect it to be significantly different .
there was a chance that the evaluation would be pushed .
