the meeting consisted of participants giving an update on their projects .
the team learned that the eurospeech paper was accepted .
phd c told the team about strange activity in on-line normalization with regards to c-zero and c-one .
grad a shared his work on quals and intention to start cheating experiments .
grad g informed the team that phase normalization was coming along after a bug was fixed , but the results were still not great .
finally , the team discussed weiner filtering for the aurora task and the mathematical formulation of the vts .
