phd c told the team about two approaches to on-line normalization .
on was using a time constant and the other was using different means for silence and speech .
but the means were not behaving as expected .
addition of white noise made it such that the important difference between the means disappeared .
