the professor suggested delving deep into the different types of errors in the difference between silence and speech means .
he thought that training and testing in the same kind of white noise would be an effective strategy .
in his opinion , the differences were hurting the recognition , even though they were not too big .
