the meeting focused on the aurora project .
the professor began with some updates on how certain decisions made by those leading the project did not make sense .
there was some confusion and debate about how to move forward .
the team then moved onto a discussion about measuring the effect of a given feature on the model .
the professor outlined the specific methodology .
at the time , the team was focused on testing for c-zero and c-one only , but they decided to expand their testing .
finally , the professor told some stories to explain future directions and the team had a brief discussion about their hardware .
