the professor told a story about how people could pretend to be working by consuming computer memory without doing anything useful .
he recounted a story about a company that was paid by the u.s. government based on the amount of computer time they used .
the company ran a useless program to rack up computer time .
