members of the team discussed options to encode aspects of conversation that can not be captured through microphones .
overlaps , as well as methods to deduce the length of pauses and the reasons behind them .
this led to discussing how else to document the conversations , and archive each participant ’ s responses separately .
