phd g explained how the data represents the number of overlaps regardless of the number of speakers .
it is important to answer the question of whether overlaps are distributed evenly throughout or whether they are in bursts .
anonymizing the results and classifying overlaps by type may assist in standardizing cultural ways of conversing .
phd g proposed finding the average length of overlaps and the distribution of the duration of overlaps .
