as to the content of the paper , the overlap statistics have not been normalised against the number of participants in the conversation , although the dependency is probably going to be a weak one .
additionally , the correlation between pauses in speech and interruptions does not provide a cause-and-effect link for these phenomena .
