there is potential to make a conference paper out of presenting the current work and the project aspirations within a parsing paradigm .
similarly , as no one could recall some of the points of the conference call , the group will have to meet again and define the exact structure and content of the paper they are going to submit .
