decision was also made to delegate transcribers with the task of labelling a subset of digits or switchboard data for fine-grained acoustic-phonetic features .
speaker fe008 will run selected meeting recorder data through channelize and determine whether the resulting units are of a sufficient length .
