additionally , in the example `` where is x ? ''
construction , the ambiguity ( location or path ) could be coded either in the semantics of the construction or as if determined by context .
the former could mean creating a different construction for every slight pragmatic variation , and the latter , some of the belief-net probabilities could be instantiated in the lexicon .
