grad b shared some of his progress on how the modulation spectrum could speak to the intelligibility of different linguistic units .
grad c was working on reverberation and how a model may deal with varying reverberation response .
the discussion ended with different pronunciation , `` o '' and `` zero '' for the digit zero .
