the meeting began with an update on the htk backend .
the team was testing different numbers for gaussian mixtures .
the team then discussed how performance on the aurora tasks was measured .
the final score for aurora was a weighted average , but it seemed that there was no practical implementation against which tasks were being measured .
the vad of the team 's existing system for aurora was better .
the team was also working on feature classification , mainly to do voice-unvoice detection .
the meeting concluded with a few more updates on the aurora project .
