the professor thought that the team should go back and look at the difference between the smooth and the raw versions .
he thought the team was too stuck on intuitions based on only the smooth version .
he agreed that not having a smooth version could hurt the model a bit , but the team could potentially learn something that helps the model more .
