phd a informed the team that the team was looking at the difference between the mel filter and fft spectrum , which he called the variance .
the variance for voice-unvoice was high .
phd c thought that the variance was kind of artificial because it was being done using canonical mappings from timit labelings .
