the model that phd b was working on performed better on high mismatch than on the well matched case .
the professor thought that this reflected the team 's priority , which had always focused more so on the high mismatched case .
phd h was concerned that their model did worse on medium and high mismatch .
adding noise hurt their model .
