the group discussed plans and concerns regarding the architecture of smartkom , its proposed modules , and the types of interactions expected to take place between modules .
the meeting was largely focused on smartkom 's decision making capacity and how to adapt this functionality to the tourist information domain .
the group set a date for assessing smartkom plans .
