the focus of the meeting was on a presentation of the work done already on the building of the bayes-net .
the complete prototype of the bayes-net will be presented in the next meeting .
after that , it will be possible to define interfaces and a dummy construction parser , in order to test and link modules together .
