the team felt that the current file system they were using was running out of space , specifically back-up capacity .
they needed to figure out a way to back-up the data they were collecting .
they decided that the tape system that icsi has is pretty reliable .
but they needed to discuss the matter with the system administrator .
