the first test set of digits is complete and includes 4,000 lines , each comprising between 1-10 digits .
new digits forms were distributed for eliciting different prosodic groupings of numbers .
new naming conventions were discussed as means for facilitating the sorting process .
existing files will be changed so that all filenames are of equal length .
similar changes will be made to speaker identification tags .
files will also contain information specifying channel , microphone , and broadcaster information .
