the team wanted to think about how they would generate queries .
one method was directly generating queries from the summaries , though the concern was that this would not be very desirable .
asking an open ended question about what was most interesting would allow the team to get a sense of the important topics .
