the participants were skeptical that a two person conversation in the hallway constituted a meeting for their purposes .
they thought that it would be okay to include this kind of data in their corpus for future researchers , but they should separate it .
the professor has a strong opinion that these interactions were not actually meetings .
