the group discussed the preparation of a data sample for ibm , the manual adjustment of time bins by transcribers , recognition results for a test set of digits data , and forced alignments .
participants also talked about eurospeech 2001 submissions , and exchanged comments on the proceedings of the recently attended human language technologies conference ( hlt'01 ) .
preliminary recognition results were presented for a subset of digits data .
efforts to deal with cross-talk and improve forced alignments for non-digits data were also discussed .
