phd i thought that the team should re-evaluate recognition without cheating on the segmentation .
phd i explained to the team that they had so far been using a simplified version of the scoring and brought up that thilo wanted to use recognizer alignments to train his speech detector .
he was not sure how much hand labeling would be needed to generate data for the detector .
