phd d explained that voice-unvoice net took fifteen base features and three features of r as inputs .
the r features were the variance of the difference between the two spectrums , variance of the auto-correlation function , and the first coefficient of the auto-correlation function .
this method , however , was not that much better than the more typical method that the professor recalled .
