grad a explained that his vector contained binary values for whether a phonological feature exists or not .
the goal was to come up with a mapping from a feature set to the existence of a particular phonological feature .
he was not doing the mapping yet .
the goal was simply detecting features at the time .
