the team was gathering data from different languages and preparing relevant baselines .
the professor reiterated that the multilingual focus was key since the reason for this project was to replace mel cepstra with a more robust , multilingual model .
they needed sufficient diversity in the languages they used .
