the spanish data was not in the desired htk format and needed to be processed , which was turning into somewhat of a challenge .
the team also realized that moving data was making their processes slower and they needed to rely on faster machines to complete their tasks .
the team discussed various linguistic features and computational methods for linguistic analysis that they could incorporate .
