phd i suggested putting the data on a cd-rom but was informed that the data gets lost in a few years .
phd f expressed that it was generally a bad idea to have a copy on a medium that failed .
professionally pressed discs last longer , but they would be burning them in-house .
the idea of re-burning the cd 's each year was also not adopted .
