the team wanted to figure out how roles would be connected to actions .
the thought that their current xml schema forced the model to look up , requiring the whole body of the model .
the new idea they came up with was to create a parallel intention oriented specification in addition to the pure schema , which would allow for a more flexible schema .
