the deployed model generally decreased error rates , but the extent to which it did so varied based on the language as well as where it was deployed .
they learned that similar projects experienced the same challenges .
still , the model was not efficient and likely used too much cpu and memory for the benefit it provided .
