the team gathered some ideas on how they could further improve the model , perhaps by focusing more so on msg and multi-band .
the professor iterated that the task was pretty hard , and their model was still not good enough for a real system .
the team was generally excited about the aurora data , as it was more realistic , and about further pursuing the task .
