grad f was responsible for bringing up the topic .
apparently , no one had replied to the emails allowing people to bleep things out so far .
according to grad f , as long as the email was sent out , the team was covered .
grad f thought this had been settled when the project started and did not need to be revisited .
