a detailed diagram of the eva belief-net was presented and some of the intermediate nodes and their properties were discussed in depth .
some of the key features and properties are : `` go-there '' , which is binary , and defined by the user , situation , ontology and discourse models ; `` timing '' ( current/next tour ) ; `` reason '' ( business , sight-seeing , socialising ) ; `` transport '' ; `` length of tour '' ; `` costs '' ; `` entity '' ( open , accessible ) etc .
