there are already 30 subjects lined up and more are expected to be recruited off campus .
it was agreed that making subjects select from categories of tasks , such as `` big place '' , `` service '' , etc .
could provide a better range of data .
the duration of each dialogue will probably be no more than 10 minutes .
