the data collection that will provide relevant dialogues is moving along , with thirty subjects already lined up .
they will be given a reading task , which will include some german proper names , and a series of tasks from the tourist domain to choose from .
in order to get directions , they will then communicate with a computer system and a human operator , using a sketchy map as an aid .
a different set of data are already available from the smartkom system and similar sources .
