the team thought that the differences in performance between well-matched and high mismatch may have to do with the frame dropping problem .
tinkering around and changing a few small things was suggested as a way of improving performance .
the team though it would also be nice to have the net on the server side where it would use less bandwidth .
the team also discussed if averaging over the entire spectrum was a good idea .
