the first phase of the data collection has finished .
there is a new wizard for phase two , during which subjects will be given more complex scenarios .
an alternative representation of the bayes-net , it depicts context features as classes , and dependencies as relations between them .
following this , a visiting researcher presented an overview of a parallel project at the international university .
it attempts to build a smart tutoring system for a computer science course .
the assumption is that document searches can give more personalised results , if they take into account contextual parameters ( user , situation ) .
there were also further suggestions for meetings with icsi researchers .
