the first phase of the data collection has finished .
there is a new wizard for phase two , during which subjects will be given more complex scenarios .
also finished are the modifications on smartkom : the remaining glitches will take no more than a day to iron out .
a big part of the meeting was covered by the presentation of the prm of the proposed system .
