the team agreed that it was important to keep good backups .
their main concern was the time difference between getting more disks and recording new meetings .
they did not want to rely on burning cd 's at all because of potential loss of data .
they also started discussing whether it would be a good idea to collect meeting notes from the participants as well , but that would entail installing new infrastructure .
