grad g thought that it would be important to collect seat information in the key files to know where someone was sitting .
this would be useful when people had to be bleeped out upon being heard in someone else 's microphone .
grad g wanted to figure out what seating arrangements led to other participants ' voices showing up in the microphone .
