grad g thought that it would be helpful to let the participants conveniently bleep things out during the meeting .
while synchronizing bleeps from during the meeting would require some infrastructure , a faster version could be set up .
though , g did think that the synchronization infrastructure would be a useful addition .
