the postdoc thought that it was a good idea to collect digital notes during the meeting in principle , but was concerned about the noise it would add to the mic .
postdoc thought that notes could even be taken after the meeting , by transcribers .
all in all , he thought notes were useful for generating summaries .
