the professor noted that a major component in one of the waves was the air conditioner .
the team had to be more cognizant about these kind reverberations in the recordings .
after a threshold , the reverberations interfered with the recordings .
the team thought they could look at spectral slices to further understand the problem .
