eurospeech was taking place in denmark and the team was planning on submitting a paper to it .
the team was also discussing how to best present the reverberation problem .
the team thought that the spectral effects of the reverberation were very clear .
they would have to figure out how to remove the sources of variance from the data to capture only the main voice .
