for the new forms , one is a one time only speaker form and the other is the digits .
the reason the time is included above the date is so that the person who 's extracting the digits will know where to look in the meeting , to try to find them .
in addition to name , time and email which the participant fills out , the form including seat number , session , native language , region of origin , time spent in an english speaking country , and accent characterization filled by research facilitators , after conducting a short interview .
