the team listened to a recording of the interface 's trial run .
litonya was asked to be the first subject of the interface and fey acted as the wizard .
the team was happy with fey 's performance and decided to hire her .
upon fey 's suggestion , they also decided that the wizard should be introduced in a more appropriate fashion .
the team also agreed that the run was too long at 5 minutes .
