the professor was very supportive of the idea of hiring fey .
he thought that it would be helpful since she was also willing to take over the task of organizing subjects .
in addition , he believed the project would provide her with a valuable learning experience for her own upcoming graduate school work in experimental paradigms .
