the team was concerned that the combinatorial input that would result from the various linguistic and contextual schemas would be enormous for the bayes net .
the professor suggested that it 's best to narrow down the decision variables , perhaps by studying the trade-offs between different input factors .
the team thought that perhaps they could keep the kinds of objects in the environment to a small subset and make rules governing actions around those objects .
