to cater to the potential consumers aged under 35 , the group decided to use voice control to locate the remote .
during their discussion of the voice control technique on the remote control , they also took into consideration several detailed problems .
they planned to set the control range within 200 feet and arrange a voice-controlled sticky pad on top of the television on which there would also be a page button .
