the color of the prototype was yellow and the material was half rubber and half plastic with a company logo .
moreover , it could be curved inside to cover the buttons which were big and blue except the power button .
besides , both the button and joystick could switch the device off and the joystick was especially designed to control the channel and volume to make the device more fashionable .
the team agreed that it was overall a good design .
