the team agreed that only the scroll button and the lcd were new items for a remote control .
the color of the device was doubted but marketing argued that since the product aimed at the young market , the case looked good in pure yellow .
besides , the rubber material felt soft , making the device look and feel nice .
however , the team thought that there were too many buttons , which did not align with the original idea .
