in terms of the material used on the device , the team decided to use only one material , either rubber or plastic instead of both or titanium .
moreover , the team agreed to discard the joystick but keep the lcd and advance chips , to make it still favored by the young market .
lastly , a normal color would be incorporated instead of a special color to decrease the cost by at least half euro .
