project manager introduced the overall plan for designing the product that has to be original , trendy and user-friendly to the team and asked each team member to draw a painting with a technical device .
the team shared their experiences with remote control devices and gave ideas about the new remote control product features .
they decided that the new device should be good-looking , easy to use and cost saving .
