project manager believed that it could not be heavy .
industrial designer indicated that fewer and bigger buttons are better and should be bust-free , for instance , rubber could be used on it .
industrial designer also suggested that when users push a button , they could hear some sort of bleep .
user interface suggested a led on the corner and not too expensive material like plastic could be used .
marketing added that it should look nice for better sales and should work with as many as possible of existing products listed on their website .
industrial designer also concluded that it should be battery-saving .
