the industrial designer provided several options respectively for energy , material and interface .
among these options , the industrial designer preferred traditional battery , titanium and simple push buttons so that they would have enough money for speech recognition .
after that , the user interface designer proposed an lcd display only for output , which might be taken into account .
the group also talked about how to enable the users to find their controllers .
