the industrial designer recommended batteries instead of solar cells because it would be problematic if solar cells did n't have enough energy .
titanium was proposed rather than rubber as the latter would make it difficult to do the moulding of buttons .
besides , the industrial designer wanted a simple push button because it only needed a simple chip and was less expensive than lcd .
