the user interface designer presented a good-looking design with few buttons .
as for the colour , the user interface designer suggested making a backlight of the lcd screen with different colours , but this was denied due to the high cost .
then the industrial designer recommended changing the colour of the assembly at an extra charge to meet special needs .
light and infrared were also taken into consideration to make the controller glow in the dark .
in order to make a smart controller , the group mentioned speech recognition and user identification .
