because the marketing believed that young people wanted to be different from their friends and would be ready to pay more for things that were specific to them and made them special .
thus , providing some upgradeable remote controls with various colours for these customers would be a selling point .
