the marketing expert came up with the idea that the remote control could identify the user .
since it knows who was using it , it might record the kind of channels that you often watched and the level of volumes you liked .
in other words , it would provide your way of using it .
this would be a good sales pitch though it might be expensive .
