the marketing put forward three noteworthy aspects in trends .
first and foremost , people loved fancy things that they could be identified with .
the second point was that as a remote control it had to be technologically innovative .
thirdly , being easy to use was also necessary .
from a broader perspective , fruit and vegetables were in fashion this year and being spongy was also popular .
thus , contrary to the industrial designer , the marketing thought rubber was more feasible in terms of sponginess .
the group agreed that the product should resemble fruit and vegetable in shape and colour but the specific design was not decided .
