the group talked about the material and they found it would be hard to balance the budget and the quality .
in order to save the cost and ensure satisfying user experience , the project manager decided to choose high-quality recycled plastic as the material .
but in terms of the battery , he would pay a lot to equip the remote with a cutting-edge lithium battery .
