marketing talks about the adoption of some latest trends and latest fashion updates on the remote control .
she thought it important that the control looks fancy for targeted young users , like having the lcd screen , vivid colors , and cool shape , and the last model of the company is comparatively functional .
