user interface talked about the method of including the buttons and the implementation of lcd screens .
and he mentioned there are new developments in speech recognition systems as they are already being used on uh coffee machines ; and since they 're cheap , so he thinks they could use them now , as a small gimmick .
as for mic and speaker , user interface thinks that they are the same little hole things .
