as for the lcd screen , the project manager considers colored ones are a bit too expensive , so they can just do normal ones , and the shape of the control can be in a bridge shape .
as for the materials , industrial designers think that a solid and strong appearance is necessary , and marketing agrees that plastics do n't create a strong touching feeling , and as a combination , they decide to have hard plastic for the front and then titanium for the back .
as for colors , the group decides to use basic colors with some special patterns .
