they decide that they shall implement the feeling from our company into the remote so they have to implement a logo , a slogan or a sign .
industrial designer thinks that to make it more recognisable , next to the logo they should have the slogan .
and the project manager decided that the slogan from the company should be put on the back with a logo , and the logo also is also on the front when changing fronts .
