marketing thinks that if they do n't have a bit of titanium between the two fronts , users may get problems with the lcd screen , like some dust in it — because people have always all kinds of filth between the mobile , when people exchange all the fronts , the control is open .
and the group decides to have a bit of titanium in between , and with the curved edge .
