because in general the early adopters of a new device were young people and teletext was used less among the young than the elderly .
plus , the young found it very relevant to have speech recognition in their remote control so that they could just tell the controller what they wanted instead of zapping .
