in terms of putting fashion into the electronics , this is both their slogan and their design target .
apart from the company colour of black and red , the project manager came up with the idea of providing skins for the users .
but the members were not in favour of this idea for that the work would be huge , at the same time , they were inspired to add the logo on the boot-up screen and introduce a dormant mode because most people do not want the remote to be flashing when the tv is on .
