the user interface designer stressed that they should design nothing but a remote control because their principle was to make users ' simple desires into simple actions .
therefore , the proposed concept for the design included just a few buttons , a screen with a back light which can change colours and titanium , which was accepted by the group .
