the user interface designer recommended to have a screen with a backlight which could change colours and to put all the options into this screen so that few buttons were needed and users would find it easy to use .
as for the material , titanium was preferred because it was unbreakable and baby-proof .
the user interface designer also suggested making the power and volume control fully automatic .
