since the marketing and the user interface designer mentioned speech recognition in their previous presentations , the industrial designer suggested putting a simple speech recogniser on the digital signal processing chip and training the speech recogniser for particular users .
however , the user interface designer concerned that it would be too complex .
then the industrial designer argued that even some simple mobile devices could have these voice dialers so it would n't be so sophisticated , and the marketing also said the product would be good to sell with the speech recogniser .
