the industrial designer thought the automatic power control would be a bit problematic because there were different criteria for different people .
then the marketing proposed that they should design a personalized product so that the users could have their own settings .
the proposal was accepted by the industrial designer but later the idea of automatic power control was still abandoned because of price issues .
