with a working prototype , the user interface designer displayed the appearance and the texture of the product , which was fruit-like and spongy .
as for the material , they still wanted to use titanium because it was the most modern material that they could select .
then the industrial designer gave some technical specifications on the product , including instructions on buttons , lcd display , speech recognition and location finder .
