according to the technical specifications given by the industrial designer , the product was very flexible because users could add buttons .
users could use the jog wheel to select whichever option on the lcd and do the power control .
there was also an lcd control , so users could switch on the lcd display if they wanted to use lcd and use a normal button if they did n't want to use lcd .
what 's more , the controller had the functions of speech recognition and location finder .
