the basic mode of the product had only two directional buttons with which people could control the volume and change channels .
except for the two main functions , other functions were on the lcd screen and there was a jog dial controlling the cursor on the lcd screen .
therefore , the controller was very easy to use .
