at first , the product components included a battery , a simple chip , a speech sensor , a single curve , titanium , two push buttons , a scroll wheel , and an lcd screen .
these would cost seventeen dot eight dollars in total , which was apparently too expensive .
after some discussions about battery and operations on the calculator , the group finally cut the cost down to under twelve dollars .
