while discussing the financial issue , the user interface put forward to making the remote control environmental and not using batteries , the industrial design disagreed with him .
because for one thing , no one could guarantee the solar cell work well all the time and for another , it is quite dear to set up a solar system .
