the project manager planned to include their project process in the presentation .
in addition , he thought it would be an interesting experiment to carry out an open mic presentation in which the team members could get out of the roles and share their satisfaction of the room and their creativity freely .
