the user interface first pointed out that they did not use the whiteboard at all , neither did they use the pen as well .
however , according to marketing , it was quite understandable that due to the room constraints , such devices were not used .
but the worse problem was that they did not receive as many notes as they wanted , the marketing even received no reply after he wrote his coach .
