industrial designer suggested the group could keep the design as simple and clear as possible because this would help them to upgrade their technology at a future point of time .
project manager asked about the cost at this point , however , industrial designer had no idea about what each component cost .
so project manager thought it should be considered because the price would increase if they were using more advanced technology .
