according to the industrial design , there might be only a few choices for the energy source and materials from the current manufacturer , so he suggested that they had better look for another manufacturer for more alternatives .
the marketing put forward to design a user-friendly interface while the user interface came up with the idea of including the voice recognition system into the remote control in order to provide better communication with the users .
apart from that , spinning wheels on the ipod and secured programming were also suggested .
