when the group found that it was hard to balance between the cost and functions , the project manager proposed to give up the voice recognition and keep the touch screen .
but according to marketing ’ s research , even if the interviewees were not informed of the touch screen , they showed a great preference for voice recognition .
so just for catering to popular tastes , the marketing insisted that they should keep the voice recognition in any case .
