firstly , industrial designer presented on the remote components including the circuit board , the chip , the kinetic energy , the solar cell , the case shape and the interface .
next , user interface presented on user interface including the mechanisms to operate and input data , the shape and the size , the buttons and the voice recognition as well as the scroll wheel .
then , marketing presented on market trends .
in consideration of the target age group and technology innovation , marketing suggested the group could go for lcd , the colours and the voice recognition as well as the flat spongy material based on current trends .
