when marketing mentioned about the long battery life , the group came up with the locator that the remote could beep when users clapped .
also , this function should be designed to not beep every five minutes so that users would not like the remote .
the group mates agreed on it and thought it was an interesting and excellent idea .
