when user interface mentioned about the new developments they would include , industrial designer asked about what a spinning wheel with the lcd display was .
user interface explained that it was a wheel but not separate buttons .
marketing supplemented that it was a fast wheel to control over .
industrial designer agreed on lcd with spinning and would include it into the design .
