when industrial designer mentioned that lcd was basically feedback from television and questioned the necessity of lcd , marketing suggested that they could integrate with the television then it could come up with new information about what was on , and users could just see that on the remote rather than tv itself so that users wo n't get interrupted by viewing pleasure .
also , marketing thought the group could have a minimalist remote control so that users could flip it open if they wanted to mess about it .
