user interface thought it would be hard to keep the remote control small with a wood case .
industrial designer thought the thin wood remote would be easy to break .
project manager thought given that they were looking at more spongy material preferences , rubber or plastic would be more practical .
also , the group thought that wood was not cleanable , so they decided not to use a wood case for the remote control .
