industrial designer mentioned that the push-buttons were their expertise in the industry when discussing the interface .
and industrial designer thought it seemed to be out of trend , while marketing thought they had to have push-buttons .
industrial designer supplemented that if they had lcd displays , users could select everything on the lcd .
however , user interface thought the lcd was just for fast scrolling .
so user interface suggested using it as normal control .
marketing mentioned that they wanted buttons for users and everything else menu-driven .
