they wanted it to be original , trendy , user-friendly , durable , creative and characteristic , so it can be very intuitive that people could use the product .
in addition , the price , cost and expected profit of the remote control were also determined .
in the part of creativity , they pointed out that creativity should have its own characteristics and ensure its fashion without affecting its functionality , so as to truly `` introduce fashion into electronics '' .
in terms of function , it is necessary to simplify the switch and guarantee function .
