the group had a discussion about the target age group and they agreed to look at 15 to 35 year olds .
also , they decided to make it look simple , but still have those key buttons so it would be easy to use .
lastly , the group agreed to include one sort of menu button and voice recognition as an option .
