the user interface designer thought it might be in the middle of the product because the way users hold the product would n't influence the view to the screen , but the project manager and the marketing thought the screen might be covered when held by hands , so the users could n't figure out what happened on the screen .
then the project manager proposed that it was totally unusable , still needing marketing research .
