the user interface thought it was reasonable to replace the titanium with titanium-coloured plastic .
when discussing how to reduce the cost of the product , the user interface designer insisted that if they could only choose to save the titanium exterior or the lcd screen , it would be a better choice to save the lcd screen and dump the titanium cover but replacing it with hard plastics .
the result was the major of the group including marketing agreeed the suggestion .
