the industrial designer suggested that the titanium provided the tough look and the strong cover to protect the product .
besides , the older customers would like it much more because it fit their taste .
so the titanium was important and should n't be replacing by titanium-like plastic or saving the lcd screen but dumping the titanium .
