when evaluating the cost of the product , the group discussed some details of the components and made some adjustment on the chip , exterior cover material , curve , button and lcd screen .
then they agreed that it could be better changing the titanium to hard a hard kind of plastic looking like titanium than losing the lcd screen .
they finally got an estimate of fourteen point one euros , which was above the budget .
