the team introduced their findings in turns and gradually came to some agreements .
first , industrial designer introduced the structure of the device and suggested one battery and small size .
meanwhile , project manager questioned the cover design since it would not be cheap .
then , user interface left a question whether the technical function should be basic or multi-functional .
after that , marketing concluded that less important functions should be discarded and the device should be user friendly .
lastly , project manager suggested discarding the teletext and asked for ideas about button design .
