industrial designer suggested they should also look up popularity among the 25 to 35 years old age group if they looked into a stylish design .
marketing said it was 70 % popular among this age group and thought this age group did n't have much economic burden so the remote price should not be unaffordable .
user interface supplemented that their remote might not function with the old tv .
therefore , the group decided to include both 15 to 25 and 25 to 35 years old age group into consideration .
