there were a lot of small wires connecting the components , the battery and the switches .
on the top of the remote control , there was the chip , buttons with numbers and teletext .
industrial designer suggested that the remote control should be small and contain only one long-lasting battery to cut cost .
and a bleep could be added to remind the battery usage .
