project manager questioned the reason why not to use two batteries and industrial designer argued that two batteries would enlarge the size and thus , make the cost rise .
project manager also questioned the button design.after discussion , they agreed that the menu button will only work on the newer televisions .
