industrial designer suggested having a trendy remote control with bright color , red for instance .
but marketing argued that it might add to cost and make it more difficult to design if the cover were to be changed .
industrial designer also suggested that young people could draw on the cover to make their own remote control more unique .
but again , it was questioned by user interface who were not sure about whether it would be profitable .
