a remote control to have some influence on the tv set , both audio and video in a cordless way .
user interface suggested more functions on the remote control so that they could influence more devices like a radio or a video recorder .
but the team was not sure whether the new remote control should be basic or multifunctional and they decided to get back to that point later .
