project manager decided that the remote control should only be used on television and targeted at the biggest size of group .
corporate colour and slogan must be used on the cover .
they agreed that a power button , channel switches from zero to nine , volume control , mute should be contained and a small-size menu included .
