this meeting was about the functional design of the remote control .
firstly , the project manager mentioned new requirements including one recognizable button in the middle , the handy design , rubber materials and they would not use teletext .
next , marketing presented on functional requirements including a fancy look , ease of use , and the lcd as well as speech recognition .
then , industrial designer introduced technical design and working design on remote interfaces .
lastly , user interface presented on component design and the group decided to adopt a user-centered approach to reduce the main buttons and put a big circle in the middle with the power button , channel , and volume buttons .
