marketing presented on functional requirements , found that 75 % of users would like to pay more on a remote with a better look and it might be sensible to make a beeping device because 50 % of users lost their controls in the room .
marketing also suggested designing a remote that would be easy to pick up and use .
lastly , marketing suggested targeting a younger group market , and most young people were keen on lcd and speech recognition .
