project manager thought since they not only targeted 15 to 35 years old age groups , they should have an implementation for voice recognition technology .
industrial designer mentioned that voice recognition was not yet a mature technology and most remotes went for buttons to change channels .
user interface suggested they need to have both features and group mates agreed on it .
