industrial designer introduced the working design including the energy , led sender , different user interface , and the chipboard with buttons on it .
they could put every button under the thumb with an rsi .
then , the group discussed and decided to have removable fronts , a small centralized lcd screen , and a power button with 10 other setting buttons .
