marketing suggested putting a small lcd screen on top of the remote but industrial designer against it because a remote should be started with the power button and user interface thought it would be unnatural to put the lcd on the top .
then , marketing mentioned that would be where users ' handball might be .
so industrial designer thought they could put the whole interface a bit down so there would be room for the interface .
