user interface presented the function , customizability and appearance ( colour , material and shape ) of the remote control .
then the group discussed the location of the microphone as well as the weight and shape of the buttons .
project manager suggested that the microphone should be under the flip while user interface argued that it should be on the side .
user interface also proposed that the buttons should be made in egg shape and of plasticine .
