while discussing the button layout , the group found that some of the elements could not be removable on the remote control , so the industrial designer proposed to make those elements with titanium and other things with plastic .
however , the marketing did not agree with this because he thought the plastic would not make the remote control look strong or be satisfactory to be held in hand .
