the user interface proposed to make most of the buttons in a round shape which altogether located in a triangle .
in the middle of the triangle , there would be a square button and the four buttons next to it would be respectively the channel control and the volume control , just as all the other remote controls .
