the marketing expert confirmed with the group that the product was aimed at people with age below forty , but it was also designed for people above forty .
the marketing expert also stated that people would need a teletext button because it was originally combined with the menu in the prototype .
after that , the marketing expert discussed with the designers to design the prototype with fresh colours so it would be more discoverable when lost .
they also agreed on the button numbers and the texture .
