at first the user interface designer wanted to make the remote control curvy .
the marketing expert was skeptical of the curvy outlook because it was interrelated with the budget .
the marketing expert was concerned as the expert thought it was not necessary .
however , the user interface designer insisted on the curvy design as it had a strong aesthetic value .
in the end , the designers compromised to make the remote control flat and single-curved instead of double-curved .
