there were four people in the project team and each one introduced to each other on the team role .
project manager introduced the project was about designing a remote control .
after that , project manager explained the work division for each person and how they would present in the coming meetings .
