industrial designer drew a whale because whales came in and went to eat everything in sight , and they were harmless , interesting , and mild .
project manager drew a dog because the dogs were friendly and cheery .
next , about the finance and the workflow .
the target revenue was fifty million euros and the target was on an international scale .
the cost was 25 euros .
group mates would receive requirement emails and work on them individually .
