when the group found out that they came across a fairly tight budget , they cut the number of batteries from 2 to 1 and chose plastic as the cheapest case material supplement .
but they still kept the advanced chip , lcd screen , and docking station , all of which they considered to be the strength of the product .
after that , they touched on the button issue and realized that that was where the biggest cost driver hid .
as a hurry solution , they quickly discarded the help and the mute button , replaced buttons for the program with a scroll-wheel , and removed a volume button and a channel button to reduce cost .
