first and foremost , marketing believed that the elder generation expected to have ten buttons for the number one to zero , rather than a scroll-wheel with radio buttons , which would inevitably harm the usability .
in this case , a lot of marketing would be required to convince elderly users , who were unfamiliar with fancy stuff like scroll-wheel at all .
additionally , he complained that the cost limit made it almost impossible to produce anything better than normal controls , and that he would not make those impelled changes if it was not for cost 's sake .
