though project manager forgot to prepare evaluation criteria beforehand , marketing had analyzed project requirements and brought forward a systematic set of criteria , according to which product was graded by the whole group .
then , under the guidance of project manager , the group evaluated the project process .
eventually , the meeting stepped into the closing phase .
