on the basis of literature study and requirements analysis carried out by marketing , specific criteria were as follows : design innovation , learnability , functionality , utility , cost , target customer , recognizability , etc .
after the group brought forward a score for each in sequence , the total score was calculated as 84 % , which was acknowledged as a nice score .
