when it came to processing evaluation , though industrial designer appeared to think highly of project manager 's arrangements , marketing clearly voiced his dissent .
as he explained , it is obvious that financial issues were touched on too late , making it imperative to further adjust to the final design during budget control .
project manager himself admitted that there existed a lack of information about prices , which in fact led to a number of unrealistic dialogues about costly functions like recognition .
