industrial designer believed that the working design did not involve specialised technologies and therefore would not cost much or be difficult .
user interface questioned this statement by arguing that the technical functions depended on the user requirements .
the team discussed this point and then agreed that the remote control should be for novice users .
later on , project manager suggested going through market research results delivered by marketing and the new requirements shown by themself .
these clarified the directions of design and then the team agreed to include simple functions , certain large buttons , etc .
