user interface regarded the command interface as useful for remote control .
it was less complicated and more user-friendly .
in comparison , the interface consisting of many buttons , colors , and functions would n't improve the use of the product and was challenging to understand .
as for expense , the command interface was also cheaper .
therefore , more budget could be targeted to the design area .
