in the presentation , marketing listed the three most important aspects of remote control .
the priority was to have a fancy look-and-feel instead of the traditional one .
secondly , the remote control should be technologically innovative .
moreover , it should be easy to use .
marketing also mentioned that fruit and vegetables would be the popular theme this year .
in this way , the group turned to discuss some ideas about combining this theme with their design , like applying an abstract design and putting photos on the product .
