the team agreed that the device needed to be robust so that it would n't get damaged easily .
as for the features , the team believed that fewer buttons on the remote control would make it easier to use .
besides , a combined remote was favoured , as it can be a device for more than one remote .
however , the team believed that the two features are mutually exclusive .
