project manager introduced the agenda of the meeting , and the group became acquainted with each other .
the selling target of the remote control would be set as four million .
the group discussed industrial design , working design including the theme of hello kitty and bright colours .
they also decided that the remote control was only for television , and its technical functions must be simple and marketing the user requirements specification .
