according to the marketing , the research finding showed that the current users are older than forty , which is to say that they have to aim the consumers at below forty as long as they want a new market .
as for the user interface , he thought an extra function was needed to hide all the features and display a clear menu .
of course , some fashionable functions would also be welcomed .
then the group came to realize that it would be really hard to compromise between the functions and the fashion .
