to maximize the satisfaction of the users , the first thing should be confirmed is that the power button should be put on the right top where it can be reached with a thumb easily .
then like all the remote controls , they should have up and down for the channels and left and right for the volume .
besides , the button for the screen brightness was also important .
to make their remote control unique , the user interface proposed to add their logo on it .
