during their discussion of the button layout , the first agreement they achieved was that the power button should be put on the top of the remote control .
then the project manager proposed to put it on the right that most people are right-handed , however , considering that a few would be left-handed , the marketing put forward to design some special additions to meet such need .
