the user interface proposed to add a logo on the remote control , but the problem came that it did matter much how to locate the screen and the logo .
at first the marketing planned to put the logo on the left top but then he elaborated himself that the logo should be the last one to be considered that it would be put wherever space was left , instead of letting the logo decide where the screen would be put .
