this was the first meeting on the team 's project .
it started with every member introducing themselves , getting to know each other 's names as well as their individual roles in the project .
project manager then revealed the overall plan for their project , announcing that they were going to design a new television remote that would be both trendy and user-friendly .
after that , each person drew their favourite animals on the whiteboard and shared their reasons for the choice , with project manager choosing an elk , industrial designer a cat , user interface a dog , and marketing a butterfly .
project manager then added some financial details to their plan , setting their selling price and cost .
in the following brainstorming time , they raised ideas on night-time operation , a tracking device , and the design for buttons and shape .
finally , project manager arranged tasks for each team member to take on until their next meeting .
