the team took turns to draw their favourite animals on the whiteboard while discussing what characteristics of that animal they liked .
project manager 's favourite animal at the time was an elk , since she considered it a large beautiful majestic creature that can overcome harsh terrain and defend itself .
industrial designer followed with a cat , favoured for its independence and always knowing what they were doing .
user interface drew a dog , for dogs were trainable and friendly .
finally , marketing chose a butterfly , seeing it as the symbol of spring arriving .
