first , project manager announced that her favourite animal at the time was an elk .
user interface immediately joked that it looked vicious , what with the big antlers .
industrial designer then asked whether everyone had elk where they came from .
the team then complimented project manager 's drawing for the elk .
project manager consequently gave her reasons for choosing the elk as her favourite , saying it was a large beautiful majestic creature that could overcome harsh terrain and defend itself .
she considered that even though elks would appear awkward , they were actually very gorgeous animals .
