marketing first talked about the fact that it was often hard to see the buttons in the dark .
industrial designer followed by pointing out that remotes tend to go missing a lot , and thus a tracking device would be really helpful .
user interface then proposed that there are too many unnecessary buttons on a current remote , and a hidden panel for less used buttons would be useful .
project manager further suggested that their remote could be some other shape instead of the standard rectangular , while the team reminded her that their product must be both novel and universally acceptable .
