on a 7-point scale from true to false , project manager first rated the remote at 1 point for it being undoubtedly fashionable .
yet industrial designer immediately objected to this .
after marketing seconded project manager 's evaluation , industrial designer hesitatingly gave it a 2 , saying it 's not fashionable enough at the moment .
when marketing and project manager defended their views by pointing out it 's only a prototype they 're seeing , industrial designer insisted on his objection and rerated it at 3 or 4. this disagreement finally presented the average rating of 2 for the remote on the fashion criterion .
