marketing first wanted to check whether the remote was going to have the phrase recognition function .
this function was not reflected on the model they were seeing , but user interface and industrial designer confirmed that it could be realized with a special chip .
marketing thus decided that the remote was technologically innovative enough .
since the remote was only designed for tvs , it was rated 3 by marketing , 3 or 4 by project manager , and 4 by user interface .
with an average of 3.5 , they agreed that the remote had reasonable technological innovation and was sufficient for their project .
