industrial designer first pointed out that they got stifled for creativity by the company restricting their product to only a tv remote .
user interface complained about having no whiteboard or internet .
marketing thought they did a great job in general , having control over the actual design .
industrial designer and user interface were satisfied with their teamwork , while project manager also commented on them being a congenial team .
further complaints were made on the survey , yet they appreciated the digital pens , wireless laptops , a shared network , dual microphones and big brother .
many new ideas were also found through this process .
