marketing commented on the overall process as fairly satisfying , since they had control over most of the detailed design of the remote , how it should be advanced as well as fashionable .
as for teamwork , industrial designer and user interface thought they worked well together , and project manager praised the team for being congenial .
they also appreciated many things that were available to them , including digital pens , wireless laptops , a shared network , dual microphones , and big brother .
they agreed that many new ideas were developed as well .
