the meeting was mainly about the conceptual design of the remote control .
firstly , marketing introduced market research and fashion trends around the world .
while the user interface emphasized that easy to use was more important .
then the industrial designer talked about the overall requirements from the engineering point of view , including the size of the device and source of energy .
the group members spent time figuring out the real size of the tft screen and energy problem .
after that , they discussed the shape of the remote control and decided to make it like a banana .
based on this shape , they talked about the detailed design of the appearance and user interface .
