marketing suggested that they could develop the remote control into a hand held mini laptop , so that it could control all sorts of appliances .
but at the end of the meeting , they made the decision that the new remote control would not be a multi-functional one , and it would only be designed for television .
