user interface thought that the feature easy to use was more important than being fancy .
he mentioned that the more frequent buttons should be larger and be placed in good positions .
he preferred to put some buttons in special places and cover these buttons , or put some buttons inside the remote control .
and the remote control also had to be easily taken in hands and energy-saving .
