infra-red was mentioned by project manager along with the multipurpose function .
marketing proposed shock proof .
user interface put forward waterproof .
and then marketing went on to offer battery status display as an optional choice , which he had no idea was a great production cost driver or just a tiny led .
