when project manager proposed the application of infra-red , he himself admitted the risk of exceeding target cost .
the same concern over battery status display was expressed by marketing .
hence , he agreed to find out a specific cost before decision-making , with marketing implying that he wanted it to be applied if possible .
