marketing suggested that they could devise a new system for the remote control , and make the remote into a miniature laptop .
the reason for the occurrence of the idea is that there are already many kinds of cutting-edge remote controls in the market , and the multi-functional remote could control all sorts of appliances in the house .
