project manager announced that the remote control would be priced at 25 euros , produced at a maximum cost of 12.5 euros to achieve a profit aim of 50 million euros .
and project manager went on to emphasize that the target market would be international , covering different kinds of users , cultures , and trends .
no dissent was raised by other team members .
