marketing presented the user requirements .
the market research results were from 100 people .
it frustrated users most when they failed to find the lost remote control .
the market research also revealed a necessity to simplify the remote control interface , for users would not take time mastering the remote control .
most buttons were thus unused , and teletext was outdated now .
besides , marketing expressed a negative view on the incorporation of voice recognition .
