the market research indicated that between the age of 15 and 25 , most people would be willing to pay extra fees for voice recognition .
however , marketing pointed out that such a result barely implied users ' expectation for a fancy and unique remote control .
there were several problems with the existing voice recognition software , such as the limitation on word number and inaccurate recognition results due to regional accents .
in conclusion , marketing considered the incorporation of voice recognition to be unfeasible .
