user interface and industrial designer agreed on the intuitive interface design with menu navigation on an lcd screen .
meanwhile , the team would involve as few buttons in the remote control interface as possible .
the new remote control would only be for basic functions such as volume adjusting and channel flipping .
a separate joystick would be for additional functionality .
the new remote control would be the integration of original remote controls for different devices .
voice recognition was unfeasible due to the budget limit .
a speaker and a transmitter were desirable , however , for the location function .
