project manager thought that the interface design was still not intuitive and useful enough for now .
marketing agreed and pointed out that the present target group might be too large .
marketing suggested that the team should figure out specifically for whom they intended to design the interface in case the customers were confused about the remote control and got dissatisfied .
