the whole meeting was focused on the target group and the functionality of the new remote control product .
after project manager briefly reaffirmed the meeting procedure , marketing , industrial designer , and user interface each gave a presentation about trend-watching , working design , technical function respectively .
then , project manager started a group discussion about the demand for teletext and video , for which thick key design was accepted as a feasible solution .
then , the group discussed the target group based on the predetermined budget , and accepted universality as an important feature .
