first of all , project manager launched a discussion about video over-demand , during which user interface and industrial designer mentioned some fancy functions like downloading and streamlining .
then , project manager announced that according to the account manager , teletext could be included in the discussion , though its obsolescence incurred doubts over its usability and necessity .
after that , project manager offered a choice question between television and further recording devices represented by dvds , vcrs , and hard disk recorders .
finally , to cater for the younger people , user interface devised big thick keys for rc in imitation of mobile phones , which received positive feedback from other team members .
