project manager first brought up teletext as a well-known feature of televisions , but then admitted that it was becoming obsolete due to the development of the internet , though it was still used .
under this circumstance , project manager put forward two options , one of which was to stop at the television phase , and the other was to go further to the phase of the recording device .
then he started to talk about target customers in the first place and laid teletext issues on the table .
