when projected manager announced that the group should decide on the target group , marketing thought that with a tight budget , the functionality of the product would be greatly restricted .
hence , only a low market could be reached .
however , after a brief discussion about lcr screen , project manager brought back the idea of universal remote control , and the group reached a consensus on the feasibility of designing a basic universal remote control at a low cost .
