marketing thought that remote control should be targeted at a low market .
first , considering the tight budget , marketing described the product as a cheap-end remote control , which would hardly gain the advantage over competitors in functionality .
by saying that she implied that a high-end rc for a high market should be equipped with sophisticated functions , which were not possessed by a low-cost one anyway .
therefore , only a low market may want to buy it .
