when marketing first touched on the idea of a universal remote , she quickly rebutted herself , arguing that a high-end product was not achievable with a tight budget .
however , project manager said that the group could make an attempt to provide a basic version of universal control , which could switch between stereo , vc , and tv .
thus , the group agreed to give universal remote a try and see if they could design a cheap one within budget .
