the project manager gave a brief review of the team 's last meeting , then industrial designer , user interface and marketing gave their presentation each .
industrial designer 's presentation is about the components and system of the remote control .
user interface gave the presentation about the design of the remote .
the team agreed that there should be 17 buttons on the front of the remote and two on the back .
marketing 's presentation is about the research into the functional requirements that people want out of their remote control .
the team agreed that they could add a clap-back function to the remote .
