marketing thought the prototype was not much technologically innovative because they did n't have lcd screens and a fancy chip .
while project manager thought the kinetic battery was a good innovation .
the group supplemented that people might notice this feature after a year if they had n't changed the battery .
so the group agreed to give an average of four out of seven .
