marketing firstly took the ipod as an example when illustrating the ease of learning the new remote .
however , user interface mentioned that it would be harder because users had to use the menu system and need to tell it what their favourite channels were .
and it was a high learning curve , so user interface gave four out of seven .
