industrial designer suggested having buttons all in one colour and reduced to four .
while project manager thought that six buttons were important and suggested having a single-curved and a simple chip to even out the product cost .
the group agreed on it and they had a product price reduced to 12 euros .
