both the devices had the special shape , like the surf-board .
the first prototype was a pretty simple design with lcd display and an on-off button in red .
it was easy to use and could only be used for the tv mode .
after all , the team concluded that it was a standard design except for its special shape that made it look adorable .
on the contrary , the second prototype was advanced in its speech recognition function and looked like a fashion mobile phone .
it came with six key buttons and one orange one for the microphone .
if the user would like a speech recognition and a lot of information on the channel could be displayed directly on lcd display .
also , the components for the two designs were low in weight and there was led to indicate the battery usage , making it convenient to use .
to conclude , marketing fancied the second one 's size and shape .
