according to the project manager , the group had gone far beyond the budget , so they had to cut down something on the current conceptual remote design .
the first idea they came up with was to reduce the number of the buttons .
the industrial design proposed to use an integrating button to replace the scattered ones , but inevitably , this also had some defects .
the user interface focused on the material and he put forward to choose a cheaper material like wood or plastics .
paying attention to the energy consumption , the marketing suggested using a hand dynamo to save the cost of batteries .
