the user interface suggested to use plastics as the material in order to reduce the cost .
however , the project manager would like to use wood for fear that the color would not be bright enough .
fortunately , according to the user interface , there were actually hard plastics with attractive color , that was also why he insisted on the plastics as the material .
