as to have a clear idea about what they had already got , the project manager proposed to evaluate finished work first .
then through the review , they found the problem that the joystick might not function as well as they thought before .
in addition , in order to keep it innovative , the group decided to add some unique things like fruit logos or make it in a three-d shape .
according to the user interface , they should put the electronics into fashions so the material also needed some discussion .
plastics and rubber were both fine to them for that they were not easy to be destroyed and favored by most youths .
after all the discussions , the marketing offered a questionnaire for them to check whether they made the right decisions .
