when the group was talking about the material and function issue , the marketing laid stress on the innovation for that they already had to drop several advanced techniques to meet the budget limitation and it was necessary for them to find something unique.he pointed out that they could take the advantage of the fruit and vegetable logos on the remote control , as well as the primary colors of the button .
