when discussing whether they were on the right track after so many changes in their design , the marketing offered a questionnaire for the group to check if they did the right thing .
the questionnaire included both positive issues and negative ones , and by ticking all the questions on it , the group received a mark to evaluate their work as well as compare themselves to their counterparts .
to the project manager 's satisfaction , the score eventually showed that they made the right decision and exceeded some others .
