industrial designer expressed initial working design about remote control .
user interface suggested that remote control should be user friendly with not too much but clear buttons .
marketing showed us data about functional requirement remote control .
project manager said that the new requirement about remote control was teletext should be paid less attention as it was outdated .
future customers ' age should be focused on forty plus and new design should include corporate colour and slogan .
