marketing recalled what the team had identified as being important to sell the product for both the devices and made a list of features from the marketing point of view .
for both of the prototypes , marketing asked the team to give one to seven points to each feature of the product and the lower the points the better the feature .
for instance , look and feel , innovation and ease of use , were the three important components that marketing wanted the team to discuss about .
this might help with the conclusion whether the product was appealing to the correct demographic and incorporated the fashion trend into it .
