marketing suggested the group to focus on a fancy look and feel more than the functionality of the remote design .
group mates asked if they would have a remote control in the shape of a banana .
marketing said they should not be attached to the trend because the trend next year would be different .
so , marketing suggested focusing on a young user group and designing a handy and cool remote .
