user interface explained that the technology could recognize and train keywords in a certain order like a phrase .
project manager asked user interface whether it was just to playback something and was not really to do the control .
user interface supplemented that it could recognize a set target kind of word .
so project manager thought this function is completely pointless from the interaction point of view .
