user interface suggested including the turbo button in scroll wheels and introduced that the turbo button was like a scroll wheel to scroll the past television stations without seeing what 's on them .
marketing asked about the speed whether it could be controlled .
user interface explained that users could skip over channels and know it was going fast or whatever .
user interface also suggested switch on and off buttons .
project manager agreed to add one switch on button .
