the group decided on the final prototype features to include extra functionalities such as scroll wheels , the speaker , and the base station that could fit a banana-shaped object .
the group also agreed to need an rf to beep , wheels to control the volumes and channels , turbo button , and switch-on button .
besides , the group confirmed no lcd and asr for the remote control .
