the marketing specialist did some research and the marking specialist stressed on the topic of appearance .
to combine with the company ’ s motto , the marketing specialist believed in providing the international market with fashionable remote controls .
and the statistics also showed that eighty percent of users would spend more money when a remote control would look fancy .
hence customers would spend more money on a fancy-looking remote control .
