the marketing specialist discovered that since a button would be too troublesome , a large percentage of the public would also like to pay for voice recognition on the remote controls .
however , the project manager raised certain limitations of voice recognition function , and it also clashed with the intention of designing a simple product .
