the marketing specialist suggested a lcd screen could be installed .
the industrial designer thought it would be good to link with the teletext function .
also , the marketing specialist raised points about the target age group .
in their assumption , a teenager would not be willing to pay for an expensive remote control , whereas the elder age group would be more willing .
the group reached a consensus on catering the product to the age group of early twenties .
