the project manager mentioned that they would love to incorporate the company ` s logo and colour into the product design , but it did not necessarily need to be the same colour .
since there was not a plan about which specific colour and logo to use , the industrial designer initiated the colour yellow and it was adopted .
