the group agreed on making it small , but the findability was a problem .
the user interface designer suggested that since the remote control was only linked to one tv set , it could stick to somewhere .
and in order to reduce the size , the user interface designer further suggested that the remote control could charge within the socket , so it could obtain electricity which was provided from the tv ` s power source .
