the group liked the fluorescent idea .
the user interface designer suggested that since fluorescent lights lost their brightness after a certain time , the group could make this function tactile .
they decided to make this function into little arrows that could be felt .
they further debated on whether to use a battery to provide power or to use a naturally fluorescent material .
