the group wanted the lighting up to be a faint glow , so that it would not cause a sudden explosion of light in a dim environment .
at the same time , the glowing buttons would be made in the shape of numbers so that the vision-impaired people would be taken care of .
meanwhile , they wished the glow was in neon style so that they could implement the company 's colour in it and make it trendy .
