the marketing specialist threw out the idea of making the remote control cover changeable and personalized .
the marketing specialist further suggested that they could incorporate the tv theme elements such as bart simpson into the cover .
however , it might raise a question about copyright issues so they decided to delay the discussion .
