marketing presented the results of interviews conducted with remote control users .
eighty percent of users indicated that they would be willing to pay more for a remote that looked fancier .
fifty percent of users indicated that they generally only use about ten percent of the buttons on their remote controls .
user interface then presented the difficulties of a universal remote and also mentioned that few buttons are needed frequently by users .
