this is the third meeting of the design group .
project manager raised the question left over from the last meeting .
that is , what kind of energy source should be used .
industrial designer preferred a combination of solar cells with a back-up basic battery , but project manager rejected and decided to use a long-term battery in light of the production cost .
then industrial designer described the advantages and disadvantages of custom-designed chips and chips off the shelf .
due to the significance of technological innovation , the team decided to choose the former .
after discussion , the team agreed that they needed buttons for channel change , power , menu and volume , and proposed to add a slide button .
in terms of the appearance design , marketing proposed to follow the fashion and use a spongy material .
in order to keep up with the changes in fashion , the team recommended interchangeable covers .
