this meeting was about conceptual design .
firstly , groupmates had three presentations on components , trend watching , and interface contents .
their target age group was below forty , so they suggested personal preferences on the remote , like the material , the battery , the speech recognition technology , etc .
then , they discussed the trendy features and decided to include parental control as well as the gaming features in the remote control .
finally , project manager shared some master class knowledge with group mates and suggested applying a marketing campaign , large provider marketing approach , and real reaction product idea .
