firstly , industrial designer presented components based on the target age group 's preference for stylish and material , including energy , chip , and lcd .
next , marketing presented market trends and suggested the group should focus on the main audience and use fresh colours , rubber materials , speech function , and the log-in functionality with the slogan .
then , user interface presented on interface contents and suggested a big touch screen , a program menu with volume plus and minus .
