marketing suggested the second personal preference from the market trend was to consider technology innovation , including the speech function recognition and the link with mobile phones .
the reasons were that the market was screaming for new technologies and users could use remote to do something else , like gaming , when parents were watching some boring program .
