when the group suggested having the implementation of parents ' log-on screen in the remote , industrial designer thought it would be not worth investing much time and effort to program .
however , project manager disagreed with this because there would be a huge market for parental control when they heard from magazines that many parents thought their children were influenced by televisions .
also , project manager mentioned that their target group was below forty , and lots of families had children at a young age .
