this meeting talked about the conceptual design of the remote control product .
industrial designer gave the first presentation , stating the personal preference for components designs .
user interface delivered the second .
it led to a following discussion about basic function types as well as the size of their buttons .
next , marketing 's presentation identified the three most important aspects of remote design and expressed the focus on the trend on the elder market .
as such , the group started to discuss how to meet the satisfaction of different age markets with the design .
after that , project manager steered the meeting to further questions , including technical functions , material , color design , buttons functionality , and docking station design .
