industrial designer made a presentation about the personal preference for components design .
the remote should have a solid case in plastic and soft rubber and the rubber push-buttons .
as for the energy source , the basic battery was better because it was more convenient for remote control users .
as for the chip , the simple electronic chip should be available with an led transmitter .
next , the group came to discuss the possibility of lcds that had been noted .
