industrial designer proposed to select a combination of solar cells with a back-up basic battery , but project manager rejected and preferred a conventional one .
in terms of the choice of chips , industrial designer pointed out that custom-designed ones were more flexible but would cost more and take a long time , so project manager favoured chips off the shelf .
however , in view of the significance of technological innovation , the team eventually chose custom-designed ones .
