marketing indicated the three most important findings : fancy look-and-feel , innovative technology , and high ease of use .
as the fruits and vegetable theme and sponge material remained trendy that year , the group turned to discuss how to combine the fancy themes with the design and find a proper balance between the elder market and the young market , the specific topics including the color design , the possibility of related symbol and pictures , and the location of business logo .
