industrial designer wanted an lcd that could be applied to show program information , which was also trendy if colored .
however , this idea was disagreed by other group members for the following reasons .
first , a big lcd screen was too expensive .
second , most users read the information on tv and the internet instead of the remote .
next , lcd had a vulnerable feature and was also too functional to match the basic design concept .
moreover , for user interface suggested that the design required only one specialty , lcd was not that necessary when the group had already decided on the docking station .
