project manager thought titanium was considerable and mentioned several possibilities , such as the complete titanium design that was trendy .
user interface disagreed , pointing out that titanium was used even more than plastic .
other shortages considered included making users ' hands a bit sweaty and becoming quite cold in winter .
