the first presentation was about users ' functional requirements .
marketing mentioned that 80 % of people like fancy appeal remote and younger people prefer voice recognition .
the second presentation was about technical functions .
user interface suggested that as a communication tool , the remote should be practical and ergonomically designed .
the third presentation was about working design .
industrial designer introduced four main components , like a battery to make it work , the chip to convert the data , the user that 's controlling the chip , and the infra-red bulb that moves the data to the receiver .
