when industrial designer demonstrated two different remote controls , project manager thought neither of them was pretty .
mentioning about the cool look about the functional design , industrial designer suggested taking consideration of the cool appeal into the selling point of fashion remote because there was a market for cool looking technology and ergonomic design .
