industrial designer suggested a rechargeable station like a cradle for the ipod when discussing the battery for essential functions because it might contribute to fewer people losing it too if it stayed in one place .
project manager agreed and suggested thinking about the space in the living room as well when designing this feature .
