firstly , project manager reviewed the overall process that the team designed the remote control that they had viewed the fashion trends and incorporated the key features .
after that , user interface introduced the prototype of remote control based on the previous discussion of its function .
the prototype was yellow like a banana with a simplest quick on-off button and could be used both-handed .
secondly , marketing designed an evaluation test according to criteria found of the market trend as well as the customers ' complaints and the team gave one to seven points to the shape , colour , material , controls and functions of the product .
thirdly , the team found that the current product exceeded the budget , so the team decided to completely discard the single button and lcd .
lastly , the team gave positive feedback on the project and the process .
