marketing had some evaluation criteria in mind , based on previous marketing strategy , on the latest trends , and on user preferences .
the team should figure out whether their product could solve the complaints of the ugly remote control .
there was a seven-point scale rating for each criterion .
the team would give comments to each feature listed and agree on the final rating .
