to start with , the team agreed that the remote control was indeed innovative with the lcd display incorporated and the way it could be used both-handed with an alarming feature .
also , it aimed at the recent fashion trend since it looked like a banana with a special yellow colour .
although some of its features were identical to an ipod , the team believed that it was a creative design for remote control .
