industrial designer proposed to give up the curve , but other people argued that the remote control would turn into something ordinary and be a straightforward remote control .
project manager thought it would be a good idea to separate their product from the rest of the remote control world .
therefore , they decided to keep the curve .
