user interface and industrial designer firstly presented on the prototype features which agreed to have a banana shape with a size that fitted to the hand .
also , they showed the prototype with a leaf base station with a calling button to locate the remote control .
as agreed by the group , the prototype would have two scroll wheels to control the volume and the channel , the turbo button that also could be used to turn on the tv , the teletext button to faster switch the channel .
also , the group decided to give up on the solar cells and to use rechargeable batteries for the power source .
concerning the product cost , the group decided to use a regular chip for the speaker .
