marketing constructed a list of evaluation criteria based on the general user requirement .
the group had an evaluation on the prototype , and they agreed it was a fancy , handy , and cool device that was easy to use .
while user interface disagreed with the criteria on whether people would change their remote control for a new one because he thought the banana did n't have a positive impression and it might have a market for young people .
