user interface proposed that to avoid excessive buttons , a slide button could be used and envisaged that the push button could be added when changing the function of the slider .
project manager agreed and supposed that three buttons could be put on a slider .
eventually , the team achieved an agreement that they need buttons for channel change , power , menu and volume .
