project manager agreed that the group had used fairly on the whiteboard and digital pen during the meeting .
they all agreed on much creativity satisfaction during the discussion .
user interface supplemented that they should focus on broader target markets within the european countries .
also , project manager suggested that they should use the same evaluation criteria to do a street survey with young people .
the group agreed to improve in an integrated circuit board to control things other than tv .
