user interface suggested two new ideas .
firstly , to simplify the circuit board that they were using inside .
this was because the group might need an integrated circuit .
secondly , version two could have the ability to control things other than the tv and not just electronic equipment but the whole environment of the room .
