the team talked about using a battery on the remote control and discussed different types of energy , they would find out if the kinetic metal was sufficient to provide enough energy .
as to the shape of the remote control , there should be a curve which would fit into users ' hands when they grab the remote control .
they discussed material used to design the case of remote control , such as plastic or titanium , but they were still discussing which one should be used .
