project manager initiated the first meeting topic on the new project agenda , including welcoming the groupmates , the project plan , the project method and tools .
next , project manager invited everyone to draw their favourite animal on the whiteboard .
then , project manager introduced the target selling price of twenty-five euros for the remote control and a profit of fifty million euros .
the target market would be the international market .
