industrial designer proposed to specify the location of the microphone .
project manager and user interface disagreed with each other .
project manager thought the microphone should be under the flip so that users could easily turn off the voice recognition , whereas user interface insisted that microphone should be on the side so that the remote control could be activated by voice even when out of reach .
