project manager thought push buttons were simpler , cheaper and more reliable and initially had doubts about slide buttons .
but when user interface revealed that slide buttons actually cost the same as push buttons , project manager agreed to the idea and supposed that three buttons could be installed on a slide button to save space .
