project manager introduced that the goal of this project was to develop a new remote control .
it should be original , trendy , and also user friendly .
the group would be going to follow the project method , which included three steps .
first the functional design .
the second 's a conceptual design , and then the detailed design .
during each step of each design , groupmates need to work individually on their specific tasks and will meet to discuss and take decisions about what they did and what they will do next .
