firstly , user interface drew a spider because he thought it was easy to draw in the corner of a whiteboard and spiders can move all about the web in two dimensions .
marketing drew a friendly panther because it was fast and black , so it could hide very easily .
and it looked powerful and strong .
industrial designer drew an elephant because it 's peculiar about the way they walk .
and they are the biggest terrestrial animal .
