project manager mentioned that they should target a selling price of twenty-five euro for this remote control which would generate a profit of fifty million euros .
and they should target the international market .
user interface supplemented that they need to find out what people are willing to pay for and what kind of product they 're expecting for twenty-five euro .
