industrial designer gave a very detailed introduction to his drawing of an elephant , including the difference between indian and african elephants .
so project manager interrupted him and told group mates they would move on to the next topic because they had limited time for discussion .
in addition , project manager said there would be an update meeting about elephants next time .
