this meeting was about the functional design of the remote control .
firstly , user interface presented on the technical function design .
for the previous remote , user interface found it was clunky but the functions were basic , or the remote was too complicated with lots of buttons .
based on this , user interface demonstrated two kinds of buttons access to advanced functions .
next , marketing presented on market trends and proposed three inspirations including the fancy look and technology innovation based on the customer needs .
then , industrial designer presented on the working design and introduced the working design logic of the battery and power source .
lastly , the group discussed the remote functions .
they decided to have fifteen to thirty-five-year-old target groups as well as to have video controls map to advanced functionality so that they could skip the basic channel button .
