the group mentioned that if they need to include speech recognition , they should target between fifteen and thirty-five because this age group would be willing to try new technology .
group mates also supplemented that this age group had a bit of expendable income to spend on the new technology and they were familiar with computers .
