after project manager recapped the decisions made in the last meeting , such as having a child lock and display clock , user interface started the presentation regarding how to make the interface more attractive to customers .
then , industrial designer gave the presentation on the component design of the remote , which was divided into two parts - the components in the remote and the working design .
afterwards , marketing reported findings for marketing like the people wanting fewer buttons which the functions were obvious .
in the end , project manager wrapped up the meeting , concluding what had to be done by each of them for the next meeting .
