there would be nine channel switches and a memory switch .
there would be buttons for the next channel , subtitles , increasing and decreasing volume , mute and controlling features like colour , contrast , sharpness , brightness of picture .
there also could be a speech recognition feature , which would be an integrated programmable sample sensor speaker unit that had voice recognizers to record the user 's voice and change functionalities accordingly .
it was agreed that the interface should be simple with important features .
