it was agreed that the circuit board would be printed in bulk as it would be cheaper with no wires and both regular and advanced chips could be made on print , including the infrared sender .
a scroll wheel , presented as an alternative to push buttons , required a more sophisticated chip , making it more costly than push buttons , which require a regular chip .
hence , the team agreed to have push buttons to save cost .
on the other hand , the case would be bright , colourful and strong with a trendy design .
the battery was foreseen to be the energy source of the remote .
