people liked something that fit their hand and fewer buttons which the functions were obvious .
they did n't want to squint at small prints and did n't care for different modes .
the appearance of the remote should be eye-catching and appealing .
the remote had to be in the market before competition for christmas .
fruit and vegetable shapes were very popular this year and people were back into a soft and spongy feel with a little cloth .
the star features of the remote should be narrowed down to one or two and voice recognizer could be an option .
