industrial designer was supposed to have the look and feel of the design , user interface should have come up with user interface design and marketing should have the product evaluation for the next meeting .
furthermore , user interface and marketing had to work together on a prototype using modelling clay and everyone would receive specific instructions sent by coaches .
