marketing first shared the results of their lab tests .
it was found that users preferred a fancier but yet simpler remote , and as a result , their product should be high-tech looking but also user-friendly .
since the research found that most users would only use ten percent of the buttons , they decided to only keep the most necessary ones on their remote .
users also claimed that remotes tend to be lost easily .
finally , since speech recognition was popular among users , the remote should have this function as well .
