one thing they could do was to design a lost-and-found function to accommodate the user 's need to retrieve the remote when it was lost .
another way was to give it a modern eye-catching design that could distinguish the new remote from current standard ones .
also , given that speech recognition was an up-and-coming thing among their target group , they could include this function in the remote , allowing users to control their devices by simply speaking to it .
