industrial designer suggested that the remote could be attached to a charger base , and the lost remote would beep if a button on the base was pushed .
this might add to their costs , and would require a rechargeable battery for the remote .
project manager later proposed that the speech recognition could be part of the lost-and-found device .
this would allow the remote to beep when hearing a certain phrase .
