according to marketing , seventy-five percent of the users found the remote controls which were available now in the market were ugly .
eighty percent of the users reported having the willingness to pay high for good-looking remote controls .
thirty-four percent of the consumers considered their remote controls were too difficult to operate .
what 's more , some companies believed that they shall have more functions in their remote controls .
however , rather than having more functions and making it complicated , they shall emphasize what actually customers wanted and what they operated .
all of these market potentials were required to be taken into consideration in order to enhance profits and sales .
