marketing summarized the market research results and revealed that fifty percent users only use ten percent of the buttons .
so the team proposed to reduce buttons to a minimum .
marketing believed that speech recognition could also contribute to this regard .
user interface showed a user-centred remote control and an engineering-centred one and preferred the user-centred one as it had fewer buttons and was easier to hold .
