project manager expected to have a remote control permanently available .
industrial designer proposed to have a rechargeable battery or a battery dock , while project manager preferred a disposable one .
then industrial designer came up with a combination of both solar and conventional batteries .
