project manager announced that the remote control ought to be only suitable for tv , and that teletext as an outmoded function should be skipped , while internet access becomes an optional function .
meanwhile , target customers are specified as 40 plus .
however , project manager 's requirements of no teletext and design simplification were effectively challenged and rebutted by marketing .
as a result , the focus on the project was changed from design to functionality .
