marketing was strongly against the `` no teletext but internet '' requirement , because he thought there was little chance that customers over 40 would use tvs with internet access in the near future .
and he added that teletext was no doubt a key feature for the remote control , especially for the elder generation , and hence should not be ruled out anyway .
consequently , the group agreed to keep teletext and further negotiate with the board .
