on the whole , the results of the market potentials helped the team know the status quo and form some general ideas about the functions required by the market .
first of all , the team realized the requirement for beautiful products , thus aiming to design good-looking and appropriate tv remote controls in order to enhance the sales .
second , since about one-third of the consumers reported to have difficulties in using their remotes , the team then agreed to reduce the numbers of buttons .
lastly , they decided to add speech recognition to their products because people from fifteen to thirty ( the age group contained most of the consumers ) enjoyed this function very much .
