firstly , after a short debate , the group reached a consensus that basic layout would be enough for the button design , on which too much emphasis would be unnecessary for the elder generation .
then , the group agreed to implement a docking station as an extra with a positioning function .
also , as opposed to touchscreen or lcd screen , an ordinary small screen and default materials were applauded .
finally , project manager proposed to specify the target group as people above 60 , which could improve product image as marketing said .
