though project manager brought up scroll button and joystick as possible options , industrial rejected that idea by arguing that the elderly were not accustomed to using them , therefore basic layout would be sufficient .
then marketing further pointed out that there was not so much to gain in the competition of less buttons , as very few buttons would be needed for a tv remote anyway .
project manager accepted those ideas .
