marketing 's research about user requirements showed that 50 % of the people tended to find their remote controls lost .
therefore , the docking station as an extra would help users find its position .
to achieve this the audio sign would be implemented .
when users pressed a button , the phone on the remote control went ringing and indicated its position .
