project manager introduced a new remote control project for television .
at first , team members got their roles .
then they discussed what had to be done to design a remote control which had different features .
priority will be given to the functions .
for example , team members hoped that users could choose what they want not by channels but by contents .
to implement the functions , they discussed a lot , such as speech recognition interface and navigation buttons .
