user interface initially believed that there would be an emerging market for the touch screen remote control which could be programmed in a sophisticated way .
users could redesign their remote controls to their own needs .
remote controls originally designed for different devices could now be integrated .
project manager , however , reminded user interface about the budget issue .
user interface then admitted that a conventional push button would be a better choice than a touch screen .
