when discussing the basic functionality , the team agreed that it was the most important to meet the user requirements .
industrial designer suggested that the team could consider incorporating a keypad for the better game experience .
user interface went on making a contribution .
an ergonomic curve design was recommended by user interface and appreciated by project manager , for it would make the remote control look more stylish .
