marketing pointed out that customers generally expected the new remote control to be fancy and technologically innovative .
the trendiest shape might be fruit and vegetable .
users hoped that the remote control could be spongy .
marketing suggested that the team could decide on a shape of fruit and rubber material .
