marketing did not understand the purpose of a programmable remote control .
project manager agreed with user interface on that if users used the remote control for different devices , they would need to program particular commands into codes on the remote control .
project manager added that users could even make the remote control perform a specific function by looking up the function name produced by themselves , instead of looking for the command code on the computer .
