project manager mentioned the target market group because the team would make a product evaluation on the next meeting .
project manager implied that the team should consider a younger age bracket , for they were most likely to be the group that owned enough free cash , and was , at the same time , prone to replace their remote controls .
