the group rejected the idea of wind-up because it was n't suitable for the theme of the remote control , and the idea of solar power because it was inconvenient to use in darkness .
industrial designer suggested using the kinetic as the source of power .
this opinion was accepted by the group because of its convenience , light weight , fancy design and the good selling point of the environment .
