the kinetic was both useful and convenient .
users only had to move it instead of putting it into a recharger or changing the batteries , and it could also be used easily in dark places .
more importantly , it could be a good selling point that doing exercises when users were watching the tv helps the remote control work .
