although there were two options : a light inside the remotes and glow in the dark material , the team finally agreed to choose the later one because it was much cheaper .
besides , it was believed that combined with speech recognition , it would be easy for people to locate their remote controls , thus enhancing the overall market sales .
