it should be a multi-functional gadget that would control all household machines , such as air conditioners and audio players so that it would be different from other kinds of remotes .
also , the remote can either blink or beep as a response to a clap or when it is in a dark spot to help the user to locate it .
