project manager introduced a new remote control project .
the team started to know each other by introducing their roles in this project .
project manager then invited everyone to raise ideas about the remote .
their discussion included its versatility , anti-loss design and possible appearance , but there was no final decision on these matters .
the team agreed that the remote control should be one-handed , user-friendly and globally attractive .
in addition , they noticed that these ideas should be realized under the price target and balance the stability and design sense of the remote control .
