user interface thought that changing channels is the basic function of the remote control , but can also be turned into a universal remote control .
based on the reality that the remote control is often lost in our life , he thought that they should add anti loss design into it .
marketing further proposed that tracking devices can be used , and industrial designer agreed that some beeps or vibrations can be added .
project manager thought they needed to design a trendy , interesting and sturdy remote control .
