user interface proposed that they can design a fashionable and modern spherical remote controller , reduce buttons to make it simple , and connect several parts of the remote control with hinges .
marketing put forward the keyboard shape remote control , using the handle to make it more user-friendly .
project manager further proposed the idea of a joystick keyboard .
