in the design of the sphere remote control , user interface used a hinge to connect the middle part , and a light sensor was used to avoid too many buttons .
project manager proposed that the handle could make it more stable , but lost the features of the sphere ; in the design of the joystick keyboard , marketing also wanted to use hinges to make the keyboard remote control more portable .
industrial designer proposed to add a round shape under the keyboard remote control to make the remote control more user-friendly .
project designer proposed to add sensors on both sides for users to use more conveniently .
