industrial designer expressed a desire to make remote control from rubber and lcd touch screen .
industrial designer designed a remote control chargeable with a mount station instead of plugging it .
in addition , user interface emphasized that the remote control should not only have an lcd screen , but also some necessary buttons .
marketing introduced watch trends about colours , shapes and material of remote control from the past years .
based on the analysis of marketing , the group did a discussion about target people and made initial design decisions .
