user interface designed position of normal and usual buttons such as plus , minus , sound and program .
project manager suggested the microphone was a special point so it should be placed visibly .
then user interface decided to put the microphone in a company logo .
marketing thought scroll was convenient , industrial designer agreed and designed scroll on the side .
project manager thought remote control would be fancier with scroll .
