at first marketing thought scroll was not as handy as buttons but industrial designer placed the scroll on the side and made it very handy to scroll down .
in addition , industrial designer thought scroll could control the menu even if the remote control did not fit the screen .
user interface said young people were interested in scrolling .
project manager thought scroll would make remote control fancier as it was interesting .
