user interface argued that they should discard the existing standard , and only keep the basic and user-friendly functions like channel selection , volume and enter key .
then they talked about the conflicts between technology and price .
the application of some high technology such as speech recognition and solar energy would add to the cost .
therefore , to ensure the low price of the remote control , they had to think it over when deciding whether to use speech recognition .
it was also difficult for the group to select between solar energy and charger .
although solar energy was fancy and environmentally friendly , the cost was much higher than using a charger .
finally , marketing suggested making the remote control a dock to place it .
