following the proposal of project manager , each of the four team members drew their favourite animals .
marketing drew fish , explaining that he/she liked their water-vascular system , habitat , and normally mild looks .
industrial designer drew a cat for its independence and decisiveness .
user interface 's choice was a badger , alluding to wind in the willows and brian 's books .
finally , project manager showed his giraffe , and talked about its uniqueness and individuality .
