firstly the group confirmed that their target is a tv remote control .
marketing expects the control to be produced in medium size .
user interface indicated that the control should have a simple practical interface , without a great amount of buttons .
project manager intended to relate the control with other devices like dvd , hi-fi , video , etc .
and the team agreed on the inexpensiveness of the control .
