marketing believed that an ideal remote control should compress 3-4 different controllers in a thin combination .
users can switch controllers by sliding or flipping .
industrial designer proposed a two-sided controller and said that he could keep it simple on one side and complicated on the other side .
