the user interface asked what the project 's target was .
in response , the project manager emphasized that the target was a tv remote control .
then , the group members voiced out their envision of the product .
the user interface suggested that the tv remote control should stick to what people are familiar with .
at last , the user interface and industrial manager added usability and lightness as two other essential features of the product .
