when both marketing and industrial designer had admitted to being allergic to cats , project manager attempted to propose a situation where they actually were around one .
after this proposal was decisively rejected by user interface , project manager talked about his/her experience with a roommate , proving that one could be used to cats if they were around them for a long time .
yet marketing and industrial designer insisted on the severity of their allergies .
