as tv was becoming central in most homes , the user interface thought that the design of the remote control should cater to the needs of different kinds of customers , even including that of the disabled people .
besides , the industrial manager thought that lightness is another essential feature of the design .
