the manager introduced a new technical device , the smartboards , to all the team members in order to facilitate their presentation and information sharing work .
then he asked the team to draw animals respectively to get acquainted with the device .
each member chooses a different animal , embodying their opinions upon the product .
