industrial designer thought a universal shape design should be good for both the hands .
user interface suggested that they could still design to extend past the hand and have something like finger grips on the remote compared to the traditional ones .
marketing supplemented that it should not be symmetrical .
and project manager agreed on it .
