when user interface mentioned about they need to keep the buttons down to a minimum , marketing thought the transition to this new remote control should n't be very abrupt because if people would think it 's very difficult to learn a remote control without numbers .
user interface responded that it would depend on how they advertise it to navigate to a program without the numbers .
