user interface suggested that the scroll wheel could be used without an lcd screen for changing channel numbers easily .
and it would be fairly cheap to implement compared to an lcd screen .
project manager mentioned that , however , they had seen that there was a new way of interacting that used wheels to navigate .
so project manager suggested that regarding the cost budget they had a target price , their design could stick to new technologies that bring to young people .
