user interface thought that sometimes the speech recognition interrupted people when there was a dialogue on the tv program .
unless the remote control could be made to not have to pick up any more , that would be a useful feature of speech recognition .
project manager was not keen on it because project manager was not confident they would have a product that was able to work .
however , marketing thought that the speech recognition technology would be cheaper than the lcd and people must buy it with twenty-five euros .
