the aspects they mentioned were its compatibility , ergonomics , and the battery type it would use .
since the remote control was expected to be multifunctional , it must be compatible with all kinds of devices .
this would also require a detailed instruction booklet for customers .
the design of its look and curvature would also matter .
finally , the team agreed to keep the battery problem on hold .
