project manager needed the following subjects to be presented in writing form , including functional and technical design , team scale , timeline , initial budget , cost limit , marketing strategic plan , product introduction , benefits for the company and for each individual .
these matters should be determined before further discussion .
