because by the time the industrial designer introduced his product in a more thorough way , there would be a competition .
moreover , project manager made this request so that he could submit the documentation to the management .
he hopes , in addition , that all the emails or other copies of discussions could be kept so that each member could be informed about the project proceeding .
