project manager expressed his hope that marketing could interact more frequently with the industrial designer christine within her team , so that the two departments of sales and finance could coordinate with each other .
additionally , he would like all the teams worked together in order to take all the factors into account .
