marketing said that there is a lot of argument to make one button for one feature because research results show that users complain about how hard it is to learn a new one .
this idea might be suitable for people working with computers all the time but the elderly with an arthritic hand might find it difficult .
user interface suggested that it should have as many buttons as possible for controlling different functionalities and be in the shape of the letter t for more compatibility .
