industrial designer perceived that the single remote should be able to control every possible device , and this would be rather difficult to achieve .
industrial designer thought that vhss would be phased out shortly , but they should still take it into consideration for the time being .
industrial designer drew the conclusion that they had to make sure it could cover all the variances in signals .
