the corporate colour and design are recommended to be used on the product .
the remote could be in different colours such as pink or banana yellow and shapes such as a fun shape like animal shapes or a comfortable shape that fits the hand but no sharp projections , lest a child plays with it .
the idea of buttons with various shapes such as a triangle for volume and square for channels was considered .
everyone agreed that the text on the remote should be clear and the remote should be compact .
