project manager suggested that the remote could have removable plastic cases like phones so users can change to the colour they like , for example , striped or fluorescent blue .
two cases can be provided in the package and users can buy new cases in stores for a few francs or euros .
the team immediately jumped on board with the idea .
