this meeting was about the conceptual design of the remote control .
firstly , groupmates presented on the conceptual specification on components , properties and materials as well as a conceptual specification on user interface design .
also , they suggested conceptual designs including the buttons , the circuit board , the chip to print as well as the lcd screen with backlighting in the device .
then , the group had a discussion on the final remote control concepts .
so , they decided to have changeable covers in fruity colours , rechargeable batteries and scroll wheels .
and they would leave the spongy case and the standard of the chip to be discussed in the next meeting .
