the first presentation mainly covered component design .
industrial designer introduced what should be the case , the buttons , the circuit board with the chip and the battery made of and what they should look like .
the second presentation was about properties and materials .
user interface advocated an lcd with backlighting in a small device .
the third presentation was trend watching given by marketing .
so marketing suggested space materials or the lcd screen because they stressed fashion , simplicity and technology innovation .
also , marketing did n't suggest that spongy material was necessary .
