project manager thought a spongy remote would be easier on the hands , while industrial designer thought a latex case was hard to protect the stuff inside .
due to the discussion about repetitive stress injuries mentioned before , they did n't want to go for the spongy remote .
marketing supplemented that grippable thing was more than like sinking into the hands , so marketing preferred the material like the one people have when sitting on a bicycle .
