when the group was discussing the four or five buttons around the scroll wheels , marketing mentioned how to achieve going back to the menu with few buttons for main things if someone was changing the brightness .
so user interface thought that lcd screens might be a good theory , but not as useful in practice because people would not want to look down at the lcd screen and then back up at the television .
