firstly , the group discussed whether they could have changeable covers of different fruit and vegetable colours .
secondly , they had a discussion on the energy , the case and the chip .
then , group mates decided to have latex in fruity colours , a chip , a menu button to scroll as well as on-off buttons .
