group mates agreed that the kinetic battery was awesome as long as they considered the cost and the reliability because it was more expensive than a regular battery .
also , groupmates suggested if they could use a cheaper chip , then they could even out the cost of this good kinetic battery technology .
