when the group was talking about the scroll wheel could be for changing the volume , user interface thought it would not work for changing the channel because they really need buttons for changing a channel .
so user interface suggested the group could make a decision on it while they talked about the case .
