industrial designer gave a presentation about his findings on each of the components of the remote control .
then the team discussed the power supply , buttons , circuit board and speech recognition system of the remote .
they finally agreed that they should use a kinetic power supply , simple push buttons and a simple circuit board .
and a finder feature rather than a voice recognition feature would be a better choice .
