user interface thought that there were many remotes that already had the function of voice recognition , so it was better not to compete with that sort of remote and to find a different viewpoint of finding the lost control .
she believed that a finder function rather than a speech function would be a better choice for their remote .
