the marketing put forward three aspects in product requirements .
most importantly , the look and feel of the remote control should make it stand out from the rest products on the market .
second , it had to be technologically innovative so that people would be attracted to buy it .
third , it should be user-friendly .
after that , the group discussed some specific ways to fulfill these requirements .
