the marketing recommended bringing some elements of fruit and vegetables , bright colors , some eye-catching and bold design , and a spongy feel into the product .
inspired from cell phones , the marketing also proposed a changeable cover which could be customized by the user .
besides , the marketing disapproved of having lcd screens and speech recognition because he did n't think it would be worth extra expense and effort .
