the user interface designer wanted a universal controller with speech recognition to store channel information so that the users could just say out the name of a channel like bbc instead of remembering the exact number of it .
also , a blinking thing which could serve as the battery alarm and the indicator of the location of the controller was taken into account by the group .
the user interface designer wanted the product to be children-friendly , which meant users could program it to prevent children from browsing certain channels .
in terms of the product components , there would be an integrated circuit , some transistors , buttons , scroll wheels , infrared , led , lcd , and an advanced chip .
