the team came up with three general desired features about their new tv remote controls .
first , it should be universal ( which was the one for all type things ) .
second , the remote controls were required to be slim .
most importantly , it should be different from the rest in the market , suggesting that the new remote controls would be with some kinds of a gimmick , such as whistling for retrieval .
