the industrial designer worried that the function would make the product difficult to use , which was against the product requirement .
then the user interface designer thought it would depend on how much effort the user could put .
thus , the group decided to produce two versions - one giving the full freedom to the user , the other keeping some constraints .
