the project manager wondered whether they could implement the design for twelve euro and fifty cents .
then the industrial designer replied that the function of programming the keys was affordable while the feasibility of the asr system was uncertain .
therefore , maybe they should make some compromise .
finally , the industrial designer and the user interface designer were required to provide two designs with the exact cost price at the next meeting so that they could see which one fit their budget better .
