marketing first of all suggested focusing on elderly people who really got problems with remote controls and then pointed out the unclear button allocation on remote controls .
to solve this problem , marketing put forward that the remote control buttons should be grouped based on functions they serve .
project manager agreed .
