project manager briefed members on a new remote control project .
by drawing favourite animals , the team got to know each other .
two complementary remote controls could be designed for a certain object , one having main functions and another with all the special things .
and this device was just aimed for television , without video recorder functions on it .
