there were two reasons .
the first was that the unit price of each remote control was relatively high ( twenty-five euros ) .
therefore , in order to increase customers ' willingness to spend so much money on one single remote control , the features must be satisfying and good enough .
the second was the competition since there were other tv remote controls in the market .
the new tv remote controls shall be special and different from the rest so as to attract customers .
