industrial designer proposed that it 's important to use the remote control with ease .
buttons , in the proper size , should n't be too many to confuse .
he thought users were supposed to know what they were doing .
and he was particularly interested in not moving the control around to get it to work with the infra-red .
industrial designer also proposed that the remote control to be designed should work for what it 's doing .
