marketing thought they should design a remote control for television only due to the issue of advancement .
user interface supposed that it would be nice to have playing and recording and stop buttons on remote controls for the video recorder as well , but he did n't know if that worked technologically .
industrial designer agreed to define the object of remote control , and he proposed that it would be simpler if it 's just for television because there were fewer buttons , which would benefit older people or people that were n't very co-ordinated hand-eye .
