user interface told the team that the corporate had decided to incorporate a voice recognition chip into the remote control so that the team had to invent another method for users to locate the remote control once it got lost in a room .
the team decided to make the remote control a special colour .
meanwhile , the remote control would be able to camouflage in the living room .
project manager further proposed that the team could also make the remote control glow in the dark .
