basically , they summarized from their daily experience .
the project manager pointed out the user interface only bought the sort of one for all type things .
also , the user interface and project manager both agreed that a little gimmick was able to make a difference .
for example , you could whistle to retrieve lost items .
