in the product evaluation , the team was satisfied with its success in reducing the number of unused buttons .
the user interface was considered to be user-friendly enough .
however , the team also admitted that there was still room for improvement on the location function , technological innovation , the material , as well as the fashion style of the remote control .
