the team had decided to replace the rubber with plastic due to the budget limit .
when evaluating the material of the remote control , marketing admitted that sponginess was what most users desired , which was the feel given by rubber .
project manager agreed .
however , project manager pointed out that a plastic remote control was no worse than other remote controls in the market , so it would not be a step-back at least .
