marketing concluded from the market research that users expected the remote control to combine fruit and vegetable elements with its fashion design .
user interface disagreed with marketing , for it was believed by user interface that fruit and vegetable style was not the sole criterion for satisfactory fashion design of the remote control .
instead , user interface implicated that all designs inspired by current fashions were likely to win the users over .
