user interface indicated to have a simple lcd screen to cut down the budget , while industrial designer suggested the application of a little more complex lcd panel , like the number pad , could display the advanced functions possibly used by the users .
marketing and project manager agreed with industrial designer .
next , the group turned to discuss some details , like the total size for the button , and the various functions of the button as well as a jog-dial .
