project manager wanted the members to evaluate the whole process of the project , such as the system , leadership , teamwork , and tools given .
the meeting system was considered creative yet inefficient as the early designs were found generally out of budget .
as for leadership , the process was a bit too structured .
as for teamwork , additional communications like the quick talk could further prompt the current system .
besides , the tools given were criticized for the isolation of each 's tasks and thoughts .
