industrial designer thought the meeting was not friendly to the brainstorming .
the restriction was not about the atmosphere but related to the actual environment and the limited time for discussion .
besides , the interaction was structured , meaning each individual took charge of one particular task without enough collaboration between each other .
also , communication through email was inefficient .
