because user interface thought there should be a turnaround time between product evaluation and its formal release .
user interface believed that many products had been released to the market without being properly user-tested and did n't receive positive results , so the remote control should be minimally tested before redesigned and fine-tuned to suit a general range of requirements according to the feedback from product evaluation .
