the whole meeting was focused on the conceptual design of the new remote control product .
after project manager briefly reaffirmed the agreements reached in previous meetings , marketing , user interface , and industrial designer each gave a presentation about trend-watching , interface design , and components design respectively .
then , project manager started a group discussion about important points just covered , including energy source , voice recognition , lcd screen , as well as case design , on which more emphasis was paid in the last half of the meeting .
finally , the group roughly drew out a specific case design .
