for one thing , marketing argued that target customers as the elder generation tended not to shake their remote controls before using .
for another , he believed that the docking station was in a position to load up the batteries , therefore , the basic normal battery would be sufficient for the charging need , which was confirmed by user interface who pointed out that remote control with a minor display would in no way be power-consuming .
