marketing first brought up price concern , implying that voice recognition could significantly drive up cost and price .
also , marketing argued that unlike the lcd screen , the elderly would not fancy speech recognition because it would not make the remote control more user-friendly .
project manager applauded marketing 's opinion and agreed that the lcd screen should be given priority over voice recognition .
