firstly , the group reached a consensus that material should be plastic with wooden colour as opposed to wood .
then , user interface brought forward a changeable case as a solution and was unanimously accepted .
after that , the group discussed the shape of the control and chose single-curved for the time being .
finally , they drew out a specific case design and roughly determined the position of each button while taking the convenience of left-handed users into account .
