firstly , despite the convenience of left-handed users , symmetrical button design would create extra buttons and hence inevitably confuse users .
also , project manager pointed out that left-handed users have no difficulty handling the remote control by either side of hands .
user interface added that a thumb was sufficient for this motion , so no difference should exist between left and right .
