industrial designer informed the team that the standard wheel is fifty times more expensive than a push button , so it might be hard to incorporate it into the design .
project manager was insistent that the wheel is included , however .
then , the team discussed whether to include a motion activated light or continuous light .
