user interface was concerned with voice activation and the light .
the manufacturing division of the company already had a voice chip that they could adopt .
user interface thought that the light should be continuous since that would make the remote easier to find and that the cost of the motion sensor could be higher than expected .
