marketing believed that the trend of fruits and vegetables that fashion watchers have detected in milan and paris is a good indication of what kind of style the remote should have .
it could make for a fancy and technologically innovative device .
marketing thought that the pear would make a good shape because it 's easy to hold and that the remote should be spongy .
