when first suggesting one small lithium battery for the remote , industrial designer pointed out its wide availability and proved success in various electronic products .
project manager had concerns on it being more expensive , but industrial designer said the final cost could be levelled down by its longer battery life .
the bulk price for lithium batteries would also be fairly cheap .
as for how to realize this design in the sales , industrial designer suggested providing one initial lithium battery along with the remote , while replacements would be sold separately .
