project manager introduced a new remote control project for television sets , and the team got acquainted with each other and technical devices .
the remote control would be priced at 25 euros and a production cost of 12.5 euros .
priority will be given to standard features , such as sorting through channels , instead of more advanced internet features .
