user interface and industrial designer expressed a desire to integrate cutting-edge features into the remote .
marketing pointed out that most of the market will buy it for standard use , like changing channels and adjusting volume , so those features should be the priority .
project manager agreed , explaining that people expect a well-functioning , normal remote for their proposed product price of 25 euros .
