project manager introduced the financial information : 25 euro selling price and 12.5 euro production cost .
pm then went on to elaborate that the target market would primarily consist of europe and north america .
pm expressed that a profit aim of 50 million euros , which could be achieved by selling 4 million of these remotes , was achievable .
