user interface first summarized the propotype of the remote control discussed before .
the remote control should be curved , easy to hold , nice and small with big buttons .
those buttons were a scroll and some push buttons .
the body of the remote control shall be smooth plastic or spongy rubber with yellow and black buttons .
the remote control would be comfortable to watch because it had suitable curtature and it 's on-off was in the back .
