the group made an interactive evaluation of the remote control in terms of the user requirements and the trends .
they mainly focused on the evaluation of price , fancy , color and energy .
they picked another word , elegant , other than fancy to describe to design of the new remote control .
the group failed to make a choice between the shape of banana and chunk , but they reached a consensus to use kinetic as the source of energy .
