the remote control was quite fancy in the respect of appearance .
the group picked the word elegant from aesthetic , trendy , elegant and stylish when user interface suggested using a different word to describe the remote control .
still , they all agreed that fancy was more appropriate than elegant .
