industrial designer introduced the prototype to the team .
it included buttons for channel change , power , menu and also had a slider for the volume , an infra-red section and a microphone .
the cover was interchangeable with a company logo on it .
user interface added that the holes for the buttons to come through would be plastic , while the cover would be made of rubber .
the final product would stand up and could stretch over .
