the remote control would be moulded to the shape of the hand when people held it .
on the left there was a slider for the volume , and on the right there were several buttons .
the power key would be the biggest so that people knew how to turn on the television .
there would also be a microphone for all the voice commands .
