project manager thought it would attract older people who could n't manage the buttons as they would probably prefer speech recognition .
however , industrial designer believed it tended to appeal more to younger aged groups as the team had gone with the fashion focus but then proposed that it should still appeal on a certain level to everybody .
