the group decided that the feature of speech recognition should be included to the remote control , even though it would exceed the cost constraint set by the management .
marketing believed that it is worth taking a risk because speech recognition is new to the market and customers would be willing to pay extra for this trendy function .
what 's more , project manager agreed to coordinate with some technical companies if industrial designer ever needed any technological backup .
