marketing had concluded that younger users might be more expected to use high technology features such as lcd display and speech recognition .
however , the industrial designer was worried it would influence the design of circuits and make the price out of range , while marketing thought they could afford it .
industrial designer also mentioned that they should care about battery life if speech recognition was used .
