user interface said that they could make this wave in specific frequency to avoid interfering with other devices .
a password could also be put inside the wave in case that two neighbours had the same remote controls .
if two devices were trying to go to communicate with the tv set , then the wave with more energy was chosen .
