the marketing hoped there would be some features on the control to display the name .
industrial designer also wondered about whether the time setting for turning on tv was useful .
while the project manager thought that if time was added , a bigger display would be required , which was not useful for users .
