users did n't like the look and feel of most remote controls currently on the market .
and most users only used ten percent of buttons on the remote control .
channel selection button was the most commonly used button , followed by the volume button .
young users might prefer to have high technology features such as lcd display or speech recognition function on the remote control .
