new requirement included avoiding the teletext , focusing on remote control only for tv and keeping the product recognizable .
all the group members agreed .
they also decided to start with basic functions and then move on to the more advanced feature .
then they concluded that lcd display , channel button and volume button were necessary .
