marketing believed this feature would improve the market competitiveness of this product based on a conducted survey on user requirement .
one the one hand , 80 % of the 15-35 year-old group are willing to spend more money for trendy new products .
75 % - 90 % of this group is willing to pay for speech recognition on a remote even though it is of higher price .
on the other hand , half of the users said the remote control got lost easily and most of the time were hard to find .
with speech recognition , however , this problem could be solved .
