this was a product shaped like a banana , with a standard battery and a wheel .
the materials to manufacture this product included a yellow banana shaped case and a rubber .
all of these summed up to cost 10.7 euros , which was within their budget .
and they had a price gap of 12.5 euros , so they set the price at 25 euros , which was very reasonable and attractive .
