since this product did n't have much complex design , it was designed to be easy to use with a very simple structure .
hence , they all agreed that it was easy to use .
as for the fancy part , the product was a banana shape , the fruit design was very up to date and fashionable .
for the same reason that it resembled a banana , users would find it easily when they needed to use the remote control .
what 's more , it had lightning , making it more visible in daily life .
the product was surrounded by rubber , enabling it under protection , so the robust feature can be ensured .
