industrial designer considered batteries as the energy source .
marketing thinks that changing batteries all the time could possibly be annoying , so she suggests other energy options like solar charging .
but industrial designer refutes this problem because people change batteries simply every six months .
user interface raised the question on the operational distance of the infra-red signal and hoped that the remote control could be equipped with a strong signal stream .
but project manager rendered it unnecessary because tv is always put in a short distance .
later the team discussed the necessity of through-wall signal and bluetooth , and decided that this idea remained an idea for some budget reasons and the lack of necessity .
