user interface said the locking function is a novel idea and a good inspiration .
he had never seen a locking functionality .
but user interface thought that the locking function might be unnecessary , while project manager thought it probably should be easy to be realized in a physical form like a cover , a switch or a flip thing .
