the team is going to design a basic television remote which looks cool and is safe to be used .
as for the industrial design of the remote control , due to reasons of budget and simplicity , the remote control will use infrared signals instead of bluetooth , and the energy source would be batteries .
