project manager insisted the manifestation of company image on the remote control , like the slogan , symbol or other recognizable patterns .
marketing thought the remote controls should be in the same colour , while project manager thought it unnecessary .
user interface suggested that the pattern needs to be recognisable .
industrial designer gave an example that the rr logo or thematic colours could be placed around the lock button .
