the meeting began with a presentation on the prototype by industrial designer and user interface and a double curved rubber prototype with anti-rsi buttons was displayed .
next , they discussed the cost of the remote which only cost ten seventy euros a unit and well under the budget of twelve fifty .
then , the team evaluated the remote according to seven criteria and it passed with flying colours as three criteria scored a one and others no more than three .
finally , the meeting ended with team building and a wrap-up , which project marketing concluded that the novel remote fit all criteria and the team did a great job .
