the double curved prototype with anti-rsi buttons was ergonomic and comfortable to the size of the hand and to touch as it was made of rubber .
the prototype was also easy and convenient to use as the important keys were right at the fingers .
on the other hand , it brought fashion to electronics as the remote was offered in colours of black , yellow , blue and red , which contained fruit and vegetable elements .
it was innovative and looked different so it would stand out from other remotes in the market .
