the button to the thumb was the power button , the index and middle finger were channels up and down , whereas the ring finger and pinkie were volumes up and down .
the blue button with the inscription of `` l '' was to lock , whereas the one with `` m '' was to mute .
moreover , a numeric keypad was on the top so users could directly key to a channel .
