industrial designer recalled that some acquaintances have left- and right-handed people in the family but they all use the right-handed mouse for the computer .
marketing added that the remote only required pressing buttons and it would not be too hard .
however , in the end , they agreed to have both in stock to make them more appealing .
