play-doh would be used as it was very cheap , edible and chew-proof .
the energy source would be kinetic power and electronics would be the simplest .
for the case , it would be double curved and made of rubber .
the interface was push buttons and they would be in special colours and forms .
considering the cost of the above materials , the remote would be within budget as it cost ten seventy euros a unit .
