on a scale of one to seven , with one being true and seven being untrue , the remote scored a one for the look and feel unanimous .
for new technology and being easy to use , it was given a mark of three and two respectively as kinetic energy was the only technological innovation and the remote was better geared for right-handed people .
next , the cost was given as it was under budget .
then , one was given for rsi and the amount of buttons as there were only necessary buttons .
finally , it scored a two for getting lost easily .
