the remote fits all criteria and it was something novel .
also , it was marketable in the sense that other remotes would give users repetitive strain injury but this remote would do the complete opposite .
project manager concluded that everyone had done a great job , both individually and as a team .
though there was some heated discussion during designing the remote , the communication was still great .
for the technology that had been used during meetings , marketing thought it was quite cool .
