marketing found that seventy five percent of the users thought most remote controls ugly , and most people found it irritating when they could n't find their remote control .
and another thing marketing found important was that users had a feeling for speech recognition so that they could choose channels by voice .
and they wanted maybe an lcd screen to search what 's on every channel .
