their remote control could be purchased in a situation when users ' old remote had broken , so a universal remote control could be a must .
project manager put forward this idea but did not know if there would be any chance to accomplish it easily , and industrial designer it would be possible but still needed some research .
