industrial designer raised an idea of making a rechargeable remote control which could have a wire and could charge itself when it was put in the electricity .
project manager also had some responsive sparkles but they could hardly be applied .
but at least one thing the team all agreed to was that a rechargeable remote was a comfort and people could pay for comfort .
