except uncertain problems such as lcd screen and speech recognition thing influenced by financial information , there would be many chances to have important buttons on top and bigger , different functional menus to adjust tv things , and very important idea of have replaceable covers , which could be designed to different colors meeting younger generation 's demands .
