project manager informed the team of the price issue and the financial goal .
the unit price was determined to be 25 euros .
the production of each remote control would cost 12.5 euros .
the team would have to make sales amounting to 50 million euros .
project manager assigned individual tasks to the team members .
industrial designer had worked out a rough plan for the first phase and would produce a working design .
user interface was supposed to specify the technical functions .
marketing would be responsible for market research .
