industrial designer had started making an overview of the project 's three phases respectively .
in the present phase , industrial designer focused on the basic function of the remote control .
batteries would be incorporated in the remote control to supply energy .
users would press buttons to activate or deactivate certain functions on the tv .
in addition , project manager suggested that the remote control would use infrared light to communicate the signal to the tv apparatus or stereo .
industrial designer agreed .
