from a marketing perspective , the present function design phase consisted of user requirements .
marketing would mainly do internet research to get users ' feedback on existing products .
meanwhile , marketing would find out the shortcomings of the current remote controls .
according to the research results , the team could optimize their design .
marketing added that the team would probably be inspired by early remote control adopters .
