industrial designer asked whether the remote control would be a multimedia product .
marketing also hoped to know the answer , for the team would have to decide what functions to incorporate in the remote control .
project manager suggested that the team should first have a basic starting point and extend to other functions in the following meetings .
