marketing suggested that the remote control could only have one button and connect with windows media center under the tv .
the remote control could thus operate different devices at the same time .
however , industrial designer pointed out that it would not be feasible to have only one button , for the remote control would need several other buttons for a video player , such as the play , the fast forward , and the stop button .
