given the fact that for families with children , remote controls were always played or even thrown by kids , project manager would prefer the material used in the construction of the product , especially on the outside , to be unbreakable .
project manager also suggested that the product should be slim and simple .
on top of that , it would be better if the remote control could be universal to use for any kind of television .
