industrial designer first explained how the remote control worked and how people could build one .
based on this , he rejected the idea of using bluetooth , which was proposed during the last meeting , by pointing out that the cost would be over the budget .
from the aspect of industrial designer , he/she recommended to keep the remote control simple and still use infrared technology .
when it came to the design and functionality , industrial designer thought that they should stick to the basic things .
