user interface also suggested to keep the remote control simple and ease down on the functionality .
keeping the remote control simple meant that fewer functions were involved , or at least less buttons were made , which could be solved by a hierarchy structure supported by a touch screen .
besides , user interface mentioned the importance of being user friendly .
according to user interface , the remote control should be only used for tv .
