project manager emphasized that the main point in this meeting was to keep the remote control as simple as possible , but more options and functions , like the menu and the parental control could be added .
user interface suggested making a remote control which had a functionality for all the tvs and users could enter the codes to set their tvs .
marketing proposed that people could go to the service center or the shop for the updates of the remote control .
