user interface advocated to adjust to meet the needs of users from the perspective of technical function design .
it is mainly user-centred , reducing buttons and making it easier to use .
in addition , user interface suggested that the general remote controller proposed by marketing will increase the budget and button , so the research should be stopped and focused on the remote control 's appearance design .
