industrial designer believed that the basic function of the remote control is to send messages to another system .
the remote control needed an energy source to supply power to the integrated circuit , and had a chip and related information to control the infrared lamp .
in the design , it can make the battery and infrared lamp cheaper and more sustainable .
it can also add the design of speech recognition interface according to the market research provided by marketing .
