industrial designer proposed to design mouse-like click function and the scrolling function which is the simplest in technology .
in addition , some small protuberances can be designed under the remote control , which is more convenient for users from the perspective of ergonomics , and the battery can be installed from the engineering point of view .
he also proposed a two in one remote control .
the small remote control has simple basic functions and is easy to carry .
the large remote control is not easy to lose when it is fixed on furniture such as a sofa or table .
