industrial designer proposed to choose a special time of year which is most important for the tv remote control sales to launch the product for user testing .
project manager suggested the sports season which was right before the world cup football and to work with motion pictures coming out on dvd that the users needed to have a special remote control to work with .
the group intended to set up a campaign with picture companies .
