user interface and industrial designer gave a presentation about the prototype of the remote control based on the team 's discussion in the previous meeting .
then the team evaluated the prototype against various criteria they formulated .
after that , the team discussed adjusting the design of the remote in order to fit into the budget .
finally , the team evaluated the whole process of the project .
