the group came to an agreement regarding a wooden case with rubber buttons and also determined on using the advanced chip on print which could integrate a sensor and a speaker .
they also decided to install a microphone in the device so that the remote control could make sounds when it got lost .
the group discussed over cost-efficiency of a display , whose adoption still remained to be decided .
