the group showed approval regarding the concept of a wooden case , because industrial designer , during his presentation , evaluated different materials on the basis of manufacturing input as well as the conceptual features of the product .
after eliminating rubber , plastic and titanium , the only option left was wood .
not only is it environmental-friendly , but the users could also have their customized curving on the case .
but industrial designer suggested that the buttons should be made out of rubber .
