user interface presented a general layout of remote control functionalities .
the ergonomic shape of the remote control could raise product customizability .
user interface proposed to incorporate a flip screen and to add a lcd light to show battery life .
user interface also gave suggestions on possible positioning of the key pad .
to summarize , user interface preferred the design to be simple and clear .
