user interface proposed that buttons , when pressed , gave audio or tactile feedback so that users were aware that the device understood his message .
for instance , speech recognition could be an option .
besides , voice control should be able to be turned off so that the remote control would n't accidentally send instructions to televisions .
