in this meeting , the team was very satisfied with the three prototypes presented .
however , they had to take the budget limits into consideration .
their current cost per remote control was fourteen point six euros , while the budget required them to cut two more euros .
therefore , a series of changes were done in order to meet the criteria , such as making the remotes flattened .
in the end , the team was asked to make an evaluation about the project .
all of them were very satisfied with the final product .
