in general , the team came up with two ways to reduce the costs .
first , they would essentially remain the same shape as the prototypes , but just have it flattened .
in user interface 's words , it would be more like a traditional remote control .
second , the team reached a consensus that the design of double curves shall be changed into a single curve since it was the biggest expense there .
luckily , after the discussion , the overall cost of the new remote controls went down to eleven euros sixty .
