the evaluated the prototype against some criteria formulated in response to the market research and financial consideration .
the team agreed that the features of fancy appearance and technical innovation were mutually exclusive .
besides , they all believed that their product incorporated elements of fashion to attract buyers and it fit in with their company 's other products .
then , the team discussed the budget of the product .
