most time of the discussion of this meeting was devoted into the evaluation of the new remote controls .
according to the whole team , this project was excellent because it was creative and with great leadership and teamwork .
also , the technical stuff was brilliant .
lots of new ideas were found , such as glow-in-dark , new shapes , etc .
generally , they all gave a thumb up to the new remote controls .
the overall evaluation is around two .
