in order to make the final evaluation , the team needed to give rating to these products .
of the design of the three fruits , the teams agreed to give two points .
as for the trend , since fruits and vegetables were quite populous , the final rating was three .
in terms of the company strategy , the rating was one because it perfectly conformed to the strategy .
the overall evaluation is around two , which was quite good .
