basically , the dissent mainly came from marketing .
according to marketing , the company failed to offer enough options to the customers ( only three options ) .
therefore , customers were limited .
by limiting the customers , sales and profits would definitely be limited as well .
however , user interface disagreed with him because he believed that electronics were not the same as other products , for example chocolate .
there were not always quite so many choices in electronics .
