according to user interface , most remote controls had an inconsistent layout , thus was difficult to use .
also , they were mostly in boring shape , grey and quite space-agey with too many buttons .
therefore , after discussion , the team decided to avoid those flaws they had discovered .
basically , the new designs would be with programmability function , organic shape and consistent layout .
