in general , the team only collected the flaws of the existing remotes .
according to the user interface , the existing remotes were difficult to use because of the inconsistent layout , too many buttons and shape problems .
for each problem , the team tried to give the solution .
for example , their new remotes would have a standard layout , limited buttons and organic shapes .
it was believed that by solving all these problems , the new remotes would be easy for the customers to use .
