in the second half of the meeting , the team discussed the details of the features and appearances of the new remotes .
lots of ideas and proposals were raised , but many of them were denied or modified later .
in the end , the team reached a consensus that their new remotes would have batteries that could be recharged , pale yellow slogans , fruits-based shapes and sponge rubber material .
