this is the first real reaction 's development meeting for the new remote control .
the team members got acquainted with each other and project manager introduced the financial target .
each product would be priced at 25 euros and a 50 % profit is made , aiming at making an overall profit of 50 million euros .
in terms of style and design , the remote control should be stylish to stay competitive .
also , it should be made dependable and of medium size and the user interface can be made into face-plates .
the material should be plastic as it is the lightest .
to market the remote control , the project team can launch parallel marketing schemes to fit both customers who value the remote control 's appearance and those who value its practicability .
to market interchangeable fronts , the team can either get control in a set of colours or with face-plates .
