marketing proposed to make a stylish remote control .
user interface preferred a remote control that was comfortable to hold .
in order to make buttons easy to find , user interface pointed out that they could be made concave .
project manager agreed and supposed that the buttons could be made illuminated so that people could see them in dark rooms .
