in the discussion , team members did presentations and talked about the design of the remote control .
project manager introduced the aim of the second meeting and new project requirement .
project manager said that the team did not need to pay attention to teletext and lighting adaptive .
then industrial designer , user interface and marketing gave presentations respectively .
industrial designer proposed that they could add software functionalities on programmable chips and could use the fpga .
user interface focused on reducing the number of buttons and recommended navigation buttons .
marketing discussed a lot of ideas including using a speech recogniser , the size of the remote control and lighting adaptive options .
in the end they discussed some topics like teletext and accessing the internet .
