the team thought the creativity of the team was okay , as they felt that they got chances to express themselves well enough , but there were still some problems in their process of discussion .
then , industrial designer gave an example on how to improve the creativeness of the team .
the team believed that their team work went well .
as for the methods of discussion , project manager thought that he was still not familiar with the operation of computers .
