industrial designer and user interface gave a presentation about two versions of the prototype , one with and one without lcd .
they both had a speech recognition system , microphone , a few number of buttons , rechargeable batteries and different modules .
the prototype with lcd was too expensive , while the other one was quite cheap .
marketing made evaluation criteria .
the scale included fancy look and feel , innovativeness and easy to use .
then marketing asked industrial designer and user interface to give scores towards two versions of the prototype according to the scale .
both industrial designer and user interface gave average points to look and feel , high points to innovativeness and to easy to use .
at the end of the meeting , group members did project evaluation .
they felt good about leadership and teamwork .
