the remote control might be made into fruit or vegetable types .
so the team might have to change some components , but it would not cost much .
the pcb would be the same for all , but only the exterior shape was different for all .
they could propose the customers with skins .
the team would look into the material .
