the main function of the remote would be sending messages to the tv .
for the interface , it should have nine channel buttons , a next button , volume buttons , subtitle buttons and switches to control features , colour contrast , sharpness etc .
interface designer said that looks would be very important for the remote so the remote should be child-friendly with few buttons and could be colourful with star-shaped or other shaped buttons .
an oversized remote was presented but was challenged by the team .
speech recognition was a feature that interface designer wanted to include .
