apart from being small , easy to use and eye-catching , the remote should have buttons , a soft feel and a trendy design , possibly incorporating fruit and vegetable elements .
marketing proposed having one or two star features that the campaign could be built on and speech recognition could be one of the options .
also , the energy source should be a battery .
it was highlighted that the remote should get to the market before the competition .
