voice recognition would be a major selling point as it was unusual and there were no remotes that had this function in the same price range .
another selling point would be its appearance as it would be the cutest remote control .
the snail image could be used as a visual attraction .
practicality would not be one of its special features because all competition would feature this .
