battery would be the energy source and the electronics would be regular chips on print .
for the case , it would be double-curved and made from plastic in special colours , whereas buttons would come in different forms and colour and would be made in rubber or wood .
in addition , there would be no clock .
with the cost of eight twenty , the remote was within budget with the cost of voice recognizer excluded .
only four thirty euros was left to cover it so they would have to settle with what they get within the budget with no money for other special features .
