the prototype should be shown to people of various age and socio-economic groups to see if there should be any fine-tuning .
also , it should be shown to consumer research groups for feedback .
marketing concluded that the prototype reached the goal of being biomorphic , soft and compact with bright and warm colours and felt good in hands .
all in all , marketing believed that it was a great product and would be saleable in the market .
