industrial designer suggested that there could be more buttons and the buttons could be smaller .
if having the speech recognition feature was feasible , buttons would be added for recording speech so marketing suggested that one of the mute buttons could be eliminated to make room and industrial designer and user interface agreed .
marketing also suggested volume control could be put on one button .
