marketing , user interface and industrial designer thought project manager did a good job .
project manager believed that the teamwork was great and this opinion was echoed by the other three team members .
whiteboard was used during the meeting but digital pens were not and the team agreed that they could have used the whiteboard a bit more .
the team mostly used the slide because it was better positioned .
