user interface believed the most important function is to switch channels , and so it would be better to keep the remote control as basic as possible .
marketing proposed that the remote control had to be multi-purpose to be competitive among current products .
project manager agreed to do something special on the product , but pm also pointed out being user-friendly was also of importance .
