marketing put forward innovative ideas including using radio waves and bluetooth .
in the proposal , some potential problems about high cost and being limited to marketing aspects had also been mentioned by marketing .
based on this , pm agreed that those ideas could help the product to be special and competitive , but pm also pinpointed that such a product required strong support of high technology .
besides , being user-friendly should not be ignored .
