marketing recommended developing a multi-purpose remote control because most of the remote controls on the market were made just for one purpose .
besides , marketing suggested to use some other technology , such as radio waves and bluetooth , than infrared because it could be easily affected by obstacles .
thirdly , a nice added feature was to inform users of the coming programmes .
marketing conceived a high-tech remote control to be competitive among other products .
