project manager gave each team member different tasks .
project manager asked industrial designer to look at the working design , user interface to work on the technical functions and marketing to be responsible for user requirements .
user interface recommended to achieve some agreement on whether to use the new remote control for multiple systems , and user interface also asked whether to use a text screen or bluetooth .
besides , project manager also demanded that everyone in the group should individually ponder the most important thing in this project from their own perspective .
