the group decided to produce a mid-sized remote control with a printed circuit board , a medium chip , a transistor , a scroll wheel , a power cradle , a locator , a radio transmitter , an antenna , a speaker , double curves , some leds and some buttons .
the casing material would be a combination of rubber and plastic .
