the user interface designer pointed out that if they were to go with titanium , there would be limitations in the amount of shapes because it was tough to shape the titanium .
also , wood was not suitable as it seemed anti-technology .
thus , the user interface designer recommended making a thick plastic inner shell and a rubber outer shell which was more durable and felt better .
