the main topics in the discussion about functional design were the functions of speech recognition and rolling through the user 's favourite channels .
the former was abandoned because it would be disturbed by other sounds , while the latter was adopted by the group for its novelty and feasibility .
