the industrial designer and the user interface designer did n't think speech recognition was practical because it would surely be affected by other sounds if the tv was on or people spoke up in the middle of a tv show .
then the project manager proposed to design a button to activate the recognition , but there would be no difference with controlling the tv by just pressing buttons .
