according to the user interface designer , to implement this function , the users should press a button to start the program and type in their favourite channels .
the project manager liked this idea and the marketing thought it would be another great market tool .
in terms of the cost , the project manager believed it would n't be too expensive because they could come up with a partnership to produce that quite cheaply , but the marketing held that the technology was available through their own service .
furthermore , this function must be accompanied by a mode switch and an indicator .
