after discussing the functions , the group thought they were approaching the high-end market , so they could push up the price .
in spite of that , the project manager supposed the profit expectation might not be so important as opening up a new market and promoting their brand .
in the end , they agreed to price the product at thirty-five to fifty euros .
