a new remote control project was introduced by project manager .
members made self-introductions and began to know each other by guessing animals others drew .
project manager said that the remote control would be sold at 25 euros and a production cost of 12.5 euros .
project manager also hoped to achieve fifty million euros and international market by new remote control .
then the team discussed the disadvantages of the remote control and designed a new remote control style .
industrial designer made a desire to design a remote control that can be used in different devices with most used buttons .
project manager agreed that rather than complicated buttons , friendly to users and minimalist design with necessary buttons would be better .
