industrial designer desired to make the remote with most used buttons so that the remote was friendly to users .
unnecessary buttons should be behind some kind of protection so that they only can be seen when needed .
instead of a big size , the remote control should be the normal size with the least amount of buttons .
