based on the analysis of user requirements , the group evaluated remote control by answering questions on the questionnaire .
the questions on the questionnaire were mainly about fancy design , innovation , simplicity , target people , shape , colour , material , function , logo , etc .
the final average score for remote control design is two .
marketing thought it was a quite good score .
