marketing thought the market included all kinds of people no matter if they were old and young .
so it would be better if their aim was the whole world and britain .
users interface suggested that market aim should take the remote control style into consideration about .
for instance in britain , people had many things to do with tv .
but normal tvs were not like this .
