this meeting was primarily concerned with the design process and specific designing requirements of the remote control .
project manager first introduced the goal of the new remote control project as to be original , trendy and user-friendly so as to bear an advantage over competitive products .
then three steps of the design process were respectively introduced and explained by project manager , and drawings of favourite animals then followed as an imagination-inspiring activity .
according to project manager , the fifty-million-euro financial objective of the project would be achieved at a production cost lower than 12.5 euros and a twofold selling price .
competitiveness-endowing requirements for remote control design were then proposed and carefully discussed .
