mutual greeting heralded the beginning of the meeting and the goal of the new remote control project was introduced by project manager to the conferees as to win over competitive products by being original , trendy and user-friendly .
then project manager continued with the introduction of the design process , which was divided into three main parts—functional design , conceptual design and desired design that respectively focused on the user-related technical functions , desirable user interface and different trends involved , and specific implementation and choice-detailing process of conceptual design .
