given the customer demand and conferees personal experiences , several designing requirements were proposed during the discussion .
the remote control was decided to be adaptable to multiple devices with few buttons , be able to be lighted in the dark and held in hand , and be both water-proof and shock-proof along with a whistle tracking system , based on which advantage over competitors might well be gained at the price of a rising production cost .
