industrial designer first recommended adding a special beeping button on the tv set to remind users of where the remote controls were , but the plan was deemed impractical concerning tv sets that were not designed by them .
then project manager suggested whistle tracking and was approved by all the conferees as an original improvement .
