industrial designer thought this remote control was the most useful ever with regular and easy controls .
in user interface 's opinion , old people can use speech functions after reading manuals .
with speech recognition , channels would be changed easily and elder 's questions would be answered .
project manager agreed the speech function would make remote control easier to use , even for elders .
