at first , the cost of remote control was eighteen and a half which highly surpassed the company 's budget .
group had to change the design and lose functions so that the budget could fill the company 's standard .
under this circumstance , the new design changed shape and lost functions such as scroll and microphone until the cost was twelve fifty .
in addition , remote control changed to a single curve shape and battery without a solar cell made of rubber material .
