the group had a heated discussion over the functional design and the market positioning of their new product .
first , user interface introduced the basic components of the remote control and the cost of them .
when discussing the user interface design , the group agreed that the product should be good-looking and branded with their company logo .
industrial designer thought they should keep the functions simple and basic and aimed at the exterior design .
then , the group talked much about the teletext and whether the controller should be only for tv .
when it came to the market positioning , the opinion of user interface differed from marketing 's - the former tended to keep it simple but the latter thought there should be something special about the product to make it exclusive .
