the group agreed that the product should be good-looking and branded with their company logo .
industrial designer thought they should keep the functions simple and basic and aimed at the exterior design .
as for the teletext , project manager had intended to remove it from their new product , but considering the popularity of teletext , they decided to keep it since it would n't affect the price anyway .
besides , the product was demanded to be only for tv , but marketing thought they should design an all-in-one ultimate remote control which would be easier to sell .
