user interface recommended to design a power cradle for the controller so that it would be unnecessary to change batteries .
in this way , users would always know where the remote was because they had to put the device back to the cradle to charge it , which addressed the problem of losing it .
this attempt would also do good to the look and feel of the remote control as a whole .
the idea would be considered by the group , but they had to look into how much this might increase the cost .
