user interface believed that most people bought a new remote control just because they lost their old one and needed another one that could work with their tv .
what they wanted was something ergonomic , durable , and good-looking .
actually , few people would use every function of the controller , so they should just keep the product simple instead of adding cost for advanced features .
