marketing recalled both the conceptual and functional meetings and made a list of what the original requirements and goals were based on kick-off meetings this morning .
for the ten questions , marketing asked the team to give one to seven points to each feature of the product and the lower the points the better the feature .
