firstly , using kinetic was quite a large expense at three euros .
secondly , in terms of the material used on the device , the team decided to use a combination of rubber and plastic to cut costs with one color for the case and one color for the buttons .
moreover , the push button interface was inexpensive so the team agreed to add a special form for the case .
lastly , ssthe team did not choose joystick , led display or advanced chips , they were able to make the budget under control .
