the team thought that the project manager showed good leadership and that was a must during the teamwork process .
besides , they had a really great project design experience and everyone had put efforts into the process and gave opinions to design a good remote control .
after all , they have learned a lot from each other as well as the overall customers ' tastes within the industry .
