the group mainly talked about the detailed design of the product at this meeting .
first , the industrial designer introduced the function design of the product .
it had not only some basic functions , but also the locator function and provided users with a revolutionary way of zapping .
later , the group went on to check the controller 's paging ability and talked about more details on buttons .
next , the marketing expert mentioned three things making the product marketable and one possible drawback of the product .
besides , the marketing recommended making it upgradable but the project manager pointed out the risk of doing that .
when evaluating the cost of the product , the group discussed some details of the components and made some adjustments .
they finally got an estimate of fifteen point eight euros , which was within the budget .
in the end , they did some self-assessment and celebrated the completion of the project .
