marketing mentioned that market research emphasized technology innovation which was the ease of use in the functionality .
so marketing suggested when they focused on the trend of fruit and vegetable themes , they should know how to fit in with something which was not specifically electronics and how to quickly create a remote in fruit shape .
