the marketing expert thought there were three things making the product marketable - the features , the characteristics , and the corporation behind the product .
one drawback of the product was that it was only targeted at tv , but the marketing believed this limitation would n't be noteworthy in comparison with other good features .
besides , the marketing proposed that the product should be upgradable but the project manager pointed out the risk of doing that .
