the marketing suggested producing the controller in a way that makes it upgradable like a sim card in the telephone .
however , the industrial designer argued that if the controller was to have other functions it would need more buttons and they should design another version instead .
also , the project manager pointed out there would be some risks of making it unusable or less usable .
