when evaluating the cost of the product , the group discussed some details of the components and made some adjustments on the chip , curve , button and scroll wheel .
they finally got an accurate estimate of fifteen point eight euros , which was thought to be within the budget of twelve-five euros .
