according to the marketing , the drawback of the existing remote controls was that they were not so good-looking , so their conceptual remote control would be with an appealing and bright color.the industrial designer laid his emphasis on the materials that he would not like the remote control to be made in a too formal way , like those the elders were using .
as for the user interface , he proposed to add a speak recognition system onto the remote control in order to make it able to function once it received the user 's voice instruction .
