the marketing proposed to use titanium as the material of the front side of the remote control for that it would look strong but not be so hard to handle .
however , he went on to point out the problem that the color would be dark , which meant that it might not cater for the youth 's tastes .
thus they might not use the titanium as the main material .
