this was the children , young people and education committee , guided by lynne neagle .
the whole meeting was in the quiz form , in which carol shillabeer , the chief executive of powys teaching health board , answered questions about the together for children and young people programme .
to begin with , shillabeer responded to the progress and shortages of the whole programme , followed by the theme of early help and enhanced support for children and young people .
the next topic was the camhs framework and its effect in promoting a consistent delivery of care .
furthermore , shillabeer answered questions about neurodevelopmental services , in-patient care , the workforce issue , looked-after children , and transitional arrangement .
in the end , shillabeer indicated the personal position of legacy that there would be something to handle those problems , no matter what it was .
