the mental health measure 's target had increased significantly among the uk .
the programme well met the demand with more contacts , more staff , and shorter access times , but it still did not completely sustain at that stage .
as for intervention resources , there had been good attempts to help .
as for the stakeholder workshop , it was successful support on early help and enhanced support .
finally , as for the legacy arrangements , camhs element would move to camhs network , part of the nhs mental health network .
