dr frank atherton first gave a very latest data showing that under a third of children at four or five are overweight or obese .
the data showed that the situation was not getting radically worse but also not getting any better .
they have a figure for the severely obese for the first time , which is about 12 per cent , which is quite shocking , in a way .
