dr frank atherton put out one “ often asked ” question and attached some importance to having a longitudinal view over time of what 's happening to children , which meant children were measured at school entry and then again at age 11 or 12. that would have significant resource implications , not just for the funding , but also for schools and for the system to deliver it .
and also , according to dr frank atherton , the longitudinal data would be helpful in strategy evaluation .
