dr frank atherton was first asked about legislations in the draft plan and their ideas on those things .
the use of legislation was affirmed by dr frank atherton but it was just one of the tools they have got , they need to employ them all .
then as to sports infrastructure , dr frank atherton , though not an expert in that field , also supported it as a good one to pursue not only in schools but also in a broadening area .
