according to dr frank atherton 's answer to legislations ' timing , it was very clear that the implementation of legislation to build a healthy environment was very approved by dr frank atherton and even by a large group in the consultation .
dr frank atherton reviewed that they needed a mirror to see what had been happening in this country and legislation was a good way and took some examples of food takeaways which showed that they needed to consider effectiveness things .
