dawn bowden am asked for dr frank atherton 's ideas on community sport infrastructure of new schools , and pointed out that welsh government has ploughed a huge amount of money into the twenty-first century schools programme .
at the end of speech , dawn bowden am thought they should be making sure that they have those kinds of facilities so that they become accessible to the wider public .
at the same time , dawn bowden am gave advice on making a recommendation of sports infrastructure to dr frank atherton .
