dr frank atherton first gave a look at a primary school education embedded with physical activity at an early stage and assures its benefits not only on healthy benefits but also on socialization and mental issues .
then dr frank atherton delivered sparkles on making pupils more engaged with physical education , which was tailoring things to different audiences .
when it came to school meals , dr frank atherton did not gave personal views because things related still needed more consultations and surveys .
