dr frank atherton considered that just in terms of the physical activity , it was a really important dimension and they found that their children were not that physically active and could n't meet the various guidelines .
embedding physical activity at an early stage in primary school education might not have the same effect as the dietary issue did to healthy weight , but it was vital to pupils socialization and mental health .
