in fact , dr frank atherton did not give an exact opinion on providing a more varied diet for pupils .
it would be something needing consultation and consideration , then they might decide whether it was worth carrying out .
the quality of food , rather than preparing school meals or not , was more important to dr frank atherton .
