a curriculum reform was to carry out throughout wales .
the group discussed with estyn about the obstacles and difficulties faced by secondary schools when bringing the reform into practice , such as teacher shortage and lack of funds , and how estyn tackled them .
then the council questioned estyn over their inspection over local authorities ' educational services including regional consortia and independent schools .
in addition , the group also talked about specific skill development of literacy and numeracy , concluding that literacy should be the top priority of the progress .
they also dug into concerns regarding students ' economic background and the schools ' ability to care for students ' mental well-being .
