meilyr rowlands thought it was a challenge to recruit new teachers and improve the initial training.in the long term , he believed that education should become more attractive for young people and more mature people to go into , while in the short term , looking at initial teacher training would be the top priority .
