meilyr rowlands thought it was a fairly clear good news to see the improvements on the pisa results in maths , which could be attributed to the new gcse mathematics numeracy .
also they agreed it was a good news story to see much more mathematics knowledge to be applied in a problem-solving situation .
with regard to the effects of schools , meilyr rowlands held that the school had a larger effect on mathematics and science than reading .
