there was a two-pronged approach to solve the problem .
one is the new curriculum , which was all about improving the quality of teaching and learning in the classroom .
poor pupils could gain more from it than their peers .
the other one was to have a community-focused approach to schools through helping the pupils and their families .
