the conference is about an inquiry into targeted funding to improve educational outcomes in the wales education system .
first , they primarily discussed the pupil development grant , its targeting , eligibility , use and impact .
then , the group discussed care of looked-after children and adopted children .
they discussed the condition and impact of another student support program the schools challenge cymru program and the advisory role of regional consortia , cabinet secretary .
