according to kirsty williams , it 's probably the best that they 've got at present , and will continue to have discussions with local government about whether there are different ways .
officials are working all the time in conjunction with the department in england , to understand their thinking in this area so that we are in a position to make some decisions about what a notional eligibility for free school meals will look like going forward , but before i make any decisions , i want to assure everybody that there will be a full public consultation on that .
