according to kirsty williams , there is no specific answer .
there 's no single reason why there seems to be less resilience in this cohort of children .
they think that they ca n't draw broad-brush conclusions .
the challenge is to go into individual schools and understand what was happening in that particular school that ensured that their children did really well .
they continue to have discussions with qualifications wales to get a better understanding of this , and in may , they 'll be doing a deep dive into this particular subject .
