they believe that if they can get it right for our most vulnerable learners , they 'll be getting it right for all of our learners .
an emerging theme is the impact , the growing awareness and the growing numbers of children who have attachment disorder , and how schools are best able to respond to that in their children .
so , vulnerable learners , regardless of their background , will benefit from having teachers who are better trained , understanding and have intervention strategies in place to be able to address that need .
and this is an action applied across four regions .
