they are looking at systems and processes , the placement of comprehensive systems of tracking and processes within the school .
they are looking at the teacher quality — how can they ensure that we have got consistent strategies in place to drive up pedagogy and teacher quality in the classroom .
and also , collaborative activity .
one of the key themes of the national mission is a self-improving system , so collaborative working is necessary where schools are looking outside of each other , learning from best practice from other schools .
