according to kirsty williams , she expects their challenge and support advisers to be having conversations that they need to have when they are with that school , to know about how they are using their pdg , and how they 're demonstrating an impact for those resources .
it 's a fundamental role for the challenge and support advisers in the regional consortia in their school improvement work .
