kirsty williams thinks that it 's absolutely crucial that we track performance .
where they were n't tracking pupils at all , initial investment in pdg was used to establish these systems within schools .
one of the outcomes from the schools challenge review , and one of the lessons learnt was the importance of individual tracking of pupils throughout their school career .
but they ca n't dictate a single system .
