the meeting of the standing committee took place to discuss matters pertinent to the coronavirus pandemic .
the main issue at stake was to ensure that the government was doing everything in its power to assist vulnerable canadians during the pandemic , as well as to help reopen the economy .
while many discussions focused on temporary assistance that the government could provide during the pandemic , like a $ 25 weekly bump in old-age security , some discussions talked about the intersection of these programs with general social welfare initiatives , like reducing homelessness and poverty .
canada 's agricultural and fishing economy was highlighted as one of the industries in the greatest need for stimulus .
conservative ministers tried to bring attention to the government 's recent gun control laws .
