mr. paul-hus thought that the government should not take firearms away from law-abiding canadian citizens .
he inquired into how the government would take guns from criminals .
he also expressed concern about the quick release of dangerous criminals during the pandemic and china 's intransparency with regards to the pandemic .
