the prime minister disagreed with mr. paul-hus .
he expressed that he had a mandate from the last election campaign to ban military-style assault weapons , and expressed disappointment about conservatives ' not wanting to do the same .
he also claimed that speedy releases of inmates were governed by strict rules and were important to ensure that correctional services were protected from the virus .
