members expressed concern that pandemic related restrictions were harming businesses and that the government was not reopening businesses and providing stimulus in an effective fashion .
emphasis was placed on reopening fishing , restoring agricultural supply chains , and supporting farmers .
many members inquired as to why the government had only furnished $ 252 million of the promised $ 2.6 billion fund to maintain food security in canada .
