hon .
chrystia freeland was thankful for the farmers who worked hard to feed the country and was pleased that partisanship had been pushed aside to fight the coronavirus .
she stood by the idea that no canadian should have to work in an unsafe environment and put her trust in the food inspection agency to regulate working conditions .
