hefin david am raised a question concerning the date schools might reopen since there had been an increase in the number of students who had returned to some schools .
however , kirsty williams am had not been given an exact date by the chief medical officer and the public had to wait for the advice of the medical and scientific advisers .
now , the only thing for certain was the five principles that had been published earlier that day concerning the school reopening issues .
