firstly , any decision to have more children returning to school made should align with the safety and the physical and the emotional well-being of students and the staff .
secondly , new decisions made from the education ministry should be taken in the context of the wider welsh government response to dealing with this pandemic .
thirdly , communication with the parents and staff were crucial and they should be given time to adapt to the changes .
moreover , certain groups of children accessing more education within a school setting should also be considered .
lastly , to have adequate numbers of workforce available in order to assure those settings as safe as possible , and how to tackle with the challenges about keeping social distancing in the context of education or school transport issues should be taken into account .
