sian gwenllian am introduced that according to the welsh government , currently 1 percent of the children of wales and some 5 percent of the staff actually attended the schools .
kirsty williams am added that on average , there were 518 school hubs open each day , with up to 4,200 children attending .
there has been an increase in the number of attendances since the summer term and there were approximately 5.6 per cent of the teaching population working in those hubs .
the overall education situation seemed positive , with 600 vulnerable children averaging per day .
