to answer sian gwenllian am 's question , kirsty williams am mentioned that to include more critical workers and vulnerable students , more local authorities had been advised to move to a hub model , and the education ministry office had been able to publish guidance to local authorities on how issues around safe working in those hubs should be followed .
local authorities are asked to report any incidents where they were concerned about operation issues on the ground .
kirsty williams am also agreed with sian gwenllian am that testing was crucially important in dealing with this crisis and the ability to be able to test , to trace and to quarantine would be critical to the next phase .
