dawn bowden am asked about the methods to include more vulnerable children to the hubs and to begin with , kirsty williams am suggested that this challenge was faced by the four nations .
the welsh government , together with local authorities and local education systems were looking to support families whose children had special education needs in a number of ways , including to decrease risks for hiring a social worker .
moreover , dawn bowden am assumed that appropriate referral mechanisms should still be in place , which was agreed by kirsty williams am who added that schools should remain in contact with children and continue to identify vulnerable children .
