as being questioned by suzy davies am about continuing studies at home during the lockdown , kirsty williams am suggested that educationalists and social services staff had really reached out to families and they intent to make sure that families with difficulties were aware of the support that was available out there for them and their children .
meanwhile , local authorities were encouraged to keep in contact with families to recognize their special needs for student education at home .
