now , estyn was used as part of the accountability system .
since the systems were evolving all the time , the estyn itself inspection regime was changing as well .
now , they were moving to a system where estyn would be more regularly in schools .
although there were two systems , they were different and they looked at different things .
the categorization system they used now was how they looked for those ways of identifying support for schools .
