kirsty williams am first introduced the difficult situation as being face by these group of children , whose educational journey would be slightly different with others .
and it was always important that children could have an equal opportunity and have equal access to learning at this time .
to tackle the challenge , hwb digital learning platform had been heavily invested and the government had also invested heavily in the national purchasing of microsoft office and google for education tools , which were available to all families .
meanwhile , connection to the internet would further be assured .
