kirsty williams am shared that the government were working closely with local authorities to understand what school had already done , for instance lending chromebooks , ipads and laptops to children .
schools should make sure that students ' access to current education patterns were available to all .
besides , nationwide purchase of digital learning tools , the government was also looking to purchase and distribute mi-fi connectivity on a national level .
last but not least , the government and local authorities were together continuing to identify education gap and decided to repurpose some of the resources which had been previously identified for the edtech investment , using those resources to fill this particular gap .
