to get the students who planned to enter college for the next step , kirsty williams am introduced that last week , on hwb , they were able to launch a programme for year 13 students to help them get ready for university .
on the hwb website , students would be able to see the subject listings , everything from animal science through to law , politics , history and science , with links through to higher education and further education courses that students could avail themselves of .
there was also a section on preparation for essential study skills , whether that was report writing or academic writing.similar preparation like the help from career advice website was also accessible .
meanwhile , new materials and resources would be developed .
