suzy davies am asked whether the money of the student support regime would decrease since students were currently studying at home at a much lower cost .
kirsty williams am made it clear that there would be no change on that , as the same amount of money would go to students ' accounts as a way of assuring students ' attendance and the family 's confidence under the extreme situation .
