the discussion about the questions of minister started with the issue of economic update , and then it turned to discuss the federal support for the provinces .
the following topics were systemic racism .
hon .
chrystia freeland emphasized that systemic racism had existed in all federal institutions in canada .
