the meeting was mainly about the provision of textbooks and learning resources for pupils .
to start with , philip blaker generally introduced the position of qualification wales in the education system , focusing on the design of the qualifications and then the delivery of the assessment .
meanwhile , gareth pierce talked about the process of making teaching materials available bilingually , both in english and welsh language .
it was suggested that both versions be carried out simultaneously to ensure equity .
concerns were also raised about whether the procedure would delay the availability of the textbooks .
what 's more , the meeting also discussed the digitalization of materials .
the council worried that the lack of digital accessibility and digital literacy would have an impact on pupils ' performance .
however , it was concluded that the process would widen the access to different materials .
the meeting also talked about the timetable of the curriculum reform and the general plan for the future , mainly on the qualification and teaching materials .
