according to kirsty , school was going to need a little bit of extra support , so it was not always just a crisis that needed extra support .
there were just general things that happen in the life of a school that could lead to it .
however , it was also right that they had a particular challenge in the secondary sector .
that 's why they had introduced the new pilot to address those schools .
if they carried on doing the same thing , they would keep getting the same results , which was not satisfying enough .
