gareth pierce was aware that many websites they referred to in their resources and many case studies were purely in english , while it was the welsh language that was used in the educational context .
gareth pierce believed it was very unfortunate for different schools to translate materials independently from each other , concluding that it would be necessary to translate materials in both languages to enable teachers to refer to terms in both languages .
