darren millar thought replacing textbooks would cause a lot of pressure and extra work for teachers and students , believing that the textbook was a basic element for children to learn and revise and an essential core piece for qualification .
also the digital resources were not accessible for everyone even in wales .
darren millar an was also worried some learners would face disadvantages as a result of textbooks , who might not adapt digital contents well .
