about the accessibility of digital resources , mike ebbsworth held that the teachers could print the materials to suit the learners at any given time , while gareth pierce believed that the technology , as well as the content of a textbook in some form , was vital .
they both agreed that the digitalization process would add flexibility to the teaching materials .
about the pupils ' adaptation of digital contents , the wjec thought digital literacy was a basic skill for examinations as a-level or gsce .
also it was hard to evaluate whether it was the lack of textbooks that affected pupils ' performance , as there were so many factors .
