darren millar am thought it was inappropriate to delay the availability of a textbook that was already late on schedule so that the two language version could be published on the same day .
john griffiths worried that the approach would potentially put english students using the english-language version or welsh students using the welsh-language version at a disadvantage .
