gareth pierce believed that there were different types of unfairness in different individuals ' opinions .
it was hard to judge what sort of inequality could be having an impact on young people in therms of achievement .
so gareth pierce did n't think he could go any further than acknowledging any inequality was unfair .
