according to hefin , some regional consortia services performed really highly , but there were others that needed to improve .
those consortia shall be seen as working together on a national approach , but being delivered on a regional basis .
also , it had evolved over time , and they were constantly looking for optimum delivery .
by taking education through regional working as an example , they had pointed out that erw as well as the education achievement service eas was constituted in a different way to the central south consortium .
they delivered on a regional basis .
they would continue to discuss with erw what was the optimal way and continued to cooperate with the constituent local authorities about how that shall be organized .
