the meeting started off with petitions from members that included appeals to the government to take action on issues such as raising the minimum wage for essential workers .
the members then moved on to giving statements that included recognition for people who had recently lost their lives , as well as praise and criticism for efforts by the government and private organizations .
finally , the members quizzed ministers on various issues facing various groups such as farmers and women .
