condolences were shared to the families of the people who were involved in a fatal accident in placentia bay .
sadly , mr. dufuor , mr. rogers , and mrs. louise feltham also passed away the week before .
condolences were also given to the essential workers who lost their lives in service of others .
