the liberals were accused of promoting the harmful status quo of maintaining the ban on blood donations from gay men and trans women .
additionally , they , together with the conservatives , were also accused of using the emergency wage subsidy to fund their own partisan activities at the expense of vulnerable citizens .
