funds were requested to help fight human trafficking that affected vulnerable women and girls .
there was concern for the rise in women abuse going up by as much as 400 % and funds to support organizations to fight this not being released .
additionally , the members were made aware of the stripping of titles from first nation women .
