the meeting was about the impact of brexit on the capacity of wales ' higher education system and some future risk assessments for the higher education institutions .
the group discussed some current problems caused by brexit , and the efforts they have made for current and future risks , on discussing the brexit 's impact on program eramus and international mobility .
finally , the group discussed the financial funding barriers and future financial forecast for wales ' higher education system .
