first , the economic impact of brexit is shown in a number of ways , like the extent to which the he sector in wales is exposed to sources of income that are located from the eu .
we can also see some changes in students ' applications and in increasing difficulties of the eu collaborative research activities .
in terms of the financial impact , if it is accepted that the uk is a net contributor to the eu then , presumably , some of wales ' money will go straight into politics , and the benefits are unknown , which will become a matter of politics .
in terms of recruitment , both european union-domiciled applicants to wales and non-eu international students decreased , who applied to welsh institutions .
while the number for both groups of students who apply to english universities increased .
