the funding position would be the main pressure .
the recommendations for re-establishing funding at welsh institutions are expected to take quite a bit longer .
wales institutions are still funding at a lower level .
then , as for enrollments , there is also the start of a reduction , both in welsh-domiciled and english-domiciled applications to wales .
and finally , the uncertainty about potential consequences that could arise from the review in england of fees and funding—the augar review .
