he thinks there may be two reasons .
the first one is about the change in student support arrangements for eu students , which will have an effect of perturbation .
wales ' institutions ' fee level is slightly lower , but they do struggle in terms of the anglocentric nature of the media and so on .
the other dimension is about the attractiveness of the higher institutions in a highly competitive recruitment market .
wales universities do n't have enough investment in facilities , and particularly buildings and kits .
