according to mr. blaney , there 's a welsh government he brexit working group , providing early summaries of the risks and the potential impact , in terms of the exposure of the sector to eu-sourced funding .
beyond that , the working group will also share the work that institutions are doing individually to look at how they would respond to different scenarios , which has n't been implemented yet .
