according to mr. blaney , there are two dimensions .
fee and access plans are approved annually by mr. blaney 's group .
they go through their financial sustainability , which is based on their forecasts and data .
and also , the fee plans themselves make assumptions about how many students of different types are going to be recruited .
unless the institutions can find other students , and they will reduce the amount of investment in the various activities that are identified in the fee plans .
