they touched on contingency plans , which also focus on promotion and look for additional or increased sources of funding , and touched on strengthening the global wales engagement in order to sell wales .
the other sector that they worked on is the funding of infrastructure .
so they worked with uk universities to make arguments at uk government level .
