bethan owen thinks that they can advise based on visible data and information and on their judgment .
the big thing in this whole brexit scenario contains so much uncertainty .
and according to dr david blaney , they have varied links into institutions , having lots of conversations , getting information for the assessment about the financial sustainability of the institutions , assessing governance and management levels and foreseeing challenges .
