according to bethan owen , seven of the universities are referring to mobility , so they are including an element of it from their own income and fee and access income .
however , erasmus is such a well-established and long-term plan that to implement anything similar to it would be much less efficient and much more costly , so replacing it would be a challenge .
