they were the first of the funding councils in the uk to have a memorandum of understanding with the national union of students in wales , ahead of the rest of the uk in requiring all he providers to have student charters and there are elements of student protection within the student charter .
they 're also requiring further education institutions who are regulated and deliver higher education to do similar or the same , and that 's very important .
