first of all , whether the brexit deal might impact adversely on the capacity of the collaborations is still unknown .
but we 've mentioned playing into horizon europe , and being able to continue with that would be an important part of that capacity .
wales should maintain the quality , maintain the impact , and hopefully grow the critical mass .
dr david blaney thinks that they are already showing dividends in terms of the capacity to win more research funding , and to establish an even stronger presence in the international research market .
