kirsty believed that it was really important for them to understand how neath port talbot intended to support their schools and their teachers if they were to withdraw from erw , especially at what was a critical time .
they wanted to know from neath port talbot how they were going to do that without being part of the organization .
additionally , kirsty was curious about how they were going to safeguard their schools and make sure that the children who were receiving their education in neath port talbot were not disadvantaged if they were to follow through on that decision .
