the meeting was mainly about the welsh baccalaureate .
the committee began with the value of the baccalaureate .
there have been young people who entered universities with a baccalaureate qualification .
the goal of the committee was to further refine the qualification to balance it with other qualifications that had been recognized by universities and school leaders such as a-levels .
the grading system has been admitted to be rigorous .
students were expected to be evaluated on their individual ability .
although universities showed ambivalent attitudes towards the baccalaureate , its advantage could not be denied .
the committee aimed to aid financially in the welsh schools in organizing the baccalaureate and offering its corresponding courses of high quality .
