kirsty williams admitted that the grading system was rigorous and equivalent to a-level .
a ucas tariff associated with it , and it was the individual ability that was evaluated by the system .
about the resit issue , the committee agreed that wjec and the qualifications wales was supposed to regulate this .
