kirsty williams assured the committee members that the grading system was rigorous and it focused on the students ' ability to think independently .
when dawn bowden challenged the value of the welsh baccalaureate , kirsty williams defended its qualification by demonstrating its tariff for ucas .
he reiterated that the evaluation engaged and expanded the acquisition of knowledge and skills .
