suzy davies doubted that teachers might not pay enough attention to students ' preparation for the baccalaureate and were prone to `` spoon-feed '' .
kirsty williams , however , pointed out that this was unlikely to happen , for different from the a-levels which graded students under the particular syllabus of each subject , the baccalaureate evaluated the personal project and the ability of independent thinking .
