the committee members disagreed on the universities ' attitudes .
hefin david pointed out that according to the response of an online survey , universities such as cardiff university refused to consider the baccalaureate as a fair substitute for a full a-level .
however , kirsty williams claimed that he had a personal commitment to establishing the recognition of the baccalaureate with the universities and almost all welsh universities recognized the baccalaureate as a qualification .
in the end , despite the ambivalent attitudes of universities , the committee had to admit that the admissions practice was decided by universities and the baccalaureate qualification still required refinement .
