no , kirsty williams still showed confidence in the value of the baccalaureate .
despite the committee members ' provision of contradictory evidence , he emphasized the importance of the communication with universities .
kirsty williams believed that the baccalaureate was a beneficial endeavour for students to undertake before their entrance to the universities , rather than a detriment .
