the committee members expressed their hope that all schools would be able to organize the baccalaureate , as well as its corresponding training courses .
via their professional programs , there would be more available support for teachers to ensure that they had the skills and the confidence to deliver the qualification in a high-quality manner .
financial support would be provided as well .
