kirsty williams explained to the committee members that the funding would go via consortia to schools .
individual schools had the right to plan independently in which aspects they would spend the money in order to meet the professional learning needs of their staff .
thus , if the schools realized that they had particular needs for the baccalaureate , they would spend the money in the area to seek improvement .
