janet finch-saunders worried about the narrowing of the curriculum at key stage 4. kirsty williams assured her that the skill challenge certificate actually ensured a broad variety of choices available .
he added that the qualifications wales had reviewed into the qualification to see whether the teachers were too onerous and if there was any duplication in students ' examinations .
as for the welsh learners who chose england institutions instead of welsh ones , kirsty williams explained that the reasons behind might be various and hard to quantify .
