kirsty williams admitted that the crossing and moves were happening and did not deny the evidence as sian gwenllian implied .
on the contrary , he believed that the reason behind the crossing was complicated and hard to quantify .
he exemplified some of them : the eagerness to adjust to the english system , the nature of the offer ( the combination of the a-levels that institution offered ) , etc .
in conclusion , kirsty williams believed that no effective evidence could demonstrate that the avoidance of the baccalaureate was the sole driver for the students choices to move to other areas .
