on the topic of teachers ' training , kirsty williams quoted from the ite programmes that teachers should be able to help children and young people to make links across their learning , bringing together different aspects to examine important topics such as citizenship , enterprise , financial capability and sustainability .
the shifts in pedagogical principles were expected accordingly .
