the meeting was with the special committee on the covid-19 pandemic .
first of all , petitioners presented several petitions including to call the government to implement a wage supplement .
later the committee expressed the thanks to different departments and people for the contribution to the society under the covid-19 situation .
when it came to questions , the committee discussed the financial support from the government to various industries as well as groups to ensure equal rights of different groups of people , especially the most vulnerable ones .
moreover , the meeting discussed the new law in hong kong and issues related to community services in canada .
in the end , the committee discussed the recent and upcoming solutions to battle the covid-19 concerning various aspects .
