the petitioners had asked the government to implement a wage supplement as a temporary measure to bring the wages for those who were in contact with the general public and working in what had been deemed an essential service to no less than $ 20 an hour , in light of their service and the risks they were taking for all canadians .
