mr. blake richards suggested that tourism week in canada , the annual celebration was a time to recognize the contributions and experiences of canada 's tourism industry .
the ongoing coronavirus crisis had closed provincial and international borders to recreational travel , and tourism operators from coast to coast had been among the first and hardest hit due to the government-mandated lockdowns .
the 1.8 million canadians whose jobs depended on a thriving tourism sector were counting on it .
