hon .
larry bagnell ( yukon , lib . )
suggested that as a great historic canadian event last week , yukon became home to canada 's first university north of 60. yukon university would provide yukoners with educational opportunities closer to home , expand the research capabilities and expertise on the arctic and climate change and allow those who want to study northern and first nations governance to do so in the north .
