hon .
chrystia freeland suggested that after what it had been learned this week , all options must be on the table when it came to how care for the elders would be provided in canada in the future .
currently , it is clear to all that root-and-branch reform was necessary .
all participants would need to act with speed but not haste , and work with the provincial partners .
