according to kirsty , it was the current model .
although they failed to persuade the local government to adopt a new national model , the local authorities had already seen the value in it .
however , they were at the stage looking to a wholesale review of the national model .
now they were all focusing on the work of implementation .
at the same time , they had the risk of losing focus because of the emphasis on the curriculum and other aspects of the educational system .
