hon .
mary ng suggested that canada , with our international partners in the u.s. , australia and the u.k. , made a joint statement in which countries were expressing deep concern regarding china 's imposition of a new security law for hong kong .
moreover , with hundreds of thousands of canadians living in hong kong , the government had a vested interest in hong kong 's stability and prosperity , the foundations of which were hong kong 's relative autonomy and basic freedoms .
canada would always support and promote freedom of speech , freedom of expression and freedoms of the press around the world .
