hon .
carla qualtrough ( minister of employment , workforce development and disability inclusion ) said that it could be confirmed that the government would increase the wage subsidies for canada student jobs .
the program had added flexibilities , including the ability to have part-time work and the ability to have the jobs extended until february of next year .
that said , the budget was not changed .
it remains at 70,000 job placements for 70,000 students , with 100 % of them being subsidized at 100 % .
