hon .
steven blaney questioned that the canada emergency student benefit did not encourage young people to go to work , and employers had difficulty hiring them .
yet they had applied for the canadasummer jobs program .
hon .
carla qualtrough ensured the committee that the member opposite was not implying that offering young people income support that they took out of necessity would make them not want to work .
the reason why the government was creating these additional jobs beyond the canada summer jobs program was the young people wanted to serve the community .
