hon .
chrystia freeland introduced that the government was very committed to removing barriers to interprovincial trade .
it was something that we have been working on with the premiers .
obviously the coronavirus has taken precedence in recent weeks , but it 's a priority .
it was the right thing to do .
the government had been meeting every week for more than two months , to be focusing on the urgent threat posed by the coronavirus to ensure that there would be no delay .
