kirsty admitted that they were now in a strange situation .
what they were trying to work to was that they would have ongoing provision .
also , they were trying to create a system that would run uniformly .
such was a rapidly-evolving problem and the scale was something that they had not seen in 100 years .
therefore , they would have to evolve and iterate things as they went .
now they were worried about displacement activities .
during the holidays , every head teacher would be in school on monday with their staff .
