based on kirsty 's words , this was a potential .
the local authority had already chosen some locations and was already having communications with how they would then staff the centers .
the local authorities were best placed to understand what was the best , pragmatic use of the resources that they had available , and of course those resources , primarily , were human beings .
they wanted to give the parents confidence that , when they left their child with us , that child would receive something really worthwhile , and they could direct all of their attention to doing their job .
