kirsty believed that it was a devastating decision to have been taken .
but they had done so on the very clear and unambiguous advice from qualifications wales .
they were dealing with a situation that requires human beings to be involved in it , and those human beings could find themselves unwell .
therefore , their best attempts would be to maintain the normal rhythm of an exam 's day in august , but that had to be caveated by the fact that they were dealing with difficult circumstances .
with regard to as-levels , no final decision has been made for exactly how those students would be treated .
there were a range of options that could be used .
with regard to other types of qualifications , the vast majority of btecs was a modular continually-assessed piece of work , and they would have every expectation that btecs would be able to be awarded .
