the answer was positive .
the views of university and how university terms might be impacted was one of the ways and one of the reasons that they had factored in to making these decisions .
the discussions with universities were ongoing .
the conversations would continue as they work through the practicalities of how the gradings that were awarded were going to feed through into university admissions decisions and enrollment .
