according to kirsty , they had been very impressed with the maturity and forward-planning that had been adopted by all of those institutions and their representative bodies .
they had got consistency in the approach and a common desire , and investment in moving towards online support for students .
there was still a safety net idea .
colleges had indicated , as with schools , that , for the most vulnerable learners , they would have something in place that might permit attendance on an individual basis .
any welsh government support going to stay , whatever the circumstances were .
they would do their best to ensure that there would be no disruption to ema .
