kirsty believed that universities were autonomous institutions - a status that they guarded jealously and they would never want to question .
colleges were in a similar position , looking to do as much as they could to provide continuity of learning via distance learning methods , and the bill , potentially , did give them more powers of intervention in both the fe and the he sector .
