actually , they did not anticipate any change in the approach to students .
individual student circumstances could well change and their expectation would be that the student loans company would respond to that .
there would undoubtedly in some cases be really typical challenges to service delivery , simply because organizations could be losing staff because of illness or the need to self-isolate or because they were reacting to social-distancing messages from the government .
they instituted a monitoring process very early on in the onset of the disease , not least because a number of institutions had campuses and activities in china and other parts of south-east asia .
and so , as the disease had progressed , they had seen lessons being learned from the support for students who were in isolation coming from there to the uk .
