in huw 's opinion , there were lessons that would need to be taken on board .
there were established quality assurance and enhancement procedures in institutions to enable the tutors and other supporters to make sure that that material meets their needs .
the intention in all of these institutions was that they would complete their course of study .
therefore , they were confident that that system would be robust and would make sure that the students were getting a course of learning that met their needs .
