steve believed that it was set up to build collective efficacy because what people out there were seeing was a confusion of roles in what the regions were doing , and it was building that collective efficacy so everyone was behind the wheel .
they would have collective effort , but they needed to do more within the middle tier .
