during a prolonged period of closure , they had to acknowledge was what they were looking at—they would expect school staff—well-being staff , for instance in school—to be doing check-ins—phone check-ins , potentially , or facetime check-ins , with students , just to keep in touch with them as we go forward .
they would be looking to promote amongst young people a range of online facilities that were available—so , for instance , meic website—so , looking to use a variety of platforms .
