because that routine of going into school and that normality was one that they had needed and wanted to maintain .
they needed to understand , and kirsty thought that they would also have to recognize , that this support would have to be ongoing once they were back to normal , and they would have to continue to look to support children in the longer term who would have lived through this experience .
they were incredibly resilient , and they had been the champions of some of our public health messages .
they were so much better and so much more compliant on the whole 'washing your hands ' and things like that than even adults have been .
