according to kirsty , no formal decision had been made .
they were facing unprecedented circumstances .
the normal rules had to change and , those organizations , they would need them to be providing youth services for children when they were back to normal , and they would n't want to do anything that would undermine their ability to do that .
their call to the youth service was a call to arms , though .
