although highly challenged by the participants , kirsty williams am argued that the act had fulfilled the government 's objectives in regulating institutions , safeguarding contribution , managing fair access and protecting the principle of institutional autonomy .
these strategic aims were still really important but in the new situation , it was required to recognise the higher education and research bill across the border in england .
in this case , to continue fulfilling its national outcomes , the act should evolve by implementing new student support measures .
