the act was considered that the legislation itself was not strong enough by sian gwenllian am and kirsty williams am agreed that remit letters were a really important way in which national priorities could be preserved .
moreover , it was stressed that it was important to make the distinction between the scale of private providers , and what could be termed as 'unregulated providers ' in the welsh system .
in this case , they should be designated on a case-by-case basis and always be able to protect the interests of the students .
besides , kirsty williams am pointed out that the government had not identified an urgent reason to designate different types of courses as qualifying courses for the purposes of a fee limit , but in fact , the regulation for each type of them did differ from each other .
