to answer this question , kirsty williams am first introduced the achievements that the new system of student finance did again shift the parameters of influence that hefcw or any new tertiary commission could have in the different situations , as a direct result of the changing scenario .
moreover , it was a great success to see all institutions sign up to becoming living wage employers , all institutions sign up to the welsh government 's code of ethical procurement .
