huw morris started by introducing the focus on learning from other nations to track the information flows and help the universities in return .
meanwhile , kirsty williams am suggested a balance to be achieved by each part of the participants .
however , dawn bowden am questioned about hefcw 's use of informal measures which might not be as prevalent as they currently are .
kirsty williams am answered that it should be remembered that hefcw would surely be replaced , and a more flexible way would be adopted to control the financial codes of universities to assure the quality of the provision .
