to answer hefin david am 's question , kirsty williams am first stressed that the success of the fee and access plan relied on the understanding of whether an annual basis was an appropriate timescale for a university to be working to , and whether a long period was suitable for the act .
sometimes it was hard to make a final judgment since the futures of the students were unpredictable but the fee and access plans could always be one of the drivers for some of the improvements .
in the meantime , constant efforts had been put into communications with a range of stakeholders to continue developing legislative proposals to assure the fee .
