hefin david am questioned about the right balance between institutions with the strongest track records that were more highly regulated and those riskier private alternative providers .
kirsty williams am argued that more attention should be paid to focus on the inherent quality of those charitable status which was regarded as a key reference point in the operation .
although there were some concerns of some private providers , particularly in england , they should not be treated the same .
in this case , the government would regulate them on a course-by-course basis .
moreover , quality provision should be included and alternative providers would be given more attention .
