sian gwenllian am argued that there was evidence regarding the difficulties caused by hefcw having a legal duty to quality-assure all the provisions in two further education colleges .
this process was regarded as an anomaly or an unintended consequence of the act .
sian gwenllian am wanted kirsty williams am to explain the situation in that instance and further methods to assure governing qualities .
