kirsty williams am shared that the government had listened to stakeholders ' concerns regarding proposals to introduce a single quality assessment body .
and she stressed that the principles underlying any assurance regime would need to be coherent , effective and comprehensive .
besides , the quality framework should cover higher education to make it compatible with enqa , which was considered as highly important going forward , since it would be compatible with current uk-wide baseline standards to avoid specific problems for the he sector in wales .
although it might cause a stir , a change must be made in the new situation .
huw morris also suggested that greater synergy would be encouraged in the ways in which quality assurance and enhancement was undertaken in different areas of activity .
