the meeting was the fifth meeting of the house of commons special committee on the covid-19 pandemic .
first of all , petitioners presented several petitions concerning billc-7 , senate bill s-204 and virtual format of the covid-19 committee .
later , the meeting questioned the ministry on the pressing issues faced by the business sector in canada and the governments ' approaches towards the bad impact caused by covid-19 .
the government in return , introduced the pressing facts and assured the committee that a great number of actions had been taken into reality .
moreover , the meeting also discussed the rent assistance and ways to ensure the privileges of both the land owner and the farmers .
when it comes to the international affairs , the ministry restated the importance of one china agreement and said that the border issues were taken a close look by the government .
in the end , the ministry was challenged with the exact figures of the current situation in canada .
