the prime minister was challenged that a bus driver in vancouver who had been laid off as a public sector worker , could not access the federal wage subsidy while the opposite result happened to another worker in the airline industry .
the prime minister explained that the airline industry , like banking , like telecommunications , was a federal area of jurisdiction which could receive the promote wage subsidy .
however , under the current situation , the federal government was working hard to ensure equal distribution of the whole nation .
