hon .
catherine mckenna restated the answer several times that under the covid-19 situation , although the government was trying hard to cope with different issues while handling the projects at the same time , things took time to finish the process .
moreover , hon .
catherine mckenna assured the committee that the government was taking every method of solving the problem .
however , this answer was challenged by mr. luc berthold who insisted the ministry had not given an exact number .
