according to kirsty , they were trying to develop a broader range of data and statistics that gave them a whole picture of the education performance , rather than narrowing down on one simple indicator that told only one aspect .
they would use the program for international student assessment , and any other external assessments that came through organizations like oecd .
in addition , they believed that all the challenges and changes involved were made for the right reasons .
what was crucial was that it was about more intelligent use of data and what was truly telling about the system .
