hon .
patty hajdu ( minister of health ) introduced that the government had been very committed to improving access and affordability for prescription medications for all canadians .
the pmprb regulatory amendments would help canadians be able to afford their prescriptions , and canada would continue to be an important market for new medicines .
however , it was challenged that seniors were being particularly hard hit right now during this pandemic , yet seniors had not been given any direct support .
as a promise , the government assured the committee that appropriate attention had been paid to the senior patients .
