hon .
patty hajdu introduced that contact tracing was an important part of managing any outbreak .
in fact , the government had been looking at a number of ways to support increased contact tracing across the country , including working with provinces and territories to boost their capacity through human resources and volunteer organizations .
however , it was challenged that the privacy commissioner had suggested if there was also a crisis of confidence .
and it was assured that particular attention must be paid to transparency , privacy and ethical concerns to ensure privacy .
