it was believed that the farm sector would be taking the prime minister up on the suggestion that $ 250 million should be seen as an initial investment .
on the financial safety net that the government had in place for the farmers , called the business risk management program , which was announced up to $ 125 million in funding through agrirecovery and made changes to agristability that would help producers quickly .
