as a fact , 98 % of all the businesses in this country were small businesses , so they absolutely contributed enormously to the communities and were job creators .
that was why the government had put out significant measures .
for the canada emergency business account , over 550,000 small businesses have been approved and were getting that support .
