the meeting was about the potential consequences of the covid-19 in canada .
the members put forward several petitions to ask for further attention for the people in need , say , the children , the workers who would suffer unemployment , and the creators who made a living on artworks , and also many other stakeholders from all walks of life , trying to ensure the life quality of their people during such a harsh time .
some of the group members mentioned some social problems , including the economic depression , racial discrimination , social security , and the environmental pollution , to call for a maintenance of the wealthy and healthy community in canada .
through the discussion , it could be found that fortunately , some of the problems had been dealt with extra funds and cooperation with other related organizations .
