it was true that the change did make it more challenging .
but the changes were made for the right reasons .
by taking the example of learning english literature , they had come to a conclusion that they were making those changes because they believed that they were in the best interest of children , and that had to trump ease of comparison .
