justin trudeau was confident about the economic recovery after the pandemic , however , cathy mcleod and mona fortier and some other members did not agree with him for that they thought canada was undergoing an extreme uncertain time during which no one could foresee a bright future unless the prime minister kept the revenue report public .
furthermore , statistics showed that actually canada had suffered decline in revenue in both the first and second season this year , and the forestry industry even reported depression before the outbreak .
various evidence showed a great challenge to the canadian economy .
