when talking about the uncertainty of canadian economy and what the government should do , cathy mcleod mentioned that the forestry industry even suffered depression before the outbreak of the covid-19 .
the plants closed , and thousands of workers were unemployed .
meanwhile , both the art industry and fishery industry had received support from the government .
therefore , cathy mcleod asked for more attention to the forestry to help them go through the difficulty .
in response to her petition , ministers said that they did consider a lot of the solutions , including further investment and industrial revolution .
