since many members called for more governmental support for their respective industry , monafortier , as the minister of middle-class prosperity and associate minister of finance responded that canadian government had financially supported more than 2.5 million jobs with wage subsidy .
in addition , she promised to lay stress on supporting the industry , the workers , and all the canadians in their next working phase , as well as keeping the revenue report updated and public .
