the group mentioned that during the pandemic , countless individual businesses reported bankruptcy , which would do harm to social stability .
therefore , according to mona fortier , canadian government had tried a lot to support them .
however , not so many people were willing to accept the rent reduction , indicating that the policy might not be very effective .
another problem related to social safety was the handgun smuggling .
bill blair , the minister of public safety and emergency preparedness , in response to the firearms seizure issue , promised to implement a stronger gun control in the near future .
