the government said that they had carried out a plan of reducing the rent for those individual business to go through the harsh time of the pandemic , however , as bob saroya pointed out , not so many people were willing to accept the little fund from the government , which made the plan not effective at all .
mona fortier , in response to him , promised to follow up and monitor those businessmen and lords , as well as pay more attention to their cmhc support program .
