according to bill blair , gun violence in any of the communities was unacceptable , and it was important that governments and communities took steps to prevent guns from getting into the hands of criminals , especially during the special period of the pandemic outbreak .
in terms of the gun smuggling , he also said that in order to thoroughly ban the violence , they had to keep an extremely strong attitude and carry out strict laws over the gun issue .
