as john williamson , the member from new brunswick southwest mentioned , what service canada had done was far from enough .
service canada should be responsible for helping their people to adjust to the post-pandemic situation more quickly and recovering the national economy .
the government members tried to persuade him that the government was doing a lot to make the revenue condition clear to the public , and their support fund was already prepared .
also in terms of the support fund , bergeron went on to ask for a closer cooperation between canadian government and quebec to guarantee the regional development and stability during the pandemic .
