since there was a lot of absence in public service during the pandemic outbreak , john williamson thought the service canada should be to blame for their irresponsibility .
mona fortier justified themselves by illustrating that the government was always supporting the families , the industries , and the workers by offering support funds .
however , what the public would like to see was complete and exact statistics of the financial support from the government , but not always claiming that `` they were doing hard '' .
