when it comes to the cooperation between two levels of government , bergeron said that canadian government once promised to offer $ 14 million to support quebec and other provinces to go through the difficulty , but only in targeted transfers .
notwithstanding how promising it seemed , under the current situation , what they needed might be an unconditional transfer , especially towards the medical care system .
under the pressure of the people , the government had to reconsider their cooperation of the armed forces in the chslds , as well as their support for quebeckers .
