meilyr rowlands introduced that the grant had been targeted far better by now than it was originally and it was very specific towards the different use of the fund in each aspect of the school day , especially for those students eligible for free school meals .
however , llyr gruffydd am questioned that research by ipsos mori and the wales institute of social and economic research , data and methods had shown that there was some kind of blurring .
meilyr rowlands indicated that although schools were not following the exact process , the spirit of pdg was included , which was fair enough .
