claire morgan first suggested that in the best schools , the headteachers consider themselves to be community leaders as well as headteachers , and they often set up arrangements where they engaged directly with the families of disadvantaged children or children who were under achieving generally .
and pdg would be used for appointing staff to these positions to connect the family with the school .
