claire morgan suggested that the first thing to do was to finish the inspection report , and the government should highlight the practice there .
in this way , detailed outcomes of the methods would be listed and would be shared in the conferences where different schools join in it .
but hefin david am challenged that it was not engaging and claire morgan argued that the learning process worthed trying .
