meilyr rowlands indicated that it was quite difficult to identify the cause and the effect in terms of the pdg but what was clear was that there had been some improvements by now .
using the same measuring method , in 2017 , there was a re-widening of the attainment gap between pupils on free school meals and those not on free school meals .
however , currently secondary schools were driven overly by performance indicators and the result turned out to be satisfying , though the exact result still remained unclear .
