to answer mark reckless am 's question , meilyr rowlands explained that any good organisation would welcome external scrutiny .
since there had been in the past systems of quinquennial reviews , it would be healthy to have that sort of external view , especially when estyn aimed at improving the current situation and adopting new changes .
