according to kirsty , there was no contradiction at all .
they were not in the business of trying to hide the data because it was absolutely in full transparency .
it was about how the data was used rather than about hiding data or making that data not available .
they needed to dig much , much deeper underneath the data .
