meilyr rowlands suggested that it was hard to compare ofsted and education scotland and the education training inspectorate in northern ireland with the decision to have estyn as an independent body inspecting schools and other institutions in wales .
different institutions did things slightly differently , but the government had benefited a lot from each one of them .
meilyr rowlands concluded that the use of the nominee and peer inspectors in particular supported the whole process in wales .
