john griffiths am suggested that one way was through community-focused schools that were very much accessible to the community , linked well with outside organisations , having an extended school-day offer .
meilyr rowlands agreed that it was a good method and the government was delighted to support the remaining schools which still participate in the process in every way .
it was concluded that a new mechanism should be added to avoid misunderstanding the role of community-focused schools .
