meilyr rowlands agreed that indeed in previous annual reports , the difference between primary and secondary did exist .
nearly three quarters of primary schools were doing well and about half of secondary schools were the same .
the reason seemed to be there was a widening of gaps when it moved from primary to secondary , but also it was from foundation phase to key stage 2 to key stage 3 to key stage 4. to conclude , meilyr rowlands suggested that a whole range of issues should be considered to help explain what had been identified about the gap .
