the government highlighted special schools as a successful sector in the annual report , since over 90 per cent of them were good or better .
schools cared for children with emotional and behavioural difficulties were improving and they worked as a team instead of competing with each other .
although the independent special sector over the cycle was slightly different , the overal achievements were significant .
