the group was focusing on the potential influence to the wales education system due to the brexit .
the members mentioned many institutions like the higher education funding council for wales and showed that these institutions had taken much action to deal with the problems .
some of the institutions funded higher education in wales , and others might help those universities find a better way to transit .
what the group aimed at was cooperating with the institutions and help the situation become better .
