when discussing the dilemma that the wales universities were faced with at the moment , kirsty williams pointed out that many factors would affect the fiscal situation of the universities , including whether it would be a `` no deal '' scenario or a `` deal '' one .
even though most worries were towards the `` no deal '' scenario , huw morris was confident that the higher education brexit working group had been meeting since september 2016 and recently officials had been visiting individual institutions to ensure that they were fully prepared for the potential fund problems .
