eluned morgan had been actively engaging with the fe sector and he found that those colleges are much localized , with only 71 eu apprenticeships and staff .
the group was working hard to ensure that these 71 people would safely go through such a chaotic period .
what 's also important was that as for fe , the relationship between the apprenticeships and the working community mattered much , which means they might have to improve the relationship between these 71 eu people and the local community .
