hefin david pointed out that wales was the only country in the uk that witnessed a significant drop in applications from eu students .
the group should have noticed that the available funding for those eu students had changed , and that was one of the reasons why fewer of them applied for wales universities this year .
but fortunately , according to kirsty williams , close cooperation with hefcw and other institutions were always on the agenda to make sure that wales universities were fully prepared .
