the workshop brought all the agencies together , along with their demands and interests .
furthermore , there was a planning group reflection for the next stage to which three commitments had been made .
first , values-led approaches were to be developed to bring multiple agencies together to have a common purpose .
the second was to develop ingredients for successful working .
the third was to determine the priorities of the next step .
