when discussing the funding to support wales universities to go through the financial problems , julie morgan mentioned that they have funded wales universities with 6.4 million dollars in 2017-18. kirsty williams added that they had actually made an additional resource of £5 million available to mitigate the freeze in tuition fees , and another £5 million had been made available to hefcw to kick-start the work on postgraduate support .
with the adequate funding , kirsty williams believed that there would be little need to worry about the fiscal problems of wales universities .
