according to kirsty williams , he was not quite in favor of a new immigration policy at first , for when post-study work visas were first issued in the south-east of england , the outcome was not so satisfying .
however , his attitude had changed .
as the locals usually did not take foreign students as immigrants , the government should treat the foreign students and those who came from eu as the same , which is to say , a new immigration system should be set to ensure that eu students and all the other foreign ones would receive the same treatment when seeking a job in wales .
