the group mentioned that wales government had promised a multi-annual commitment that it would help the wales universities to get through the transition period and operate well with enough funding .
however , some of the members thought that they could not always rely on the government and should have a budget plan for themselves .
for fear that they might only receive the governmental funding for those apprentices , the group agreed to keep the apprenticeship firmly , even if some areas like england had abandoned it .
