when discussing the official commitments , eluned morgan had great confidence in the government that they would provide firm support for the wales universities .
but as for llyr gruffydd , he did not think that the institutions would be able to rely on the official funding much , and more importantly , if they would like to enter into the agreements at present , they would interrupt their current work , which would also put themselves in great risk .
