julie morgan insisted that they were aware that different local authorities actually had adopted different patterns of providing early education .
and with the flying start programme being geographically targeted , with the education being determined by the local authorities , they knew that there was a variance throughout wales .
then they would like to see facilities developed in each local authority throughout wales that would answer the needs of the families and the children in those areas .
and it was demand-led and universally available to all parents who meet the eligibility criteria of working , so they believed the programme should be available to everybody .
