the team was aware that different local authorities actually had adopted different patterns of providing early education .
and with the flying start programme being geographically targeted , with the education being determined by the local authorities , they knew that there was a variance throughout wales .
next some of their care provision was universally available in certain areas .
then historically , that was definitely true , and they were certainly planning to expand it , developing a more integrated approach towards the early years .
finally they had got the system of inspection to ensure that .
