julie morgan certainly plans to expand the programme , which is believed to be a demand-led approach .
last they were managing it within the normal budgetary process , developing a more integrated approach towards the early years , and had got the system of inspection to ensure that .
because some of their provision was universally available in certain areas .
hence historically that was definitely true of the programme .
