nicola edwards alleged that it was not necessarily appropriate for teaching language to children , because they might be coming from families who did n't use welsh at home , but it is mainly about getting people to a point where they can transmit that language onwards in a confident and meaningful way .
