sian gwenllian pointed out that the issues with hmrc had come to light that had made the team suspended the programme for the hmrc would have put limits on that .
julie morgan answered that in terms of the welsh language standards that the minister had to use , there would be some difficulties in them doing it .
for instance this would be delivered via hmrc with the english offer , which would cause difficulties for the welsh offer .
so , they wanted something more flexible .
nicola edwards also agreed that the technical issues with hmrc for hmrc did provide a bilingual service at the moment for their customers in line with their welsh language scheme .
jo-anne daniels finally came to the conclusion that they could deliver a cheaper system with flexibility that the deputy minister had referred to by working with local authorities rather than hmrc .
