jo-anne daniels finally came to the conclusion that they could deliver a cheaper system with flexibility that the deputy minister had referred to by working with local authorities rather than hmrc .
at the moment , the extra cost would be about £2.5 million , which according to their initial estimate suggested that it would be less than the cost proposed by hmrc .
