it was a heated debate between the opposition party and the ministers .
the members from the opposition parties first pointed out some flaws in the government 's current measures in hoping to better implement them .
however , some of their suggestions were either not adopted or avoided .
the opposition party also addressed their concerns towards fiscal pressure , employment market and production of personal protective equipment in the midst of the pandemic .
the ministers listed a roll of policies that was either already in place or going to be .
finally , the opposition party named a few industries in canada such as agriculture , tourism and fishing that were struck seriously by the pandemic .
the ministers promised that more financial support was coming in order to engineer canada 's economy .
