the leader of the opposition party wished to know that race-based or discriminatory police practices still exist across canada .
the minister reassured that there would not be such a thing in the police system .
and also , the opposition party questioned about the inadequate long-term care facilities in canada , and the minister stressed that the government saw it as a matter of utmost concern and urgency .
