members from the opposition party questioned that employers from industry , businesses and community organizations that have been approved in the canada summer jobs program had not yet received the money they are entitled to .
the minister of families , children and social development answered that they were putting in strength to reinforce the program and allow it in reaching out to more unemployed students .
members from the opposition party raised their concern towards the weak job market due to the covid-19 , but the minister argued that they were still tackling obstacles to implement this policy in reality .
