since the government cancelled contracts with companies that were not able to meet canadian standards , the member highlighted that it should be supporting more local companies for production .
the minister answered that the government had been running multiple complementary supply chains at the same time , and were signing contracts with few more domestic companies .
however , the opposition party was skeptical about those companies and other possible companies receiving sufficient funds for production .
