according to the introduction of the opposition party , it has the power to introduce supply day motions and test government confidence .
and the opposition party hoped that through this regime , canada would take stronger diplomatic action on hong kong and gave more support for 300,000 canadians living there .
the minister of foreign affairs promised that the canada government would be continuing to raise voices to stand up for the people of hong kong .
