the opposition party raised the problem that thousands of canadian workers were exposed and vulnerable , and might experience bankruptcy anytime .
the opposition party also stated that the changes the government made last year to bankruptcy insolvency laws were largely cosmetic and would not protect workers ' and pensioners ' livelihoods once bankruptcy hits .
the minister explained that they were continuing to absolutely ensure that pensions are protected .
