the minister explained that the government was committed to advancing on the issues that have been identified by canadians with disabilities and they were continuing that engagement .
however , the opposition party argued that the support was delayed several times .
the minister argued that they had done a lot , such as establishing the covid-19 disability advisory group , comprising experts in disability inclusion .
