the opposition party stated that the government announced investments of $ 70 million to offset financial losses in the tourism industry across canada , but it was not enough .
there would be job losses and permanent closures of restaurants and boardwalk shops .
the minister of economic development and official languages explained that those who had experienced losses would be able to have access to the wage subsidy , the rent relief program , the ceba and acoa funding .
also , another minister explained that the prime minister and the minister of finance had committed an additional $ 1 billion to help those businesses that fall through the cracks .
