the minister placed assurance on coming out with a broader plan once the pandemic situation became more stable economically .
at the same time , coming into this pandemic in a strong fiscal position with the lowest amount of debt among the g7 countries gave the government opportunities to invest on behalf of canadians , and they would continue to take that approach .
and the minister promised that there would not be higher taxes .
