the opposition party stressed that the government needed to present a picture of the economic situation and a picture of its overall emergency measures .
the minister explained that they felt that it was very important to consider what that need to do in each phase of the recovery .
thus , they would not announce an overall recovery plan any sooner .
