janet finch-saunders spoke to amendments 2c , excluding 2d , to 2k , which related to the deputy minister 's amendment 2 on preparing a published report on the effect of abolishing the defense of reasonable punishment .
amendments 2e to 2k outlined what they would expect to be within the report .
amendment 2c requested that the welsh government prepared a report on the awareness-raising campaign and laid it before the assembly before section 1 commenced .
it was important that they were fully apprised of the awareness-raising campaign 's impact , which was elaborated under amendment 2d .
