suzy davies thought that one person 's technical issue was another person 's essential part of the legislative procedure and a keen element in scrutiny .
suzy davies was glad that amendment 8 had removed an order provision .
suzy davies thought amendment 3a was something of a probing amendment .
the amendment 3 seek to give a familiar range of powers in connection with the coming into force of section 1 , but it was not a separate commencement power .
amendment 3a was a holding position , which they would return this in stage 3 , because suzy davies thought this was an area where this might be valuable to discuss quite what kind of powers were required .
suzy davies thought there might be something that was beyond transitional , transitory and saving .
