the deputy minister understood that the impact of this bill on public services was concerned ; however , she said that they had done a thorough and extremely diligent job of considering the potential impacts of the bill before introduction .
she cited several people 's sentences , to demonstrate that the bill was removing a defense to an offence of common assault , which had formed part of the common law of england and wales for a very long time .
this was not a completely new area of costly activity for any of them .
the deputy minister thought all the evidence had shown that they did not anticipate that there would be a huge increase of a demand for funding , so she encouraged members to reject these amendments , which she thought were not necessary .
