as for the parenting issues , the legislation would go up to 18 years old , providing parenting information of different ages .
also , a mapping exercise would be carried out by officials to clearly identify existing gaps and opportunities to do more .
as for school issues , teachers would learn childcare legislation by attending training courses , and the group committee would provide procedures and processes needed to deal with different cases .
the discussion then further talked about health and communication problems , including the promotion of the work of health visitors , teachers ' responsibilities , and the intentions for mapping exercise in the next step .
