the healthy child wales programme and the role of health visitors were really crucial as providing universal service .
based on the bill , they could promote positive parenting by encouraging parents not to use physical punishment .
as for people who did not access the healthy child wales programme and the issues regarding coverage , the group would identify the gaps and relative measures with a mapping exercise .
