julie morgan said the team had done their best preparation to cover all eventualities , such as the awareness-raising campaign , a mapping exercise , and the arrangements of organizations .
later on , morgan told something about an in-the-round discussion with the cabinet , where some costings had been decided .
