huw david thought there were no unintended consequences if the bill was implemented carefully with the right resources .
then he talked about the increasing number of looked-after children in wales , and sally jenkins helped to explain the reasons for this .
alastair birch thought that there would be an increased focus on the uncrc .
in addition , children need to be part of the discussion in terms of children having a discussion around this point , which would affect them .
improving the voice of the child in any educational context would be good and powerful for children , which would be a positive unintended consequence , and it could reinvigorate some of the voice of the child discussion within various contexts .
