there were many reasons that had led to the increasing numbers of children becoming looked after across england and wales , and it was hard to identify a single reason .
increased austerity was a part of this .
in addition , an increased awareness of adverse childhood experiences and the emphasis of the impact on children of domestic abuse also affected this .
it was also because of our understanding of what happened to children in those households .
besides , changes in our practice with colleagues in the judiciary , changes in the police service , and changes in the preventative services were other elements .
