first , sally jenkins made it clear that very few numbers of families where they had long-term intervention currently .
what they do was they go in for short periods in families ' lives to work with them and their family members .
their aim was to get in and get out .
in terms of long-term intervention , they wanted families to find their own solutions .
to conclude , this was not a punitive approach from social services .
