huw david said that there had already existed legislation that covered those children who were currently being assaulted and abused by their parents which went on a daily basis .
however , the threshold of being abused was not clear , and children might be told that being smacked by their parents was acceptable .
however , it was necessary to know where the line is , and this would be a step forward .
