training requirements for all professionals in education settings were clear .
the bible in terms of education professionals included 'keeping learners safe ' .
therefore , the awareness needed to be clear for educational professionals that the duty to report was there .
when they feel the significant harm happened , they should report this and it would go to the childcare assessment team .
and schools were fundamental in the support for the families , since they had the relationships with the families .
