alastair birch did not think it was a matter of mistrust .
alastair birch said that part of the work with families , and most of the referrals they made were with parental consent .
this consent was a key element .
for those that were not referred at threshold , it would come back to school for some support .
