sally jenkins said that this was very broad .
colleagues in education , in social care , in preventative services , and also welsh government and the national assembly were key to this .
there were lots of routes that could go through in terms of raising awareness , including preventative services , universal services and regional safeguarding boards and the national safeguarding boards .
it was about that wider issue of awareness raising , and using all of those avenues would help us to do that in the broadest sense .
