there was no exact evaluation but dr frank atherton did think they should have a strong one .
the draft strategy also made an estimate in investment which would be £8 million to £10 million a year .
investment would be spent on different sources and they should pay more attention to extending them .
speaking of leadership , dr frank atherton agreed to its importance and made his own opinion that local leadership was essential and they should also have national oversight at the same time .
