having a target is more of its deliverability than just having it according to dr frank atherton .
since there had been not that successful examples , dr frank atherton considered that they must balance deliverability with challenge .
also , dr frank atherton thought a target was one tool in the box that they could use , but moreover , an evaluation which could help them know where they are was very needed .
at the same time , there was still a lot to achieve .
